******************************************************************************
             TMS320C2000 Linker PC v6.4.6                      
******************************************************************************
>> Linked Fri Jan 22 22:08:17 2016

OUTPUT FILE NAME:   <blink_LED_RTOS.out>
ENTRY POINT SYMBOL: "_c_int00"  address: 003e9673


MEMORY CONFIGURATION

         name            origin    length      used     unused   attr    fill
----------------------  --------  ---------  --------  --------  ----  --------
PAGE 0:
  OTP                   003d7800   00000400  00000000  00000400  RWIX
  FLASH                 003e8000   0000ff80  00003127  0000ce59  RWIX
  CSM_RSVD              003f7f80   00000076  00000000  00000076  RWIX
  BEGIN                 003f7ff6   00000002  00000002  00000000  RWIX
  CSM_PWL               003f7ff8   00000008  00000000  00000008  RWIX
  IQTABLES              003fe000   00000b50  00000000  00000b50  RWIX
  IQTABLES2             003feb50   0000008c  00000000  0000008c  RWIX
  IQTABLES3             003febdc   000000aa  00000000  000000aa  RWIX
  ROM                   003ff27c   00000d44  00000000  00000d44  RWIX
  RESET                 003fffc0   00000002  00000000  00000002  RWIX
  VECTORS               003fffc2   0000003e  00000000  0000003e  RWIX

PAGE 1:
  M01SARAM              00000000   00000800  000006aa  00000156  RWIX
  DEV_EMU               00000880   00000105  00000004  00000101  RWIX
  SYS_PWR_CTL           00000985   00000003  00000003  00000000  RWIX
  FLASH_REGS            00000a80   00000060  00000008  00000058  RWIX
  CSM                   00000ae0   00000010  00000010  00000000  RWIX
  ADC_RESULT            00000b00   00000020  00000020  00000000  RWIX
  CPU_TIMER0            00000c00   00000008  00000008  00000000  RWIX
  CPU_TIMER1            00000c08   00000008  00000008  00000000  RWIX
  CPU_TIMER2            00000c10   00000008  00000008  00000000  RWIX
  PIE_CTRL              00000ce0   00000020  0000001a  00000006  RWIX
  PIEVECT               00000d00   00000100  00000000  00000100  RWIX
  CLA1                  00001400   00000080  00000040  00000040  RWIX
  ECANA                 00006000   00000040  00000034  0000000c  RWIX
  ECANA_LAM             00006040   00000040  00000040  00000000  RWIX
  ECANA_MOTS            00006080   00000040  00000040  00000000  RWIX
  ECANA_MOTO            000060c0   00000040  00000040  00000000  RWIX
  ECANA_MBOX            00006100   00000100  00000100  00000000  RWIX
  COMP1                 00006400   00000020  00000014  0000000c  RWIX
  COMP2                 00006420   00000020  00000014  0000000c  RWIX
  COMP3                 00006440   00000020  00000014  0000000c  RWIX
  EPWM1                 00006800   00000040  00000040  00000000  RWIX
  EPWM2                 00006840   00000040  00000040  00000000  RWIX
  EPWM3                 00006880   00000040  00000040  00000000  RWIX
  EPWM4                 000068c0   00000040  00000040  00000000  RWIX
  EPWM5                 00006900   00000040  00000040  00000000  RWIX
  EPWM6                 00006940   00000040  00000040  00000000  RWIX
  EPWM7                 00006980   00000040  00000040  00000000  RWIX
  ECAP1                 00006a00   00000020  00000020  00000000  RWIX
  HRCAP1                00006ac0   00000020  00000020  00000000  RWIX
  HRCAP2                00006ae0   00000020  00000020  00000000  RWIX
  EQEP1                 00006b00   00000040  00000040  00000000  RWIX
  LINA                  00006c00   00000080  0000004a  00000036  RWIX
  GPIOCTRL              00006f80   00000040  00000040  00000000  RWIX
  GPIODAT               00006fc0   00000020  00000020  00000000  RWIX
  GPIOINT               00006fe0   00000020  0000000c  00000014  RWIX
  SYSTEM                00007010   00000020  00000020  00000000  RWIX
  SPIA                  00007040   00000010  00000010  00000000  RWIX
  SCIA                  00007050   00000010  00000010  00000000  RWIX
  NMIINTRUPT            00007060   00000010  00000010  00000000  RWIX
  XINTRUPT              00007070   00000010  00000010  00000000  RWIX
  ADC                   00007100   00000080  00000050  00000030  RWIX
  SPIB                  00007740   00000010  00000010  00000000  RWIX
  I2CA                  00007900   00000040  00000022  0000001e  RWIX
  L03SARAM              00008000   00002000  0000053f  00001ac1  RWIX
  PARTID                003d7e80   00000001  00000001  00000000  RWIX
  CSM_PWL               003f7ff8   00000008  00000008  00000000  RWIX


SECTION ALLOCATION MAP

 output                                  attributes/
section   page    origin      length       input sections
--------  ----  ----------  ----------   ----------------
.text      0    003e8000    0000288c     
                  003e8000    0000021d     ti.targets.rts2800.a28L : System.o28L (.text:_xdc_runtime_System_doPrint__I)
                  003e821d    000001f7     rts2800_ml.lib : trgdrv.obj (.text)
                  003e8414    000001a6     sysbios.a28L : BIOS.obj (.text:_ti_sysbios_knl_Semaphore_pend__E)
                  003e85ba    00000144     DSP2803x_SysCtrl.obj (.text)
                  003e86fe    00000107     rts2800_ml.lib : ll_div.obj (.text)
                  003e8805    00000102     ti.targets.rts2800.a28L : HeapStd.o28L (.text:_xdc_runtime_HeapStd_alloc__E)
                  003e8907    000000e9     sysbios.a28L : BIOS.obj (.text:_ti_sysbios_family_c28_Hwi_clearInterrupt__E)
                  003e89f0    000000cd                  : BIOS.obj (.text:_ti_sysbios_knl_Task_setPri__E)
                  003e8abd    000000c0     ti.targets.rts2800.a28L : LoggerBuf.o28L (.text:_xdc_runtime_LoggerBuf_write8__E)
                  003e8b7d    000000b7                             : Core-mem.o28L (.text:_xdc_runtime_Core_createObject__I)
                  003e8c34    000000b6     app_p28L.o28L (.text:_xdc_runtime_System_printfExtend__I)
                  003e8cea    000000a8     main.obj (.text)
                  003e8d92    00000096     sysbios.a28L : BIOS.obj (.text:_ti_sysbios_family_c28_Hwi_enableInterrupt__E)
                  003e8e28    00000094     rts2800_ml.lib : ankmsg.obj (.text)
                  003e8ebc    00000091     ti.targets.rts2800.a28L : Core-smem.o28L (.text:_xdc_runtime_Core_constructObject__I)
                  003e8f4d    0000008c                             : Error.o28L (.text:_xdc_runtime_Error_policyDefault__E)
                  003e8fd9    00000089                             : HeapStd.o28L (.text:_xdc_runtime_HeapStd_Instance_init__E)
                  003e9062    00000088     sysbios.a28L : BIOS.obj (.text:_ti_sysbios_family_c28_Hwi_disableInterrupt__E)
                  003e90ea    00000085                  : BIOS.obj (.text:_ti_sysbios_family_c28_Hwi_disablePIEIER__E)
                  003e916f    00000084                  : BIOS.obj (.text:_ti_sysbios_knl_Semaphore_post__E)
                  003e91f3    00000083                  : c28_Hwi_disp_asm.obj (.text:_ti_sysbios_family_c28_Hwi_dispatch)
                  003e9276    00000080                  : BIOS.obj (.text:_ti_sysbios_family_c28_Hwi_enablePIEIER__E)
                  003e92f6    0000007d     ti.targets.rts2800.a28L : LoggerBuf.o28L (.text:_xdc_runtime_LoggerBuf_write4__E)
                  003e9373    00000075     sysbios.a28L : BIOS.obj (.text:_ti_sysbios_knl_Task_checkStacks__E)
                  003e93e8    00000075     ti.targets.rts2800.a28L : Startup.o28L (.text:_xdc_runtime_Startup_startMods__I)
                  003e945d    00000072     sysbios.a28L : BIOS.obj (.text:_ti_sysbios_gates_GateMutex_enter__E)
                  003e94cf    00000070     ti.targets.rts2800.a28L : HeapStd.o28L (.text:_xdc_runtime_HeapStd_free__E)
                  003e953f    0000006c     sysbios.a28L : BIOS.obj (.text:_ti_sysbios_knl_Semaphore_Instance_init__E)
                  003e95ab    00000066                  : BIOS.obj (.text:_ti_sysbios_family_c28_Timer_stopAndClear__I)
                  003e9611    00000062     ti.targets.rts2800.a28L : Text.o28L (.text:_xdc_runtime_Text_putSite__E)
                  003e9673    00000061     boot.a28L : boot_cg.o28L (.text)
                  003e96d4    0000005a     rts2800_ml.lib : fs_mpy.obj (.text)
                  003e972e    0000004d     sysbios.a28L : BIOS.obj (.text:_ti_sysbios_family_c28_Hwi_dispatchCore__I)
                  003e977b    0000004b                  : BIOS.obj (.text:_ti_sysbios_knl_Task_postInit__I)
                  003e97c6    00000048                  : BIOS.obj (.text:_ti_sysbios_family_c28_Hwi_Module_startup__E)
                  003e980e    00000047     rts2800_ml.lib : cpy_tbl.obj (.text)
                  003e9855    00000043     sysbios.a28L : BIOS.obj (.text:_ti_sysbios_family_c28_TimestampProvider_get64__E)
                  003e9898    00000040     ti.targets.rts2800.a28L : Text.o28L (.text:_xdc_runtime_Text_putLab__E)
                  003e98d8    0000003f     sysbios.a28L : BIOS.obj (.text:_ti_sysbios_knl_Clock_workFunc__E)
                  003e9917    0000003f     ti.targets.rts2800.a28L : LoggerBuf.o28L (.text:_xdc_runtime_LoggerBuf_setFilterLevel__E)
                  003e9956    0000003e                             : Memory.o28L (.text:_xdc_runtime_Memory_alloc__E)
                  003e9994    0000003d     sysbios.a28L : BIOS.obj (.text:_ti_sysbios_family_c28_TaskSupport_start__E)
                  003e99d1    0000003d     ti.targets.rts2800.a28L : Core-mem.o28L (.text:_xdc_runtime_Core_deleteObject__I)
                  003e9a0e    0000003c     sysbios.a28L : BIOS.obj (.text:_ti_sysbios_family_c28_Timer_postInit__I)
                  003e9a4a    0000003c                  : BIOS.obj (.text:_ti_sysbios_knl_Swi_run__I)
                  003e9a86    0000003c     ti.targets.rts2800.a28L : LoggerBuf.o28L (.text:_xdc_runtime_LoggerBuf_getFilterLevel__E)
                  003e9ac2    0000003b                             : System.o28L (.text:_xdc_runtime_System_formatNum__I)
                  003e9afd    00000038     app_p28L.o28L (.text:_xdc_runtime_LoggerBuf_Object__create__S)
                  003e9b35    00000038     ti.targets.rts2800.a28L : Text.o28L (.text:_xdc_runtime_Text_putMod__E)
                  003e9b6d    00000037     app_p28L.o28L (.text:_xdc_runtime_HeapStd_Object__create__S)
                  003e9ba4    00000036     sysbios.a28L : BIOS.obj (.text:_ti_sysbios_family_c28_TimestampProvider_Module_startup__E)
                  003e9bda    00000036                  : BIOS.obj (.text:_ti_sysbios_knl_Swi_restoreHwi__E)
                  003e9c10    00000035                  : BIOS.obj (.text:_ti_sysbios_knl_Task_startCore__E)
                  003e9c45    00000033                  : BIOS.obj (.text:_ti_sysbios_knl_Task_Module_startup__E)
                  003e9c78    00000032     ti.targets.rts2800.a28L : Error.o28L (.text:_xdc_runtime_Error_print__E)
                  003e9caa    00000031                             : Startup.o28L (.text:_xdc_runtime_Startup_exec__E)
                  003e9cdb    00000030                             : LoggerBuf.o28L (.text:_xdc_runtime_LoggerBuf_Instance_init__E)
                  003e9d0b    0000002f     sysbios.a28L : BIOS.obj (.text:_ti_sysbios_family_c28_Hwi_getInterruptFlag__E)
                  003e9d3a    0000002f                  : BIOS.obj (.text:_ti_sysbios_knl_Swi_runLoop__I)
                  003e9d69    0000002f                  : BIOS.obj (.text:_ti_sysbios_knl_Swi_schedule__I)
                  003e9d98    0000002f                  : BIOS.obj (.text:_ti_sysbios_knl_Task_schedule__I)
                  003e9dc7    0000002f     ti.targets.rts2800.a28L : Assert.o28L (.text:_xdc_runtime_Assert_raise__I)
                  003e9df6    0000002f                             : Core-params.o28L (.text:_xdc_runtime_Core_assignParams__I)
                  003e9e25    0000002e     Boot.a28L : Boot.o28L (.text:.bootCodeSection:_ti_catalog_c2800_init_Boot_configurePll2802x)
                  003e9e53    0000002c     sysbios.a28L : BIOS.obj (.text:_ti_sysbios_family_c28_Timer_start__E)
                  003e9e7f    0000002c     ti.targets.rts2800.a28L : Error.o28L (.text:_xdc_runtime_Error_setX__E)
                  003e9eab    0000002a     sysbios.a28L : BIOS.obj (.text:_ti_sysbios_family_c28_Hwi_getStackInfo__E)
                  003e9ed5    00000029                  : BIOS.obj (.text:_ti_sysbios_family_c28_Hwi_unPluggedInterrupt__I)
                  003e9efe    00000029                  : BIOS.obj (.text:_ti_sysbios_family_c28_Timer_getExpiredCounts64__E)
                  003e9f27    00000029     rts2800_ml.lib : fs_tol.obj (.text)
                  003e9f50    00000027     ti.targets.rts2800.a28L : Text.o28L (.text:_xdc_runtime_Text_xprintf__I)
                  003e9f77    00000026     sysbios.a28L : BIOS.obj (.text:_ti_sysbios_family_c28_Timer_getExpiredCounts__E)
                  003e9f9d    00000026     ti.targets.rts2800.a28L : SysMin.o28L (.text:_xdc_runtime_SysMin_flush__E)
                  003e9fc3    00000024                             : System.o28L (.text:_xdc_runtime_System_processAtExit__E)
                  003e9fe7    00000022     sysbios.a28L : BIOS.obj (.text:_ti_sysbios_knl_Swi_post__E)
                  003ea009    00000022                  : BIOS.obj (.text:_ti_sysbios_knl_Task_blockI__E)
                  003ea02b    00000020                  : BIOS.obj (.text:_ti_sysbios_family_c28_Timer_setPrescale__E)
                  003ea04b    00000020                  : BIOS.obj (.text:_ti_sysbios_knl_Task_allBlockedFunction__I)
                  003ea06b    00000020                  : BIOS.obj (.text:_ti_sysbios_knl_Task_exit__E)
                  003ea08b    0000001f     ti.targets.rts2800.a28L : System.o28L (.text:_xdc_runtime_System_atexit__E)
                  003ea0aa    0000001e     app_p28L.o28L (.text:_ti_sysbios_gates_GateHwi_Object__create__S)
                  003ea0c8    0000001e     app_p28L.o28L (.text:_ti_sysbios_gates_GateMutex_Object__create__S)
                  003ea0e6    0000001e     ti.targets.rts2800.a28L : LoggerBuf.o28L (.text:_xdc_runtime_LoggerBuf_filterOutEvent__I)
                  003ea104    0000001d     sysbios.a28L : c28_TaskSupport_asm.obj (.text:_ti_sysbios_family_c28_TaskSupport_buildTaskStack)
                  003ea121    0000001d     app_p28L.o28L (.text:_ti_sysbios_knl_Semaphore_construct)
                  003ea13e    0000001d     app_p28L.o28L (.text:_xdc_runtime_SysMin_output__I)
                  003ea15b    0000001d     rts2800_ml.lib : memcpy.obj (.text)
                  003ea178    0000001c     ti.targets.rts2800.a28L : SysMin.o28L (.text:_xdc_runtime_SysMin_putch__E)
                  003ea194    0000001b     sysbios.a28L : c28_Hwi_asm.obj (.text:_ti_sysbios_family_c28_Hwi_switchAndDispatch__I)
                  003ea1af    0000001b                  : BIOS.obj (.text:_ti_sysbios_hal_Hwi_checkStack)
                  003ea1ca    0000001b                  : BIOS.obj (.text:_ti_sysbios_hal_Hwi_initStack)
                  003ea1e5    0000001b                  : BIOS.obj (.text:_ti_sysbios_knl_Task_processVitalTaskFlag__I)
                  003ea200    0000001a     ti.targets.rts2800.a28L : Core-label.o28L (.text:_xdc_runtime_Core_assignLabel__I)
                  003ea21a    0000001a     rts2800_ml.lib : cpy_utils.obj (.text)
                  003ea234    00000019     app_p28L.o28L (.text:_ti_sysbios_knl_Queue_construct)
                  003ea24d    00000019     sysbios.a28L : BIOS.obj (.text:_ti_sysbios_knl_Swi_restore__E)
                  003ea266    00000019     ti.targets.rts2800.a28L : System.o28L (.text:_xdc_runtime_System_avprintf__E)
                  003ea27f    00000019                             : System.o28L (.text:_xdc_runtime_System_putchar__I)
                  003ea298    00000019     rts2800_ml.lib : args_main.obj (.text)
                  003ea2b1    00000019                    : exit.obj (.text)
                  003ea2ca    00000018     sysbios.a28L : c28_Hwi_asm.obj (.text:_ti_sysbios_family_xxx_Hwi_switchAndRunFunc)
                  003ea2e2    00000018     ti.targets.rts2800.a28L : Memory.o28L (.text:_xdc_runtime_Memory_valloc__E)
                  003ea2fa    00000018                             : System.o28L (.text:_xdc_runtime_System_vprintf__E)
                  003ea312    00000018                             : Text.o28L (.text:_xdc_runtime_Text_printVisFxn__I)
                  003ea32a    00000017     sysbios.a28L : BIOS.obj (.text:_ti_sysbios_family_c28_Timer_startup__E)
                  003ea341    00000017                  : BIOS.obj (.text:_ti_sysbios_knl_Clock_addI__E)
                  003ea358    00000017     app_p28L.o28L (.text:_ti_sysbios_knl_Clock_doTick__I)
                  003ea36f    00000017     sysbios.a28L : BIOS.obj (.text:_ti_sysbios_knl_Semaphore_pendTimeout__I)
                  003ea386    00000017                  : BIOS.obj (.text:_ti_sysbios_knl_Task_unblockI__E)
                  003ea39d    00000017     ti.targets.rts2800.a28L : LoggerBuf.o28L (.text:_xdc_runtime_LoggerBuf_Module_startup__E)
                  003ea3b4    00000016     app_p28L.o28L (.text:_ti_sysbios_BIOS_atExitFunc__I)
                  003ea3ca    00000016     sysbios.a28L : BIOS.obj (.text:_ti_sysbios_family_c28_Timer_Module_startup__E)
                  003ea3e0    00000016                  : BIOS.obj (.text:_ti_sysbios_knl_Swi_Module_startup__E)
                  003ea3f6    00000016                  : BIOS.obj (.text:_ti_sysbios_knl_Task_restore__E)
                  003ea40c    00000016     ti.targets.rts2800.a28L : LoggerBuf.o28L (.text:_xdc_runtime_LoggerBuf_reset__E)
                  003ea422    00000016                             : SysMin.o28L (.text:_xdc_runtime_SysMin_abort__E)
                  003ea438    00000015     sysbios.a28L : BIOS.obj (.text:_ti_sysbios_knl_Idle_run__E)
                  003ea44d    00000013     app_p28L.o28L (.text:_ti_sysbios_gates_GateMutex_Object__delete__S)
                  003ea460    00000012     app_p28L.o28L (.text:_ti_sysbios_gates_GateHwi_Object__delete__S)
                  003ea472    00000012     sysbios.a28L : BIOS.obj (.text:_ti_sysbios_knl_Clock_Module_startup__E)
                  003ea484    00000012     app_p28L.o28L (.text:_xdc_runtime_LoggerBuf_Object__delete__S)
                  003ea496    00000012     ti.targets.rts2800.a28L : Text.o28L (.text:_xdc_runtime_Text_cordText__E)
                  003ea4a8    00000011     app_p28L.o28L (.text:_ti_sysbios_BIOS_errorRaiseHook__I)
                  003ea4b9    00000011     app_p28L.o28L (.text:_xdc_runtime_HeapStd_Object__delete__S)
                  003ea4ca    00000010     sysbios.a28L : BIOS.obj (.text:_ti_sysbios_family_c28_Timer_stop__E)
                  003ea4da    00000010                  : BIOS.obj (.text:_ti_sysbios_knl_Task_restoreHwi__E)
                  003ea4ea    00000010     ti.targets.rts2800.a28L : SysMin.o28L (.text:_xdc_runtime_SysMin_Module_startup__E)
                  003ea4fa    0000000f     Boot.a28L : Boot.o28L (.text:.bootCodeSection:_ti_catalog_c2800_init_Boot_disableWatchdog)
                  003ea509    0000000f     app_p28L.o28L (.text:_ti_sysbios_BIOS_removeRTSLock__I)
                  003ea518    0000000f     app_p28L.o28L (.text:_ti_sysbios_BIOS_startFunc__I)
                  003ea527    0000000f     sysbios.a28L : BIOS.obj (.text:_ti_sysbios_gates_GateMutex_Instance_init__E)
                  003ea536    0000000f     ti.targets.rts2800.a28L : Error.o28L (.text:_xdc_runtime_Error_raiseX__E)
                  003ea545    0000000f                             : Registry.o28L (.text:_xdc_runtime_Registry_findById__E)
                  003ea554    0000000e     app_p28L.o28L (.text:_ti_sysbios_knl_Semaphore_Object__destruct__S)
                  003ea562    0000000e     app_p28L.o28L (.text:_ti_sysbios_knl_Swi_Object__get__S)
                  003ea570    0000000e     app_p28L.o28L (.text:_ti_sysbios_knl_Task_Object__get__S)
                  003ea57e    0000000e     app_p28L.o28L (.text:_xdc_runtime_LoggerBuf_Object__get__S)
                  003ea58c    0000000d     app_p28L.o28L (.text:_ti_sysbios_BIOS_registerRTSLock__I)
                  003ea599    0000000d     app_p28L.o28L (.text:_ti_sysbios_BIOS_rtsLock__I)
                  003ea5a6    0000000d     sysbios.a28L : BIOS.obj (.text:_ti_sysbios_family_c28_Hwi_dispatchC__I)
                  003ea5b3    0000000d                  : BIOS.obj (.text:_ti_sysbios_family_c28_TaskSupport_checkStack__E)
                  003ea5c0    0000000d                  : c28_TaskSupport_asm.obj (.text:_ti_sysbios_family_c28_TaskSupport_swap__E)
                  003ea5cd    0000000d     app_p28L.o28L (.text:_ti_sysbios_gates_GateHwi_Handle__label__S)
                  003ea5da    0000000d     app_p28L.o28L (.text:_ti_sysbios_gates_GateMutex_Handle__label__S)
                  003ea5e7    0000000d     app_p28L.o28L (.text:_ti_sysbios_knl_Queue_Object__destruct__S)
                  003ea5f4    0000000d     sysbios.a28L : BIOS.obj (.text:_ti_sysbios_knl_Task_enter__I)
                  003ea601    0000000d     app_p28L.o28L (.text:_xdc_runtime_HeapStd_Handle__label__S)
                  003ea60e    0000000d     app_p28L.o28L (.text:_xdc_runtime_LoggerBuf_Handle__label__S)
                  003ea61b    0000000d     ti.targets.rts2800.a28L : System.o28L (.text:_xdc_runtime_System_abort__E)
                  003ea628    0000000c     app_p28L.o28L (.text:_ti_sysbios_BIOS_exitFunc__I)
                  003ea634    0000000c     app_p28L.o28L (.text:_ti_sysbios_family_c28_Hwi_disableIER__E)
                  003ea640    0000000c     sysbios.a28L : BIOS.obj (.text:_ti_sysbios_gates_GateMutex_leave__E)
                  003ea64c    0000000c                  : BIOS.obj (.text:_ti_sysbios_knl_Queue_put__E)
                  003ea658    0000000c     ti.targets.rts2800.a28L : Error.o28L (.text:_xdc_runtime_Error_check__E)
                  003ea664    0000000c                             : LoggerBuf.o28L (.text:_xdc_runtime_LoggerBuf_Instance_finalize__E)
                  003ea670    0000000c                             : LoggerBuf.o28L (.text:_xdc_runtime_LoggerBuf_write2__E)
                  003ea67c    0000000c     rts2800_ml.lib : memset.obj (.text)
                  003ea688    0000000b     app_p28L.o28L (.text:_ti_sysbios_family_c28_Hwi_Module__startupDone__F)
                  003ea693    0000000b     app_p28L.o28L (.text:_ti_sysbios_family_c28_Hwi_Object__get__S)
                  003ea69e    0000000b     app_p28L.o28L (.text:_ti_sysbios_family_c28_Hwi_enableIER__E)
                  003ea6a9    0000000b     app_p28L.o28L (.text:_ti_sysbios_family_c28_Timer_Module__startupDone__F)
                  003ea6b4    0000000b     app_p28L.o28L (.text:_ti_sysbios_knl_Queue_Object__get__S)
                  003ea6bf    0000000b     sysbios.a28L : BIOS.obj (.text:_ti_sysbios_knl_Task_enabled__E)
                  003ea6ca    0000000b     ti.targets.rts2800.a28L : LoggerBuf.o28L (.text:_xdc_runtime_LoggerBuf_write1__E)
                  003ea6d5    0000000b                             : SysMin.o28L (.text:_xdc_runtime_SysMin_exit__E)
                  003ea6e0    0000000b                             : System.o28L (.text:_xdc_runtime_System_exit__E)
                  003ea6eb    0000000b                             : Text.o28L (.text:_xdc_runtime_Text_ropeText__E)
                  003ea6f6    0000000a                             : LoggerBuf.o28L (.text:_xdc_runtime_LoggerBuf_write0__E)
                  003ea700    0000000a                             : Memory.o28L (.text:_xdc_runtime_Memory_free__E)
                  003ea70a    00000009     app_p28L.o28L (.text:_ti_sysbios_BIOS_rtsUnlock__I)
                  003ea713    00000009     app_p28L.o28L (.text:_ti_sysbios_family_c28_Hwi_restoreIER__E)
                  003ea71c    00000009     sysbios.a28L : c28_TaskSupport_asm.obj (.text:_ti_sysbios_family_c28_TaskSupport_glue)
                  003ea725    00000009                  : BIOS.obj (.text:_ti_sysbios_hal_Hwi_Module_startup__E)
                  003ea72e    00000009     app_p28L.o28L (.text:_ti_sysbios_knl_Task_SupportProxy_start__E)
                  003ea737    00000009     sysbios.a28L : BIOS.obj (.text:_ti_sysbios_knl_Task_unblock__E)
                  003ea740    00000009     app_p28L.o28L (.text:_xdc_runtime_Startup_exec__I)
                  003ea749    00000009     ti.targets.rts2800.a28L : System.o28L (.text:_xdc_runtime_System_vsnprintf__E)
                  003ea752    00000009     rts2800_ml.lib : _lock.obj (.text)
                  003ea75b    00000008     DSP2803x_CodeStartBranch.obj (.text)
                  003ea763    00000008     sysbios.a28L : BIOS.obj (.text:_ti_sysbios_BIOS_setThreadType__E)
                  003ea76b    00000008                  : BIOS.obj (.text:_ti_sysbios_gates_GateMutex_Instance_finalize__E)
                  003ea773    00000008                  : BIOS.obj (.text:_ti_sysbios_knl_Semaphore_Instance_finalize__E)
                  003ea77b    00000008     app_p28L.o28L (.text:_xdc_runtime_IHeap_alloc)
                  003ea783    00000008     ti.targets.rts2800.a28L : Memory.o28L (.text:_xdc_runtime_Memory_calloc__E)
                  003ea78b    00000008                             : SysMin.o28L (.text:_xdc_runtime_SysMin_ready__E)
                  003ea793    00000008     rts2800_ml.lib : strlen.obj (.text)
                  003ea79b    00000007     app_p28L.o28L (.text:.bootCodeSection:_ti_catalog_c2800_init_Boot_init)
                  003ea7a2    00000007     sysbios.a28L : BIOS.obj (.text:_ti_sysbios_knl_Queue_empty__E)
                  003ea7a9    00000007     ti.targets.rts2800.a28L : HeapStd.o28L (.text:_xdc_runtime_HeapStd_getStats__E)
                  003ea7b0    00000007     app_p28L.o28L (.text:_xdc_runtime_System_aprintf__E)
                  003ea7b7    00000007     app_p28L.o28L (.text:_xdc_runtime_System_printf__E)
                  003ea7be    00000006     sysbios.a28L : BIOS.obj (.text:_ti_sysbios_BIOS_start__E)
                  003ea7c4    00000006                  : c28_IntrinsicsSupport_asm.obj (.text:_ti_sysbios_family_c28_IntrinsicsSupport_maxbit__E)
                  003ea7ca    00000006                  : BIOS.obj (.text:_ti_sysbios_family_c28_TimestampProvider_rolloverFunc__E)
                  003ea7d0    00000006                  : BIOS.obj (.text:_ti_sysbios_family_c28_TimestampProvider_startTimer__E)
                  003ea7d6    00000006                  : BIOS.obj (.text:_ti_sysbios_knl_Swi_disable__E)
                  003ea7dc    00000006                  : BIOS.obj (.text:_ti_sysbios_knl_Task_disable__E)
                  003ea7e2    00000006     ti.targets.rts2800.a28L : Gate.o28L (.text:_xdc_runtime_Gate_enterSystem__E)
                  003ea7e8    00000006                             : Gate.o28L (.text:_xdc_runtime_Gate_leaveSystem__E)
                  003ea7ee    00000006                             : LoggerBuf.o28L (.text:_xdc_runtime_LoggerBuf_enable__E)
                  003ea7f4    00000005     sysbios.a28L : BIOS.obj (.text:_ti_sysbios_family_c28_Hwi_switchFromBootStack__E)
                  003ea7f9    00000005                  : BIOS.obj (.text:_ti_sysbios_gates_GateHwi_enter__E)
                  003ea7fe    00000005     ti.targets.rts2800.a28L : Error.o28L (.text:_xdc_runtime_Error_init__E)
                  003ea803    00000005                             : LoggerBuf.o28L (.text:_xdc_runtime_LoggerBuf_disable__E)
                  003ea808    00000005     rts2800_ml.lib : strcpy.obj (.text)
                  003ea80d    00000004     app_p28L.o28L (.text:_ti_sysbios_family_c28_Hwi_startup__E)
                  003ea811    00000004     sysbios.a28L : BIOS.obj (.text:_ti_sysbios_knl_Swi_startup__E)
                  003ea815    00000004     app_p28L.o28L (.text:_xdc_runtime_IHeap_free)
                  003ea819    00000004     ti.targets.rts2800.a28L : Memory.o28L (.text:_xdc_runtime_Memory_getMaxDefaultTypeAlign__E)
                  003ea81d    00000003                             : xdc_noinit.o28L (.text:___xdc__init)
                  003ea820    00000003     app_p28L.o28L (.text:_ti_catalog_c2800_init_Boot_limpAbort)
                  003ea823    00000003     app_p28L.o28L (.text:_ti_sysbios_BIOS_RtsGateProxy_enter__E)
                  003ea826    00000003     app_p28L.o28L (.text:_ti_sysbios_BIOS_RtsGateProxy_leave__E)
                  003ea829    00000003     sysbios.a28L : c28_Hwi_asm.obj (.text:_ti_sysbios_family_c28_Hwi_getIFR__I)
                  003ea82c    00000003                  : BIOS.obj (.text:_ti_sysbios_gates_GateHwi_leave__E)
                  003ea82f    00000003     app_p28L.o28L (.text:_ti_sysbios_hal_Hwi_HwiProxy_getStackInfo__E)
                  003ea832    00000003     app_p28L.o28L (.text:_ti_sysbios_hal_Hwi_HwiProxy_switchFromBootStack__E)
                  003ea835    00000003     sysbios.a28L : BIOS.obj (.text:_ti_sysbios_hal_Hwi_startup__E)
                  003ea838    00000003     app_p28L.o28L (.text:_ti_sysbios_knl_Clock_TimerProxy_getMaxTicks__E)
                  003ea83b    00000003     sysbios.a28L : BIOS.obj (.text:_ti_sysbios_knl_Idle_loop__E)
                  003ea83e    00000003                  : BIOS.obj (.text:_ti_sysbios_knl_Queue_Instance_init__E)
                  003ea841    00000003     app_p28L.o28L (.text:_ti_sysbios_knl_Queue_destruct)
                  003ea844    00000003     app_p28L.o28L (.text:_ti_sysbios_knl_Semaphore_destruct)
                  003ea847    00000003     app_p28L.o28L (.text:_ti_sysbios_knl_Task_SupportProxy_checkStack__E)
                  003ea84a    00000003     app_p28L.o28L (.text:_ti_sysbios_knl_Task_SupportProxy_swap__E)
                  003ea84d    00000003     sysbios.a28L : BIOS.obj (.text:_ti_sysbios_knl_Task_startup__E)
                  003ea850    00000003     app_p28L.o28L (.text:_xdc_runtime_LoggerBuf_Module_GateProxy_enter__E)
                  003ea853    00000003     app_p28L.o28L (.text:_xdc_runtime_LoggerBuf_Module_GateProxy_leave__E)
                  003ea856    00000003     app_p28L.o28L (.text:_xdc_runtime_LoggerBuf_TimestampProxy_get64__E)
                  003ea859    00000003     app_p28L.o28L (.text:_xdc_runtime_System_Module_GateProxy_enter__E)
                  003ea85c    00000003     app_p28L.o28L (.text:_xdc_runtime_System_Module_GateProxy_leave__E)
                  003ea85f    00000003     ti.targets.rts2800.a28L : System.o28L (.text:_xdc_runtime_System_Module_startup__E)
                  003ea862    00000003     app_p28L.o28L (.text:_xdc_runtime_System_SupportProxy_abort__E)
                  003ea865    00000003     app_p28L.o28L (.text:_xdc_runtime_System_SupportProxy_exit__E)
                  003ea868    00000003     app_p28L.o28L (.text:_xdc_runtime_System_SupportProxy_putch__E)
                  003ea86b    00000003     app_p28L.o28L (.text:_xdc_runtime_System_SupportProxy_ready__E)
                  003ea86e    00000003     ti.targets.rts2800.a28L : System.o28L (.text:_xdc_runtime_System_abortStd__E)
                  003ea871    00000003                             : System.o28L (.text:_xdc_runtime_System_exitStd__E)
                  003ea874    00000003     app_p28L.o28L (.text:_xdc_runtime_Text_visitRope__I)
                  003ea877    00000002     app_p28L.o28L (.text:_malloc)
                  003ea879    00000002     Boot.a28L : Boot.o28L (.text:_ti_catalog_c2800_init_Boot_defaultLimpAbortFunction)
                  003ea87b    00000002     app_p28L.o28L (.text:_ti_sysbios_family_c28_TaskSupport_Module__startupDone__S)
                  003ea87d    00000002     sysbios.a28L : BIOS.obj (.text:_ti_sysbios_family_c28_Timer_getMaxTicks__E)
                  003ea87f    00000002                  : BIOS.obj (.text:_ti_sysbios_gates_GateHwi_query__E)
                  003ea881    00000002                  : BIOS.obj (.text:_ti_sysbios_gates_GateMutex_query__E)
                  003ea883    00000002     ti.targets.rts2800.a28L : Error.o28L (.text:_xdc_runtime_Error_getSite__E)
                  003ea885    00000002                             : HeapStd.o28L (.text:_xdc_runtime_HeapStd_isBlocking__E)
                  003ea887    00000001     app_p28L.o28L (.text:_free)
                  003ea888    00000001     app_p28L.o28L (.text:_ti_sysbios_BIOS_nullFunc__I)
                  003ea889    00000001     sysbios.a28L : c28_Hwi_asm.obj (.text:_ti_sysbios_family_c28_Hwi_interruptReturn__I)
                  003ea88a    00000001                  : BIOS.obj (.text:_ti_sysbios_gates_GateHwi_Instance_init__E)
                  003ea88b    00000001                  : BIOS.obj (.text:_ti_sysbios_knl_Clock_logTick__E)

.econst    0    003ea88c    00000484     
                  003ea88c    00000100     app_p28L.o28L (.econst:_ti_sysbios_family_c28_Hwi_vectors)
                  003ea98c    0000005d     app_p28L.o28L (.econst:.string)
                  003ea9e9    00000001     app_p28L.o28L (.econst:ti_sysbios_family_c28_Hwi_Module__id__C)
                  003ea9ea    00000058     ti.targets.rts2800.a28L : Error.o28L (.econst:.string)
                  003eaa42    00000047                             : Log.o28L (.econst:.string)
                  003eaa89    00000001     app_p28L.o28L (.econst:ti_sysbios_family_c28_Hwi_NUM_INTERRUPTS_ALL__C)
                  003eaa8a    00000043     ti.targets.rts2800.a28L : Text.o28L (.econst:.string)
                  003eaacd    00000001     app_p28L.o28L (.econst:ti_sysbios_family_c28_Hwi_Object__count__C)
                  003eaace    0000002a     ti.targets.rts2800.a28L : Startup.o28L (.econst:.string)
                  003eaaf8    0000001e     app_p28L.o28L (.econst:xdc_runtime_LoggerBuf_Module__FXNS__C)
                  003eab16    00000014     app_p28L.o28L (.econst:xdc_runtime_HeapStd_Module__FXNS__C)
                  003eab2a    00000014     app_p28L.o28L (.econst:xdc_runtime_Startup_sfxnTab__A)
                  003eab3e    00000012     app_p28L.o28L (.econst:ti_sysbios_gates_GateHwi_Module__FXNS__C)
                  003eab50    00000012     app_p28L.o28L (.econst:ti_sysbios_gates_GateMutex_Module__FXNS__C)
                  003eab62    00000012     app_p28L.o28L (.econst:xdc_runtime_LoggerBuf_Object__PARAMS__C)
                  003eab74    00000011     ti.targets.rts2800.a28L : System.o28L (.econst:.string:_digtohex)
                  003eab85    00000001     app_p28L.o28L (.econst:ti_sysbios_family_c28_TaskSupport_Module__id__C)
                  003eab86    00000010     app_p28L.o28L (.econst:ti_sysbios_gates_GateHwi_Object__DESC__C)
                  003eab96    00000010     app_p28L.o28L (.econst:ti_sysbios_gates_GateMutex_Object__DESC__C)
                  003eaba6    00000010     app_p28L.o28L (.econst:ti_sysbios_knl_Queue_Object__DESC__C)
                  003eabb6    00000010     app_p28L.o28L (.econst:ti_sysbios_knl_Semaphore_Object__DESC__C)
                  003eabc6    00000010     app_p28L.o28L (.econst:ti_sysbios_knl_Semaphore_Object__PARAMS__C)
                  003eabd6    00000010     app_p28L.o28L (.econst:xdc_runtime_HeapStd_Object__DESC__C)
                  003eabe6    00000010     app_p28L.o28L (.econst:xdc_runtime_LoggerBuf_Object__DESC__C)
                  003eabf6    0000000e     app_p28L.o28L (.econst:xdc_runtime_HeapStd_Object__PARAMS__C)
                  003eac04    0000000c     app_p28L.o28L (.econst:ti_sysbios_gates_GateHwi_Object__PARAMS__C)
                  003eac10    0000000c     app_p28L.o28L (.econst:ti_sysbios_gates_GateMutex_Object__PARAMS__C)
                  003eac1c    0000000c     app_p28L.o28L (.econst:ti_sysbios_knl_Queue_Object__PARAMS__C)
                  003eac28    0000000a     app_p28L.o28L (.econst:xdc_runtime_Startup_sfxnRts__A)
                  003eac32    00000008     app_p28L.o28L (.econst)
                  003eac3a    00000007     ti.targets.rts2800.a28L : System.o28L (.econst:.string)
                  003eac41    00000001     app_p28L.o28L (.econst:ti_sysbios_family_c28_Timer_startupNeeded__C)
                  003eac42    00000005     ti.targets.rts2800.a28L : Assert.o28L (.econst:.string)
                  003eac47    00000001     app_p28L.o28L (.econst:ti_sysbios_family_c28_TimestampProvider_Module__id__C)
                  003eac48    00000004     app_p28L.o28L (.econst:ti_sysbios_knl_Idle_funcList__C)
                  003eac4c    00000004     app_p28L.o28L (.econst:xdc_runtime_Startup_firstFxns__C)
                  003eac50    00000004     app_p28L.o28L (.econst:xdc_runtime_Startup_lastFxns__C)
                  003eac54    00000002     app_p28L.o28L (.econst:ti_sysbios_family_c28_Hwi_A_badIntNum__C)
                  003eac56    00000002     app_p28L.o28L (.econst:ti_sysbios_family_c28_Hwi_A_invalidArg__C)
                  003eac58    00000002     app_p28L.o28L (.econst:ti_sysbios_family_c28_Hwi_E_unpluggedInterrupt__C)
                  003eac5a    00000002     app_p28L.o28L (.econst:ti_sysbios_family_c28_Hwi_Module__diagsEnabled__C)
                  003eac5c    00000002     app_p28L.o28L (.econst:ti_sysbios_family_c28_Hwi_Module__diagsIncluded__C)
                  003eac5e    00000002     app_p28L.o28L (.econst:ti_sysbios_family_c28_Hwi_Module__diagsMask__C)
                  003eac60    00000002     app_p28L.o28L (.econst:ti_sysbios_family_c28_TaskSupport_E_invalidStack__C)
                  003eac62    00000002     app_p28L.o28L (.econst:ti_sysbios_family_c28_TimestampProvider_Module__diagsEnabled__C)
                  003eac64    00000002     app_p28L.o28L (.econst:ti_sysbios_family_c28_TimestampProvider_Module__diagsIncluded__C)
                  003eac66    00000002     app_p28L.o28L (.econst:ti_sysbios_family_c28_TimestampProvider_Module__diagsMask__C)
                  003eac68    00000002     app_p28L.o28L (.econst:ti_sysbios_gates_GateMutex_A_badContext__C)
                  003eac6a    00000002     app_p28L.o28L (.econst:ti_sysbios_gates_GateMutex_Instance_State_sem__O)
                  003eac6c    00000002     app_p28L.o28L (.econst:ti_sysbios_gates_GateMutex_Module__diagsEnabled__C)
                  003eac6e    00000002     app_p28L.o28L (.econst:ti_sysbios_gates_GateMutex_Module__diagsIncluded__C)
                  003eac70    00000002     app_p28L.o28L (.econst:ti_sysbios_gates_GateMutex_Module__diagsMask__C)
                  003eac72    00000002     app_p28L.o28L (.econst:ti_sysbios_hal_Hwi_E_stackOverflow__C)
                  003eac74    00000002     app_p28L.o28L (.econst:ti_sysbios_knl_Clock_Module_State_clockQ__O)
                  003eac76    00000002     app_p28L.o28L (.econst:ti_sysbios_knl_Idle_funcList__A)
                  003eac78    00000002     app_p28L.o28L (.econst:ti_sysbios_knl_Semaphore_A_badContext__C)
                  003eac7a    00000002     app_p28L.o28L (.econst:ti_sysbios_knl_Semaphore_A_noEvents__C)
                  003eac7c    00000002     app_p28L.o28L (.econst:ti_sysbios_knl_Semaphore_A_overflow__C)
                  003eac7e    00000002     app_p28L.o28L (.econst:ti_sysbios_knl_Semaphore_A_pendTaskDisabled__C)
                  003eac80    00000002     app_p28L.o28L (.econst:ti_sysbios_knl_Semaphore_Instance_State_pendQ__O)
                  003eac82    00000002     app_p28L.o28L (.econst:ti_sysbios_knl_Semaphore_Module__diagsEnabled__C)
                  003eac84    00000002     app_p28L.o28L (.econst:ti_sysbios_knl_Semaphore_Module__diagsIncluded__C)
                  003eac86    00000002     app_p28L.o28L (.econst:ti_sysbios_knl_Semaphore_Module__diagsMask__C)
                  003eac88    00000002     app_p28L.o28L (.econst:ti_sysbios_knl_Task_A_badPriority__C)
                  003eac8a    00000002     app_p28L.o28L (.econst:ti_sysbios_knl_Task_E_spOutOfBounds__C)
                  003eac8c    00000002     app_p28L.o28L (.econst:ti_sysbios_knl_Task_E_stackOverflow__C)
                  003eac8e    00000002     app_p28L.o28L (.econst:ti_sysbios_knl_Task_Module_State_inactiveQ__O)
                  003eac90    00000002     app_p28L.o28L (.econst:ti_sysbios_knl_Task_Module__diagsEnabled__C)
                  003eac92    00000002     app_p28L.o28L (.econst:ti_sysbios_knl_Task_Module__diagsIncluded__C)
                  003eac94    00000002     app_p28L.o28L (.econst:ti_sysbios_knl_Task_Module__diagsMask__C)
                  003eac96    00000002     app_p28L.o28L (.econst:ti_sysbios_knl_Task_allBlockedFunc__C)
                  003eac98    00000002     app_p28L.o28L (.econst:xdc_runtime_Assert_E_assertFailed__C)
                  003eac9a    00000002     app_p28L.o28L (.econst:xdc_runtime_Core_A_initializedParams__C)
                  003eac9c    00000002     app_p28L.o28L (.econst:xdc_runtime_Core_Module__diagsEnabled__C)
                  003eac9e    00000002     app_p28L.o28L (.econst:xdc_runtime_Core_Module__diagsIncluded__C)
                  003eaca0    00000002     app_p28L.o28L (.econst:xdc_runtime_Core_Module__diagsMask__C)
                  003eaca2    00000002     app_p28L.o28L (.econst:xdc_runtime_Error_E_memory__C)
                  003eaca4    00000002     app_p28L.o28L (.econst:xdc_runtime_Error_Module__diagsEnabled__C)
                  003eaca6    00000002     app_p28L.o28L (.econst:xdc_runtime_Error_Module__diagsIncluded__C)
                  003eaca8    00000002     app_p28L.o28L (.econst:xdc_runtime_Error_Module__diagsMask__C)
                  003eacaa    00000002     app_p28L.o28L (.econst:xdc_runtime_Error_Module__loggerFxn8__C)
                  003eacac    00000002     app_p28L.o28L (.econst:xdc_runtime_Error_Module__loggerObj__C)
                  003eacae    00000002     app_p28L.o28L (.econst:xdc_runtime_Error_policyFxn__C)
                  003eacb0    00000002     app_p28L.o28L (.econst:xdc_runtime_Error_raiseHook__C)
                  003eacb2    00000002     app_p28L.o28L (.econst:xdc_runtime_HeapStd_A_align__C)
                  003eacb4    00000002     app_p28L.o28L (.econst:xdc_runtime_HeapStd_A_invalidTotalFreeSize__C)
                  003eacb6    00000002     app_p28L.o28L (.econst:xdc_runtime_HeapStd_A_zeroSize__C)
                  003eacb8    00000002     app_p28L.o28L (.econst:xdc_runtime_HeapStd_E_noRTSMemory__C)
                  003eacba    00000002     app_p28L.o28L (.econst:xdc_runtime_HeapStd_Module__diagsEnabled__C)
                  003eacbc    00000002     app_p28L.o28L (.econst:xdc_runtime_HeapStd_Module__diagsIncluded__C)
                  003eacbe    00000002     app_p28L.o28L (.econst:xdc_runtime_HeapStd_Module__diagsMask__C)
                  003eacc0    00000002     app_p28L.o28L (.econst:xdc_runtime_IFilterLogger_Interface__BASE__C)
                  003eacc2    00000002     app_p28L.o28L (.econst:xdc_runtime_IGateProvider_Interface__BASE__C)
                  003eacc4    00000002     app_p28L.o28L (.econst:xdc_runtime_IHeap_Interface__BASE__C)
                  003eacc6    00000002     app_p28L.o28L (.econst:xdc_runtime_ILogger_Interface__BASE__C)
                  003eacc8    00000002     app_p28L.o28L (.econst:xdc_runtime_IModule_Interface__BASE__C)
                  003eacca    00000002     app_p28L.o28L (.econst:xdc_runtime_Log_L_error__C)
                  003eaccc    00000002     app_p28L.o28L (.econst:xdc_runtime_LoggerBuf_E_badLevel__C)
                  003eacce    00000002     app_p28L.o28L (.econst:xdc_runtime_LoggerBuf_Module__gateObj__C)
                  003eacd0    00000002     app_p28L.o28L (.econst:xdc_runtime_LoggerBuf_statusLogger__C)
                  003eacd2    00000002     app_p28L.o28L (.econst:xdc_runtime_Memory_defaultHeapInstance__C)
                  003eacd4    00000002     app_p28L.o28L (.econst:xdc_runtime_Startup_execImpl__C)
                  003eacd6    00000002     app_p28L.o28L (.econst:xdc_runtime_Startup_firstFxns__A)
                  003eacd8    00000002     app_p28L.o28L (.econst:xdc_runtime_Startup_lastFxns__A)
                  003eacda    00000002     app_p28L.o28L (.econst:xdc_runtime_Startup_sfxnRts__C)
                  003eacdc    00000002     app_p28L.o28L (.econst:xdc_runtime_Startup_sfxnTab__C)
                  003eacde    00000002     app_p28L.o28L (.econst:xdc_runtime_SysMin_bufSize__C)
                  003eace0    00000002     app_p28L.o28L (.econst:xdc_runtime_SysMin_outputFunc__C)
                  003eace2    00000002     app_p28L.o28L (.econst:xdc_runtime_System_Module__gateObj__C)
                  003eace4    00000002     app_p28L.o28L (.econst:xdc_runtime_System_abortFxn__C)
                  003eace6    00000002     app_p28L.o28L (.econst:xdc_runtime_System_exitFxn__C)
                  003eace8    00000002     app_p28L.o28L (.econst:xdc_runtime_System_extendFxn__C)
                  003eacea    00000002     app_p28L.o28L (.econst:xdc_runtime_Text_charTab__C)
                  003eacec    00000002     app_p28L.o28L (.econst:xdc_runtime_Text_nameEmpty__C)
                  003eacee    00000002     app_p28L.o28L (.econst:xdc_runtime_Text_nameStatic__C)
                  003eacf0    00000002     app_p28L.o28L (.econst:xdc_runtime_Text_nameUnknown__C)
                  003eacf2    00000002     app_p28L.o28L (.econst:xdc_runtime_Text_nodeTab__A)
                  003eacf4    00000002     app_p28L.o28L (.econst:xdc_runtime_Text_visitRopeFxn__C)
                  003eacf6    00000001     app_p28L.o28L (.econst:ti_sysbios_family_c28_TimestampProvider_useClockTimer__C)
                  003eacf7    00000001     app_p28L.o28L (.econst:ti_sysbios_gates_GateMutex_Module__id__C)
                  003eacf8    00000001     app_p28L.o28L (.econst:ti_sysbios_hal_Hwi_Module__id__C)
                  003eacf9    00000001     app_p28L.o28L (.econst:ti_sysbios_knl_Semaphore_Module__id__C)
                  003eacfa    00000001     app_p28L.o28L (.econst:ti_sysbios_knl_Swi_Object__count__C)
                  003eacfb    00000001     app_p28L.o28L (.econst:ti_sysbios_knl_Task_Module__id__C)
                  003eacfc    00000001     app_p28L.o28L (.econst:ti_sysbios_knl_Task_Object__count__C)
                  003eacfd    00000001     app_p28L.o28L (.econst:ti_sysbios_knl_Task_initStackFlag__C)
                  003eacfe    00000001     app_p28L.o28L (.econst:ti_sysbios_knl_Task_numConstructedTasks__C)
                  003eacff    00000001     app_p28L.o28L (.econst:xdc_runtime_Core_Module__id__C)
                  003ead00    00000001     app_p28L.o28L (.econst:xdc_runtime_Error_Module__loggerDefined__C)
                  003ead01    00000001     app_p28L.o28L (.econst:xdc_runtime_Error_maxDepth__C)
                  003ead02    00000001     app_p28L.o28L (.econst:xdc_runtime_Error_policy__C)
                  003ead03    00000001     app_p28L.o28L (.econst:xdc_runtime_HeapStd_Module__id__C)
                  003ead04    00000001     app_p28L.o28L (.econst:xdc_runtime_LoggerBuf_Module__id__C)
                  003ead05    00000001     app_p28L.o28L (.econst:xdc_runtime_LoggerBuf_Object__count__C)
                  003ead06    00000001     app_p28L.o28L (.econst:xdc_runtime_LoggerBuf_filterByLevel__C)
                  003ead07    00000001     app_p28L.o28L (.econst:xdc_runtime_Memory_Module__id__C)
                  003ead08    00000001     app_p28L.o28L (.econst:xdc_runtime_Startup_maxPasses__C)
                  003ead09    00000001     app_p28L.o28L (.econst:xdc_runtime_SysMin_flushAtExit__C)
                  003ead0a    00000001     app_p28L.o28L (.econst:xdc_runtime_System_maxAtexitHandlers__C)
                  003ead0b    00000001     app_p28L.o28L (.econst:xdc_runtime_Text_charCnt__C)
                  003ead0c    00000001     app_p28L.o28L (.econst:xdc_runtime_Text_charTab__A)
                  003ead0d    00000001     app_p28L.o28L (.econst:xdc_runtime_Text_isLoaded__C)
                  003ead0e    00000001     app_p28L.o28L (.econst:xdc_runtime_Text_registryModsLastId__C)
                  003ead0f    00000001     app_p28L.o28L (.econst:xdc_runtime_Text_unnamedModsLastId__C)

.cinit     0    003ead10    000003dc     
                  003ead10    000003c2     app_p28L.o28L (.cinit)
                  003eb0d2    0000000a     rts2800_ml.lib : exit.obj (.cinit)
                  003eb0dc    00000005                    : _lock.obj (.cinit:__lock)
                  003eb0e1    00000005                    : _lock.obj (.cinit:__unlock)
                  003eb0e6    00000004     main.obj (.cinit)
                  003eb0ea    00000002     --HOLE-- [fill = 0]

.pinit     0    003e8000    00000000     UNINITIALIZED

ramfuncs   0    003eb0ec    0000001f     RUN ADDR = 00008000
                  003eb0ec    0000001b     DSP2803x_SysCtrl.obj (ramfuncs)
                  003eb107    00000004     DSP2803x_usDelay.obj (ramfuncs)

codestart 
*          0    003f7ff6    00000002     
                  003f7ff6    00000002     DSP2803x_CodeStartBranch.obj (codestart)

.switch    0    003eb10c    0000001c     
                  003eb10c    0000001c     sysbios.a28L : BIOS.obj (.switch:_ti_sysbios_family_c28_Hwi_clearInterrupt__E)

.ebss      1    00000000    000006aa     UNINITIALIZED
                  00000000    00000480     app_p28L.o28L (.ebss)
                  00000480    00000200     app_p28L.o28L (.ebss:taskStackSection)
                  00000680    00000018     DSP2803x_CpuTimers.obj (.ebss)
                  00000698    00000008     rts2800_ml.lib : trgdrv.obj (.ebss)
                  000006a0    00000004                    : exit.obj (.ebss)
                  000006a4    00000002                    : _lock.obj (.ebss:__lock)
                  000006a6    00000002                    : _lock.obj (.ebss:__unlock)
                  000006a8    00000002     main.obj (.ebss)

.stack     1    00008020    00000400     UNINITIALIZED
                  00008020    00000400     --HOLE--

.cio       1    00008440    00000120     UNINITIALIZED
                  00008440    00000120     rts2800_ml.lib : ankmsg.obj (.cio)

PieVectTableFile 
*          0    00000d00    00000100     DSECT
                  00000d00    00000100     DSP2803x_GlobalVariableDefs.obj (PieVectTableFile)

EmuKeyVar 
*          0    00000d00    00000001     DSECT
                  00000d00    00000001     DSP2803x_GlobalVariableDefs.obj (EmuKeyVar)

EmuBModeVar 
*          0    00000d01    00000001     DSECT
                  00000d01    00000001     DSP2803x_GlobalVariableDefs.obj (EmuBModeVar)

FlashCallbackVar 
*          0    00000d02    00000002     DSECT
                  00000d02    00000002     DSP2803x_GlobalVariableDefs.obj (FlashCallbackVar)

FlashScalingVar 
*          0    00000d04    00000002     DSECT
                  00000d04    00000002     DSP2803x_GlobalVariableDefs.obj (FlashScalingVar)

DevEmuRegsFile 
*          1    00000880    00000004     UNINITIALIZED
                  00000880    00000004     DSP2803x_GlobalVariableDefs.obj (DevEmuRegsFile)

SysPwrCtrlRegsFile 
*          1    00000985    00000003     UNINITIALIZED
                  00000985    00000003     DSP2803x_GlobalVariableDefs.obj (SysPwrCtrlRegsFile)

FlashRegsFile 
*          1    00000a80    00000008     UNINITIALIZED
                  00000a80    00000008     DSP2803x_GlobalVariableDefs.obj (FlashRegsFile)

CsmRegsFile 
*          1    00000ae0    00000010     UNINITIALIZED
                  00000ae0    00000010     DSP2803x_GlobalVariableDefs.obj (CsmRegsFile)

AdcResultFile 
*          1    00000b00    00000020     UNINITIALIZED
                  00000b00    00000020     DSP2803x_GlobalVariableDefs.obj (AdcResultFile)

CpuTimer0RegsFile 
*          1    00000c00    00000008     UNINITIALIZED
                  00000c00    00000008     DSP2803x_GlobalVariableDefs.obj (CpuTimer0RegsFile)

CpuTimer1RegsFile 
*          1    00000c08    00000008     UNINITIALIZED
                  00000c08    00000008     DSP2803x_GlobalVariableDefs.obj (CpuTimer1RegsFile)

CpuTimer2RegsFile 
*          1    00000c10    00000008     UNINITIALIZED
                  00000c10    00000008     DSP2803x_GlobalVariableDefs.obj (CpuTimer2RegsFile)

PieCtrlRegsFile 
*          1    00000ce0    0000001a     UNINITIALIZED
                  00000ce0    0000001a     DSP2803x_GlobalVariableDefs.obj (PieCtrlRegsFile)

Cla1RegsFile 
*          1    00001400    00000040     UNINITIALIZED
                  00001400    00000040     DSP2803x_GlobalVariableDefs.obj (Cla1RegsFile)

ECanaRegsFile 
*          1    00006000    00000034     UNINITIALIZED
                  00006000    00000034     DSP2803x_GlobalVariableDefs.obj (ECanaRegsFile)

ECanaLAMRegsFile 
*          1    00006040    00000040     UNINITIALIZED
                  00006040    00000040     DSP2803x_GlobalVariableDefs.obj (ECanaLAMRegsFile)

ECanaMOTSRegsFile 
*          1    00006080    00000040     UNINITIALIZED
                  00006080    00000040     DSP2803x_GlobalVariableDefs.obj (ECanaMOTSRegsFile)

ECanaMOTORegsFile 
*          1    000060c0    00000040     UNINITIALIZED
                  000060c0    00000040     DSP2803x_GlobalVariableDefs.obj (ECanaMOTORegsFile)

ECanaMboxesFile 
*          1    00006100    00000100     UNINITIALIZED
                  00006100    00000100     DSP2803x_GlobalVariableDefs.obj (ECanaMboxesFile)

Comp1RegsFile 
*          1    00006400    00000014     UNINITIALIZED
                  00006400    00000014     DSP2803x_GlobalVariableDefs.obj (Comp1RegsFile)

Comp2RegsFile 
*          1    00006420    00000014     UNINITIALIZED
                  00006420    00000014     DSP2803x_GlobalVariableDefs.obj (Comp2RegsFile)

Comp3RegsFile 
*          1    00006440    00000014     UNINITIALIZED
                  00006440    00000014     DSP2803x_GlobalVariableDefs.obj (Comp3RegsFile)

EPwm1RegsFile 
*          1    00006800    00000040     UNINITIALIZED
                  00006800    00000040     DSP2803x_GlobalVariableDefs.obj (EPwm1RegsFile)

EPwm2RegsFile 
*          1    00006840    00000040     UNINITIALIZED
                  00006840    00000040     DSP2803x_GlobalVariableDefs.obj (EPwm2RegsFile)

EPwm3RegsFile 
*          1    00006880    00000040     UNINITIALIZED
                  00006880    00000040     DSP2803x_GlobalVariableDefs.obj (EPwm3RegsFile)

EPwm4RegsFile 
*          1    000068c0    00000040     UNINITIALIZED
                  000068c0    00000040     DSP2803x_GlobalVariableDefs.obj (EPwm4RegsFile)

EPwm5RegsFile 
*          1    00006900    00000040     UNINITIALIZED
                  00006900    00000040     DSP2803x_GlobalVariableDefs.obj (EPwm5RegsFile)

EPwm6RegsFile 
*          1    00006940    00000040     UNINITIALIZED
                  00006940    00000040     DSP2803x_GlobalVariableDefs.obj (EPwm6RegsFile)

EPwm7RegsFile 
*          1    00006980    00000040     UNINITIALIZED
                  00006980    00000040     DSP2803x_GlobalVariableDefs.obj (EPwm7RegsFile)

ECap1RegsFile 
*          1    00006a00    00000020     UNINITIALIZED
                  00006a00    00000020     DSP2803x_GlobalVariableDefs.obj (ECap1RegsFile)

HRCap1RegsFile 
*          1    00006ac0    00000020     UNINITIALIZED
                  00006ac0    00000020     DSP2803x_GlobalVariableDefs.obj (HRCap1RegsFile)

HRCap2RegsFile 
*          1    00006ae0    00000020     UNINITIALIZED
                  00006ae0    00000020     DSP2803x_GlobalVariableDefs.obj (HRCap2RegsFile)

EQep1RegsFile 
*          1    00006b00    00000040     UNINITIALIZED
                  00006b00    00000040     DSP2803x_GlobalVariableDefs.obj (EQep1RegsFile)

LinaRegsFile 
*          1    00006c00    0000004a     UNINITIALIZED
                  00006c00    0000004a     DSP2803x_GlobalVariableDefs.obj (LinaRegsFile)

GpioCtrlRegsFile 
*          1    00006f80    00000040     UNINITIALIZED
                  00006f80    00000040     DSP2803x_GlobalVariableDefs.obj (GpioCtrlRegsFile)

GpioDataRegsFile 
*          1    00006fc0    00000020     UNINITIALIZED
                  00006fc0    00000020     DSP2803x_GlobalVariableDefs.obj (GpioDataRegsFile)

GpioIntRegsFile 
*          1    00006fe0    0000000c     UNINITIALIZED
                  00006fe0    0000000c     DSP2803x_GlobalVariableDefs.obj (GpioIntRegsFile)

SysCtrlRegsFile 
*          1    00007010    00000020     UNINITIALIZED
                  00007010    00000020     DSP2803x_GlobalVariableDefs.obj (SysCtrlRegsFile)

SpiaRegsFile 
*          1    00007040    00000010     UNINITIALIZED
                  00007040    00000010     DSP2803x_GlobalVariableDefs.obj (SpiaRegsFile)

SciaRegsFile 
*          1    00007050    00000010     UNINITIALIZED
                  00007050    00000010     DSP2803x_GlobalVariableDefs.obj (SciaRegsFile)

NmiIntruptRegsFile 
*          1    00007060    00000010     UNINITIALIZED
                  00007060    00000010     DSP2803x_GlobalVariableDefs.obj (NmiIntruptRegsFile)

XIntruptRegsFile 
*          1    00007070    00000010     UNINITIALIZED
                  00007070    00000010     DSP2803x_GlobalVariableDefs.obj (XIntruptRegsFile)

AdcRegsFile 
*          1    00007100    00000050     UNINITIALIZED
                  00007100    00000050     DSP2803x_GlobalVariableDefs.obj (AdcRegsFile)

SpibRegsFile 
*          1    00007740    00000010     UNINITIALIZED
                  00007740    00000010     DSP2803x_GlobalVariableDefs.obj (SpibRegsFile)

I2caRegsFile 
*          1    00007900    00000022     UNINITIALIZED
                  00007900    00000022     DSP2803x_GlobalVariableDefs.obj (I2caRegsFile)

PartIdRegsFile 
*          1    003d7e80    00000001     UNINITIALIZED
                  003d7e80    00000001     DSP2803x_GlobalVariableDefs.obj (PartIdRegsFile)

CsmPwlFile 
*          1    003f7ff8    00000008     UNINITIALIZED
                  003f7ff8    00000008     DSP2803x_GlobalVariableDefs.obj (CsmPwlFile)

xdc.meta   0    00000000    000000f1     COPY SECTION
                  00000000    000000f1     app_p28L.o28L (xdc.meta)

xdc.noload 
*          0    00000000    00000000     COPY SECTION


GLOBAL DATA SYMBOLS: SORTED BY DATA PAGE

address     data page           name
--------    ----------------    ----
00000000       0 (00000000)     ___ISA__
00000000       0 (00000000)     _xdc_runtime_Error_Module__state__V
00000002       0 (00000000)     _ti_sysbios_knl_Task_Module_State_0_idleTask__A
00000004       0 (00000000)     _xdc_runtime_Memory_Module__state__V
00000006       0 (00000000)     ___xdc__init__addr
00000008       0 (00000000)     _xdc_runtime_HeapStd_Module__state__V
0000000a       0 (00000000)     _ti_sysbios_gates_GateHwi_Object__table__V
0000000c       0 (00000000)     _xdc_runtime_LoggerBuf_Module__state__V
00000010       0 (00000000)     _ti_sysbios_knl_Queue_Module__root__V
00000011       0 (00000000)     ___TARG__
00000014       0 (00000000)     _ti_sysbios_gates_GateHwi_Module__root__V
00000018       0 (00000000)     _xdc_runtime_Text_Module__state__V
0000001c       0 (00000000)     _ti_sysbios_knl_Semaphore_Module__root__V
00000020       0 (00000000)     _xdc_runtime_LoggerBuf_Module__root__V
00000024       0 (00000000)     _ti_sysbios_knl_Task_Module__root__V
00000028       0 (00000000)     _xdc_runtime_Registry_Module__state__V
0000002c       0 (00000000)     _ti_sysbios_family_c28_Timer_Module__root__V
00000030       0 (00000000)     _ti_sysbios_knl_Swi_Module__root__V
00000034       0 (00000000)     _ti_sysbios_hal_Hwi_Module__root__V
00000035       0 (00000000)     ___PLAT__
00000038       0 (00000000)     _xdc_runtime_SysMin_Module__state__V
0000003c       0 (00000000)     _xdc_runtime_System_Module__state__V

00000040       1 (00000040)     _xdc_runtime_HeapStd_Module__root__V
00000044       1 (00000040)     _ti_sysbios_family_c28_Hwi_Module__root__V
00000048       1 (00000040)     _xdc_runtime_Startup_Module__state__V
0000004c       1 (00000040)     _ti_sysbios_gates_GateMutex_Module__root__V
00000050       1 (00000040)     _ti_sysbios_knl_Clock_Module__root__V
00000054       1 (00000040)     _ti_sysbios_family_c28_TimestampProvider_Module__state__V
00000058       1 (00000040)     _xdc_runtime_HeapStd_Object__table__V
0000005b       1 (00000040)     ___TRDR__
0000005e       1 (00000040)     _ti_sysbios_family_c28_Timer_Module__state__V
00000066       1 (00000040)     _xdc_runtime_System_Module_State_0_atexitHandlers__A
0000006e       1 (00000040)     _ti_sysbios_knl_Semaphore_Object__table__V

00000080       2 (00000080)     _ti_sysbios_knl_Swi_Module__state__V
00000082       2 (00000080)     ___ASM__
0000008c       2 (00000080)     _ti_sysbios_gates_GateMutex_Object__table__V
0000009a       2 (00000080)     _ti_sysbios_knl_Clock_Object__table__V
000000aa       2 (00000080)     _ti_sysbios_family_c28_Hwi_Module__state__V

000000c0       3 (000000c0)     _ti_sysbios_BIOS_Module__state__V
000000d2       3 (000000c0)     _xdc_runtime_LoggerBuf_Object__table__V
000000e4       3 (000000c0)     _ti_sysbios_knl_Swi_Object__table__V

00000100       4 (00000100)     _ti_sysbios_knl_Clock_Module__state__V
00000116       4 (00000100)     _ti_sysbios_knl_Task_Module__state__V

00000140       5 (00000140)     _ti_sysbios_family_c28_Timer_Object__table__V

00000180       6 (00000180)     _ti_sysbios_family_c28_Hwi_Object__table__V

000001c0       7 (000001c0)     _ti_sysbios_knl_Task_Module_State_0_readyQ__A

00000200       8 (00000200)     _ti_sysbios_knl_Swi_Module_State_0_readyQ__A

00000240       9 (00000240)     _xdc_runtime_LoggerBuf_Instance_State_0_entryArr__A

00000280       a (00000280)     _ti_sysbios_knl_Task_Object__table__V

00000300       c (00000300)     _xdc_runtime_SysMin_Module_State_0_outbuf__A

00000380       e (00000380)     _ti_sysbios_family_c28_Hwi_Module_State_0_dispatchTable__A

00000480      12 (00000480)     _ti_sysbios_knl_Task_Instance_State_1_stack__A

00000580      16 (00000580)     _ti_sysbios_knl_Task_Instance_State_0_stack__A

00000680      1a (00000680)     _CpuTimer1
00000688      1a (00000680)     _CpuTimer2
00000690      1a (00000680)     _CpuTimer0
000006a0      1a (00000680)     ___TI_cleanup_ptr
000006a2      1a (00000680)     ___TI_dtors_ptr
000006a4      1a (00000680)     __lock
000006a6      1a (00000680)     __unlock
000006a8      1a (00000680)     _i16ToggleCount
000006a9      1a (00000680)     _ledState

00000880      22 (00000880)     _DevEmuRegs

00000985      26 (00000980)     _SysPwrCtrlRegs

00000a80      2a (00000a80)     _FlashRegs

00000ae0      2b (00000ac0)     _CsmRegs

00000b00      2c (00000b00)     _AdcResult

00000c00      30 (00000c00)     _CpuTimer0Regs
00000c08      30 (00000c00)     _CpuTimer1Regs
00000c10      30 (00000c00)     _CpuTimer2Regs

00000ce0      33 (00000cc0)     _PieCtrlRegs

00000d00      34 (00000d00)     _EmuKey
00000d00      34 (00000d00)     _PieVectTable
00000d01      34 (00000d00)     _EmuBMode
00000d02      34 (00000d00)     _Flash_CallbackPtr
00000d04      34 (00000d00)     _Flash_CPUScaleFactor

00001400      50 (00001400)     _Cla1Regs

00006000     180 (00006000)     _ECanaRegs

00006040     181 (00006040)     _ECanaLAMRegs

00006080     182 (00006080)     _ECanaMOTSRegs

000060c0     183 (000060c0)     _ECanaMOTORegs

00006100     184 (00006100)     _ECanaMboxes

00006400     190 (00006400)     _Comp1Regs
00006420     190 (00006400)     _Comp2Regs

00006440     191 (00006440)     _Comp3Regs

00006800     1a0 (00006800)     _EPwm1Regs

00006840     1a1 (00006840)     _EPwm2Regs

00006880     1a2 (00006880)     _EPwm3Regs

000068c0     1a3 (000068c0)     _EPwm4Regs

00006900     1a4 (00006900)     _EPwm5Regs

00006940     1a5 (00006940)     _EPwm6Regs

00006980     1a6 (00006980)     _EPwm7Regs

00006a00     1a8 (00006a00)     _ECap1Regs

00006ac0     1ab (00006ac0)     _HRCap1Regs
00006ae0     1ab (00006ac0)     _HRCap2Regs

00006b00     1ac (00006b00)     _EQep1Regs

00006c00     1b0 (00006c00)     _LinaRegs

00006f80     1be (00006f80)     _GpioCtrlRegs

00006fc0     1bf (00006fc0)     _GpioDataRegs
00006fe0     1bf (00006fc0)     _GpioIntRegs

00007010     1c0 (00007000)     _SysCtrlRegs

00007040     1c1 (00007040)     _SpiaRegs
00007050     1c1 (00007040)     _SciaRegs
00007060     1c1 (00007040)     _NmiIntruptRegs
00007070     1c1 (00007040)     _XIntruptRegs

00007100     1c4 (00007100)     _AdcRegs

00007740     1dd (00007740)     _SpibRegs

00007900     1e4 (00007900)     _I2caRegs

00008020     200 (00008000)     __stack

00008440     211 (00008440)     __CIOBUF_

003d7e80    f5fa (003d7e80)     _PartIdRegs

003ea88c    faa2 (003ea880)     _ti_sysbios_family_c28_Hwi_vectors

003ea9e9    faa7 (003ea9c0)     _ti_sysbios_family_c28_Hwi_Module__id__C

003eaa89    faaa (003eaa80)     _ti_sysbios_family_c28_Hwi_NUM_INTERRUPTS_ALL__C

003eaacd    faab (003eaac0)     _ti_sysbios_family_c28_Hwi_Object__count__C
003eaaf8    faab (003eaac0)     _xdc_runtime_LoggerBuf_Module__FXNS__C

003eab16    faac (003eab00)     _xdc_runtime_HeapStd_Module__FXNS__C
003eab2a    faac (003eab00)     _xdc_runtime_Startup_sfxnTab__A
003eab3e    faac (003eab00)     _ti_sysbios_gates_GateHwi_Module__FXNS__C

003eab50    faad (003eab40)     _ti_sysbios_gates_GateMutex_Module__FXNS__C
003eab62    faad (003eab40)     _xdc_runtime_LoggerBuf_Object__PARAMS__C

003eab85    faae (003eab80)     _ti_sysbios_family_c28_TaskSupport_Module__id__C
003eab86    faae (003eab80)     _ti_sysbios_gates_GateHwi_Object__DESC__C
003eab96    faae (003eab80)     _ti_sysbios_gates_GateMutex_Object__DESC__C
003eaba6    faae (003eab80)     _ti_sysbios_knl_Queue_Object__DESC__C
003eabb6    faae (003eab80)     _ti_sysbios_knl_Semaphore_Object__DESC__C

003eabc6    faaf (003eabc0)     _ti_sysbios_knl_Semaphore_Object__PARAMS__C
003eabd6    faaf (003eabc0)     _xdc_runtime_HeapStd_Object__DESC__C
003eabe6    faaf (003eabc0)     _xdc_runtime_LoggerBuf_Object__DESC__C
003eabf6    faaf (003eabc0)     _xdc_runtime_HeapStd_Object__PARAMS__C

003eac04    fab0 (003eac00)     _ti_sysbios_gates_GateHwi_Object__PARAMS__C
003eac10    fab0 (003eac00)     _ti_sysbios_gates_GateMutex_Object__PARAMS__C
003eac1c    fab0 (003eac00)     _ti_sysbios_knl_Queue_Object__PARAMS__C
003eac28    fab0 (003eac00)     _xdc_runtime_Startup_sfxnRts__A
003eac32    fab0 (003eac00)     _ledTask
003eac34    fab0 (003eac00)     _ledSemaphore
003eac36    fab0 (003eac00)     _led
003eac38    fab0 (003eac00)     _button_hwi

003eac41    fab1 (003eac40)     _ti_sysbios_family_c28_Timer_startupNeeded__C
003eac47    fab1 (003eac40)     _ti_sysbios_family_c28_TimestampProvider_Module__id__C
003eac48    fab1 (003eac40)     _ti_sysbios_knl_Idle_funcList__C
003eac4c    fab1 (003eac40)     _xdc_runtime_Startup_firstFxns__C
003eac50    fab1 (003eac40)     _xdc_runtime_Startup_lastFxns__C
003eac54    fab1 (003eac40)     _ti_sysbios_family_c28_Hwi_A_badIntNum__C
003eac56    fab1 (003eac40)     _ti_sysbios_family_c28_Hwi_A_invalidArg__C
003eac58    fab1 (003eac40)     _ti_sysbios_family_c28_Hwi_E_unpluggedInterrupt__C
003eac5a    fab1 (003eac40)     _ti_sysbios_family_c28_Hwi_Module__diagsEnabled__C
003eac5c    fab1 (003eac40)     _ti_sysbios_family_c28_Hwi_Module__diagsIncluded__C
003eac5e    fab1 (003eac40)     _ti_sysbios_family_c28_Hwi_Module__diagsMask__C
003eac60    fab1 (003eac40)     _ti_sysbios_family_c28_TaskSupport_E_invalidStack__C
003eac62    fab1 (003eac40)     _ti_sysbios_family_c28_TimestampProvider_Module__diagsEnabled__C
003eac64    fab1 (003eac40)     _ti_sysbios_family_c28_TimestampProvider_Module__diagsIncluded__C
003eac66    fab1 (003eac40)     _ti_sysbios_family_c28_TimestampProvider_Module__diagsMask__C
003eac68    fab1 (003eac40)     _ti_sysbios_gates_GateMutex_A_badContext__C
003eac6a    fab1 (003eac40)     _ti_sysbios_gates_GateMutex_Instance_State_sem__O
003eac6c    fab1 (003eac40)     _ti_sysbios_gates_GateMutex_Module__diagsEnabled__C
003eac6e    fab1 (003eac40)     _ti_sysbios_gates_GateMutex_Module__diagsIncluded__C
003eac70    fab1 (003eac40)     _ti_sysbios_gates_GateMutex_Module__diagsMask__C
003eac72    fab1 (003eac40)     _ti_sysbios_hal_Hwi_E_stackOverflow__C
003eac74    fab1 (003eac40)     _ti_sysbios_knl_Clock_Module_State_clockQ__O
003eac76    fab1 (003eac40)     _ti_sysbios_knl_Idle_funcList__A
003eac78    fab1 (003eac40)     _ti_sysbios_knl_Semaphore_A_badContext__C
003eac7a    fab1 (003eac40)     _ti_sysbios_knl_Semaphore_A_noEvents__C
003eac7c    fab1 (003eac40)     _ti_sysbios_knl_Semaphore_A_overflow__C
003eac7e    fab1 (003eac40)     _ti_sysbios_knl_Semaphore_A_pendTaskDisabled__C

003eac80    fab2 (003eac80)     _ti_sysbios_knl_Semaphore_Instance_State_pendQ__O
003eac82    fab2 (003eac80)     _ti_sysbios_knl_Semaphore_Module__diagsEnabled__C
003eac84    fab2 (003eac80)     _ti_sysbios_knl_Semaphore_Module__diagsIncluded__C
003eac86    fab2 (003eac80)     _ti_sysbios_knl_Semaphore_Module__diagsMask__C
003eac88    fab2 (003eac80)     _ti_sysbios_knl_Task_A_badPriority__C
003eac8a    fab2 (003eac80)     _ti_sysbios_knl_Task_E_spOutOfBounds__C
003eac8c    fab2 (003eac80)     _ti_sysbios_knl_Task_E_stackOverflow__C
003eac8e    fab2 (003eac80)     _ti_sysbios_knl_Task_Module_State_inactiveQ__O
003eac90    fab2 (003eac80)     _ti_sysbios_knl_Task_Module__diagsEnabled__C
003eac92    fab2 (003eac80)     _ti_sysbios_knl_Task_Module__diagsIncluded__C
003eac94    fab2 (003eac80)     _ti_sysbios_knl_Task_Module__diagsMask__C
003eac96    fab2 (003eac80)     _ti_sysbios_knl_Task_allBlockedFunc__C
003eac98    fab2 (003eac80)     _xdc_runtime_Assert_E_assertFailed__C
003eac9a    fab2 (003eac80)     _xdc_runtime_Core_A_initializedParams__C
003eac9c    fab2 (003eac80)     _xdc_runtime_Core_Module__diagsEnabled__C
003eac9e    fab2 (003eac80)     _xdc_runtime_Core_Module__diagsIncluded__C
003eaca0    fab2 (003eac80)     _xdc_runtime_Core_Module__diagsMask__C
003eaca2    fab2 (003eac80)     _xdc_runtime_Error_E_memory__C
003eaca4    fab2 (003eac80)     _xdc_runtime_Error_Module__diagsEnabled__C
003eaca6    fab2 (003eac80)     _xdc_runtime_Error_Module__diagsIncluded__C
003eaca8    fab2 (003eac80)     _xdc_runtime_Error_Module__diagsMask__C
003eacaa    fab2 (003eac80)     _xdc_runtime_Error_Module__loggerFxn8__C
003eacac    fab2 (003eac80)     _xdc_runtime_Error_Module__loggerObj__C
003eacae    fab2 (003eac80)     _xdc_runtime_Error_policyFxn__C
003eacb0    fab2 (003eac80)     _xdc_runtime_Error_raiseHook__C
003eacb2    fab2 (003eac80)     _xdc_runtime_HeapStd_A_align__C
003eacb4    fab2 (003eac80)     _xdc_runtime_HeapStd_A_invalidTotalFreeSize__C
003eacb6    fab2 (003eac80)     _xdc_runtime_HeapStd_A_zeroSize__C
003eacb8    fab2 (003eac80)     _xdc_runtime_HeapStd_E_noRTSMemory__C
003eacba    fab2 (003eac80)     _xdc_runtime_HeapStd_Module__diagsEnabled__C
003eacbc    fab2 (003eac80)     _xdc_runtime_HeapStd_Module__diagsIncluded__C
003eacbe    fab2 (003eac80)     _xdc_runtime_HeapStd_Module__diagsMask__C

003eacc0    fab3 (003eacc0)     _xdc_runtime_IFilterLogger_Interface__BASE__C
003eacc2    fab3 (003eacc0)     _xdc_runtime_IGateProvider_Interface__BASE__C
003eacc4    fab3 (003eacc0)     _xdc_runtime_IHeap_Interface__BASE__C
003eacc6    fab3 (003eacc0)     _xdc_runtime_ILogger_Interface__BASE__C
003eacc8    fab3 (003eacc0)     _xdc_runtime_IModule_Interface__BASE__C
003eacca    fab3 (003eacc0)     _xdc_runtime_Log_L_error__C
003eaccc    fab3 (003eacc0)     _xdc_runtime_LoggerBuf_E_badLevel__C
003eacce    fab3 (003eacc0)     _xdc_runtime_LoggerBuf_Module__gateObj__C
003eacd0    fab3 (003eacc0)     _xdc_runtime_LoggerBuf_statusLogger__C
003eacd2    fab3 (003eacc0)     _xdc_runtime_Memory_defaultHeapInstance__C
003eacd4    fab3 (003eacc0)     _xdc_runtime_Startup_execImpl__C
003eacd6    fab3 (003eacc0)     _xdc_runtime_Startup_firstFxns__A
003eacd8    fab3 (003eacc0)     _xdc_runtime_Startup_lastFxns__A
003eacda    fab3 (003eacc0)     _xdc_runtime_Startup_sfxnRts__C
003eacdc    fab3 (003eacc0)     _xdc_runtime_Startup_sfxnTab__C
003eacde    fab3 (003eacc0)     _xdc_runtime_SysMin_bufSize__C
003eace0    fab3 (003eacc0)     _xdc_runtime_SysMin_outputFunc__C
003eace2    fab3 (003eacc0)     _xdc_runtime_System_Module__gateObj__C
003eace4    fab3 (003eacc0)     _xdc_runtime_System_abortFxn__C
003eace6    fab3 (003eacc0)     _xdc_runtime_System_exitFxn__C
003eace8    fab3 (003eacc0)     _xdc_runtime_System_extendFxn__C
003eacea    fab3 (003eacc0)     _xdc_runtime_Text_charTab__C
003eacec    fab3 (003eacc0)     _xdc_runtime_Text_nameEmpty__C
003eacee    fab3 (003eacc0)     _xdc_runtime_Text_nameStatic__C
003eacf0    fab3 (003eacc0)     _xdc_runtime_Text_nameUnknown__C
003eacf2    fab3 (003eacc0)     _xdc_runtime_Text_nodeTab__A
003eacf4    fab3 (003eacc0)     _xdc_runtime_Text_visitRopeFxn__C
003eacf6    fab3 (003eacc0)     _ti_sysbios_family_c28_TimestampProvider_useClockTimer__C
003eacf7    fab3 (003eacc0)     _ti_sysbios_gates_GateMutex_Module__id__C
003eacf8    fab3 (003eacc0)     _ti_sysbios_hal_Hwi_Module__id__C
003eacf9    fab3 (003eacc0)     _ti_sysbios_knl_Semaphore_Module__id__C
003eacfa    fab3 (003eacc0)     _ti_sysbios_knl_Swi_Object__count__C
003eacfb    fab3 (003eacc0)     _ti_sysbios_knl_Task_Module__id__C
003eacfc    fab3 (003eacc0)     _ti_sysbios_knl_Task_Object__count__C
003eacfd    fab3 (003eacc0)     _ti_sysbios_knl_Task_initStackFlag__C
003eacfe    fab3 (003eacc0)     _ti_sysbios_knl_Task_numConstructedTasks__C
003eacff    fab3 (003eacc0)     _xdc_runtime_Core_Module__id__C

003ead00    fab4 (003ead00)     _xdc_runtime_Error_Module__loggerDefined__C
003ead01    fab4 (003ead00)     _xdc_runtime_Error_maxDepth__C
003ead02    fab4 (003ead00)     _xdc_runtime_Error_policy__C
003ead03    fab4 (003ead00)     _xdc_runtime_HeapStd_Module__id__C
003ead04    fab4 (003ead00)     _xdc_runtime_LoggerBuf_Module__id__C
003ead05    fab4 (003ead00)     _xdc_runtime_LoggerBuf_Object__count__C
003ead06    fab4 (003ead00)     _xdc_runtime_LoggerBuf_filterByLevel__C
003ead07    fab4 (003ead00)     _xdc_runtime_Memory_Module__id__C
003ead08    fab4 (003ead00)     _xdc_runtime_Startup_maxPasses__C
003ead09    fab4 (003ead00)     _xdc_runtime_SysMin_flushAtExit__C
003ead0a    fab4 (003ead00)     _xdc_runtime_System_maxAtexitHandlers__C
003ead0b    fab4 (003ead00)     _xdc_runtime_Text_charCnt__C
003ead0c    fab4 (003ead00)     _xdc_runtime_Text_charTab__A
003ead0d    fab4 (003ead00)     _xdc_runtime_Text_isLoaded__C
003ead0e    fab4 (003ead00)     _xdc_runtime_Text_registryModsLastId__C
003ead0f    fab4 (003ead00)     _xdc_runtime_Text_unnamedModsLastId__C

003f7ff8    fdff (003f7fc0)     _CsmPwl


GLOBAL SYMBOLS: SORTED ALPHABETICALLY BY Name 

page  address   name                                                             
----  -------   ----                                                             
0     003e8000  .text                                                            
0     003ea2b1  C$$EXIT                                                          
0     003e8e7b  C$$IO$$                                                          
0     003e96d4  FS$$MPY                                                          
0     003e9f27  FS$$TOL                                                          
0     003e86fe  LL$$DIV                                                          
0     003e873a  LL$$MOD                                                          
0     003e8774  ULL$$DIV                                                         
0     003e87a3  ULL$$MOD                                                         
1     00007100  _AdcRegs                                                         
1     00000b00  _AdcResult                                                       
1     00001400  _Cla1Regs                                                        
1     00006400  _Comp1Regs                                                       
1     00006420  _Comp2Regs                                                       
1     00006440  _Comp3Regs                                                       
1     00000690  _CpuTimer0                                                       
1     00000c00  _CpuTimer0Regs                                                   
1     00000680  _CpuTimer1                                                       
1     00000c08  _CpuTimer1Regs                                                   
1     00000688  _CpuTimer2                                                       
1     00000c10  _CpuTimer2Regs                                                   
1     003f7ff8  _CsmPwl                                                          
1     00000ae0  _CsmRegs                                                         
0     003e8677  _CsmUnlock                                                       
0     0000801b  _DSP28x_usDelay                                                  
1     00000880  _DevEmuRegs                                                      
0     003e85de  _DisableDog                                                      
1     00006040  _ECanaLAMRegs                                                    
1     000060c0  _ECanaMOTORegs                                                   
1     00006080  _ECanaMOTSRegs                                                   
1     00006100  _ECanaMboxes                                                     
1     00006000  _ECanaRegs                                                       
1     00006a00  _ECap1Regs                                                       
1     00006800  _EPwm1Regs                                                       
1     00006840  _EPwm2Regs                                                       
1     00006880  _EPwm3Regs                                                       
1     000068c0  _EPwm4Regs                                                       
1     00006900  _EPwm5Regs                                                       
1     00006940  _EPwm6Regs                                                       
1     00006980  _EPwm7Regs                                                       
1     00006b00  _EQep1Regs                                                       
0     00000d01  _EmuBMode                                                        
0     00000d00  _EmuKey                                                          
0     003e86e8  _ExtOscSel                                                       
1     00000a80  _FlashRegs                                                       
0     00000d04  _Flash_CPUScaleFactor                                            
0     00000d02  _Flash_CallbackPtr                                               
1     00006f80  _GpioCtrlRegs                                                    
1     00006fc0  _GpioDataRegs                                                    
1     00006fe0  _GpioIntRegs                                                     
0     003e83eb  _HOSTclock                                                       
[...]
0     003eabe6  _xdc_runtime_LoggerBuf_Object__DESC__C                           
0     003eabf6  _xdc_runtime_HeapStd_Object__PARAMS__C                           
0     003eac04  _ti_sysbios_gates_GateHwi_Object__PARAMS__C                      
0     003eac10  _ti_sysbios_gates_GateMutex_Object__PARAMS__C                    
0     003eac1c  _ti_sysbios_knl_Queue_Object__PARAMS__C                          
0     003eac28  _xdc_runtime_Startup_sfxnRts__A                                  
0     003eac32  _ledTask                                                         
0     003eac34  _ledSemaphore                                                    
0     003eac36  _led                                                             
0     003eac38  _button_hwi                                                      
0     003eac41  _ti_sysbios_family_c28_Timer_startupNeeded__C                    
0     003eac47  _ti_sysbios_family_c28_TimestampProvider_Module__id__C           
0     003eac48  _ti_sysbios_knl_Idle_funcList__C                                 
0     003eac4c  _xdc_runtime_Startup_firstFxns__C                                
0     003eac50  _xdc_runtime_Startup_lastFxns__C                                 
0     003eac54  _ti_sysbios_family_c28_Hwi_A_badIntNum__C                        
0     003eac56  _ti_sysbios_family_c28_Hwi_A_invalidArg__C                       
0     003eac58  _ti_sysbios_family_c28_Hwi_E_unpluggedInterrupt__C               
0     003eac5a  _ti_sysbios_family_c28_Hwi_Module__diagsEnabled__C               
0     003eac5c  _ti_sysbios_family_c28_Hwi_Module__diagsIncluded__C              
0     003eac5e  _ti_sysbios_family_c28_Hwi_Module__diagsMask__C                  
0     003eac60  _ti_sysbios_family_c28_TaskSupport_E_invalidStack__C             
0     003eac62  _ti_sysbios_family_c28_TimestampProvider_Module__diagsEnabled__C 
0     003eac64  _ti_sysbios_family_c28_TimestampProvider_Module__diagsIncluded__C
0     003eac66  _ti_sysbios_family_c28_TimestampProvider_Module__diagsMask__C    
0     003eac68  _ti_sysbios_gates_GateMutex_A_badContext__C                      
0     003eac6a  _ti_sysbios_gates_GateMutex_Instance_State_sem__O                
0     003eac6c  _ti_sysbios_gates_GateMutex_Module__diagsEnabled__C              
0     003eac6e  _ti_sysbios_gates_GateMutex_Module__diagsIncluded__C             
0     003eac70  _ti_sysbios_gates_GateMutex_Module__diagsMask__C                 
0     003eac72  _ti_sysbios_hal_Hwi_E_stackOverflow__C                           
0     003eac74  _ti_sysbios_knl_Clock_Module_State_clockQ__O                     
0     003eac76  _ti_sysbios_knl_Idle_funcList__A                                 
0     003eac78  _ti_sysbios_knl_Semaphore_A_badContext__C                        
0     003eac7a  _ti_sysbios_knl_Semaphore_A_noEvents__C                          
0     003eac7c  _ti_sysbios_knl_Semaphore_A_overflow__C                          
0     003eac7e  _ti_sysbios_knl_Semaphore_A_pendTaskDisabled__C                  
0     003eac80  _ti_sysbios_knl_Semaphore_Instance_State_pendQ__O                
0     003eac82  _ti_sysbios_knl_Semaphore_Module__diagsEnabled__C                
0     003eac84  _ti_sysbios_knl_Semaphore_Module__diagsIncluded__C               
0     003eac86  _ti_sysbios_knl_Semaphore_Module__diagsMask__C                   
0     003eac88  _ti_sysbios_knl_Task_A_badPriority__C                            
0     003eac8a  _ti_sysbios_knl_Task_E_spOutOfBounds__C                          
0     003eac8c  _ti_sysbios_knl_Task_E_stackOverflow__C                          
0     003eac8e  _ti_sysbios_knl_Task_Module_State_inactiveQ__O                   
0     003eac90  _ti_sysbios_knl_Task_Module__diagsEnabled__C                     
0     003eac92  _ti_sysbios_knl_Task_Module__diagsIncluded__C                    
0     003eac94  _ti_sysbios_knl_Task_Module__diagsMask__C                        
0     003eac96  _ti_sysbios_knl_Task_allBlockedFunc__C                           
0     003eac98  _xdc_runtime_Assert_E_assertFailed__C                            
0     003eac9a  _xdc_runtime_Core_A_initializedParams__C                         
0     003eac9c  _xdc_runtime_Core_Module__diagsEnabled__C                        
0     003eac9e  _xdc_runtime_Core_Module__diagsIncluded__C                       
0     003eaca0  _xdc_runtime_Core_Module__diagsMask__C                           
0     003eaca2  _xdc_runtime_Error_E_memory__C                                   
0     003eaca4  _xdc_runtime_Error_Module__diagsEnabled__C                       
0     003eaca6  _xdc_runtime_Error_Module__diagsIncluded__C                      
0     003eaca8  _xdc_runtime_Error_Module__diagsMask__C                          
0     003eacaa  _xdc_runtime_Error_Module__loggerFxn8__C                         
0     003eacac  _xdc_runtime_Error_Module__loggerObj__C                          
0     003eacae  _xdc_runtime_Error_policyFxn__C                                  
0     003eacb0  _xdc_runtime_Error_raiseHook__C                                  
0     003eacb2  _xdc_runtime_HeapStd_A_align__C                                  
0     003eacb4  _xdc_runtime_HeapStd_A_invalidTotalFreeSize__C                   
0     003eacb6  _xdc_runtime_HeapStd_A_zeroSize__C                               
0     003eacb8  _xdc_runtime_HeapStd_E_noRTSMemory__C                            
0     003eacba  _xdc_runtime_HeapStd_Module__diagsEnabled__C                     
0     003eacbc  _xdc_runtime_HeapStd_Module__diagsIncluded__C                    
0     003eacbe  _xdc_runtime_HeapStd_Module__diagsMask__C                        
0     003eacc0  _xdc_runtime_IFilterLogger_Interface__BASE__C                    
0     003eacc2  _xdc_runtime_IGateProvider_Interface__BASE__C                    
0     003eacc4  _xdc_runtime_IHeap_Interface__BASE__C                            
0     003eacc6  _xdc_runtime_ILogger_Interface__BASE__C                          
0     003eacc8  _xdc_runtime_IModule_Interface__BASE__C                          
0     003eacca  _xdc_runtime_Log_L_error__C                                      
0     003eaccc  _xdc_runtime_LoggerBuf_E_badLevel__C                             
0     003eacce  _xdc_runtime_LoggerBuf_Module__gateObj__C                        
0     003eacd0  _xdc_runtime_LoggerBuf_statusLogger__C                           
0     003eacd2  _xdc_runtime_Memory_defaultHeapInstance__C                       
0     003eacd4  _xdc_runtime_Startup_execImpl__C                                 
0     003eacd6  _xdc_runtime_Startup_firstFxns__A                                
0     003eacd8  _xdc_runtime_Startup_lastFxns__A                                 
0     003eacda  _xdc_runtime_Startup_sfxnRts__C                                  
0     003eacdc  _xdc_runtime_Startup_sfxnTab__C                                  
0     003eacde  _xdc_runtime_SysMin_bufSize__C                                   
0     003eace0  _xdc_runtime_SysMin_outputFunc__C                                
0     003eace2  _xdc_runtime_System_Module__gateObj__C                           
0     003eace4  _xdc_runtime_System_abortFxn__C                                  
0     003eace6  _xdc_runtime_System_exitFxn__C                                   
0     003eace8  _xdc_runtime_System_extendFxn__C                                 
0     003eacea  _xdc_runtime_Text_charTab__C                                     
0     003eacec  _xdc_runtime_Text_nameEmpty__C                                   
0     003eacee  _xdc_runtime_Text_nameStatic__C                                  
0     003eacf0  _xdc_runtime_Text_nameUnknown__C                                 
0     003eacf2  _xdc_runtime_Text_nodeTab__A                                     
0     003eacf4  _xdc_runtime_Text_visitRopeFxn__C                                
0     003eacf6  _ti_sysbios_family_c28_TimestampProvider_useClockTimer__C        
0     003eacf7  _ti_sysbios_gates_GateMutex_Module__id__C                        
0     003eacf8  _ti_sysbios_hal_Hwi_Module__id__C                                
0     003eacf9  _ti_sysbios_knl_Semaphore_Module__id__C                          
0     003eacfa  _ti_sysbios_knl_Swi_Object__count__C                             
0     003eacfb  _ti_sysbios_knl_Task_Module__id__C                               
0     003eacfc  _ti_sysbios_knl_Task_Object__count__C                            
0     003eacfd  _ti_sysbios_knl_Task_initStackFlag__C                            
0     003eacfe  _ti_sysbios_knl_Task_numConstructedTasks__C                      
0     003eacff  _xdc_runtime_Core_Module__id__C                                  
0     003ead00  _xdc_runtime_Error_Module__loggerDefined__C                      
0     003ead01  _xdc_runtime_Error_maxDepth__C                                   
0     003ead02  _xdc_runtime_Error_policy__C                                     
0     003ead03  _xdc_runtime_HeapStd_Module__id__C                               
0     003ead04  _xdc_runtime_LoggerBuf_Module__id__C                             
0     003ead05  _xdc_runtime_LoggerBuf_Object__count__C                          
0     003ead06  _xdc_runtime_LoggerBuf_filterByLevel__C                          
0     003ead07  _xdc_runtime_Memory_Module__id__C                                
0     003ead08  _xdc_runtime_Startup_maxPasses__C                                
0     003ead09  _xdc_runtime_SysMin_flushAtExit__C                               
0     003ead0a  _xdc_runtime_System_maxAtexitHandlers__C                         
0     003ead0b  _xdc_runtime_Text_charCnt__C                                     
0     003ead0c  _xdc_runtime_Text_charTab__A                                     
0     003ead0d  _xdc_runtime_Text_isLoaded__C                                    
0     003ead0e  _xdc_runtime_Text_registryModsLastId__C                          
0     003ead0f  _xdc_runtime_Text_unnamedModsLastId__C                           
0     003ead10  ___cinit__                                                       
0     003ead10  cinit                                                            
0     003eb0ec  _RamfuncsLoadStart                                               
0     003eb10b  _RamfuncsLoadEnd                                                 
0     003f7ff6  code_start                                                       
1     00000000  _xdc_runtime_Error_Module__state__V                              
1     00000002  _ti_sysbios_knl_Task_Module_State_0_idleTask__A                  
1     00000004  _xdc_runtime_Memory_Module__state__V                             
1     00000006  ___xdc__init__addr                                               
1     00000008  _xdc_runtime_HeapStd_Module__state__V                            
1     0000000a  _ti_sysbios_gates_GateHwi_Object__table__V                       
1     0000000c  _xdc_runtime_LoggerBuf_Module__state__V                          
1     00000010  _ti_sysbios_knl_Queue_Module__root__V                            
1     00000014  _ti_sysbios_gates_GateHwi_Module__root__V                        
1     00000018  _xdc_runtime_Text_Module__state__V                               
1     0000001c  _ti_sysbios_knl_Semaphore_Module__root__V                        
1     00000020  _xdc_runtime_LoggerBuf_Module__root__V                           
1     00000024  _ti_sysbios_knl_Task_Module__root__V                             
1     00000028  _xdc_runtime_Registry_Module__state__V                           
1     0000002c  _ti_sysbios_family_c28_Timer_Module__root__V                     
1     00000030  _ti_sysbios_knl_Swi_Module__root__V                              
1     00000034  _ti_sysbios_hal_Hwi_Module__root__V                              
1     00000038  _xdc_runtime_SysMin_Module__state__V                             
1     0000003c  _xdc_runtime_System_Module__state__V                             
1     00000040  _xdc_runtime_HeapStd_Module__root__V                             
1     00000044  _ti_sysbios_family_c28_Hwi_Module__root__V                       
1     00000048  _xdc_runtime_Startup_Module__state__V                            
1     0000004c  _ti_sysbios_gates_GateMutex_Module__root__V                      
1     00000050  _ti_sysbios_knl_Clock_Module__root__V                            
1     00000054  _ti_sysbios_family_c28_TimestampProvider_Module__state__V        
1     00000058  _xdc_runtime_HeapStd_Object__table__V                            
1     0000005e  _ti_sysbios_family_c28_Timer_Module__state__V                    
1     00000066  _xdc_runtime_System_Module_State_0_atexitHandlers__A             
1     0000006e  _ti_sysbios_knl_Semaphore_Object__table__V                       
1     00000080  _ti_sysbios_knl_Swi_Module__state__V                             
1     0000008c  _ti_sysbios_gates_GateMutex_Object__table__V                     
1     0000009a  _ti_sysbios_knl_Clock_Object__table__V                           
1     000000aa  _ti_sysbios_family_c28_Hwi_Module__state__V                      
1     000000c0  _ti_sysbios_BIOS_Module__state__V                                
1     000000d2  _xdc_runtime_LoggerBuf_Object__table__V                          
1     000000e4  _ti_sysbios_knl_Swi_Object__table__V                             
1     00000100  _ti_sysbios_knl_Clock_Module__state__V                           
1     00000116  _ti_sysbios_knl_Task_Module__state__V                            
1     00000140  _ti_sysbios_family_c28_Timer_Object__table__V                    
1     00000180  _ti_sysbios_family_c28_Hwi_Object__table__V                      
1     000001c0  _ti_sysbios_knl_Task_Module_State_0_readyQ__A                    
1     00000200  _ti_sysbios_knl_Swi_Module_State_0_readyQ__A                     
1     00000240  _xdc_runtime_LoggerBuf_Instance_State_0_entryArr__A              
1     00000280  _ti_sysbios_knl_Task_Object__table__V                            
1     000002a2  _TSK_idle                                                        
1     00000300  _xdc_runtime_SysMin_Module_State_0_outbuf__A                     
1     00000380  _ti_sysbios_family_c28_Hwi_Module_State_0_dispatchTable__A       
1     00000480  _ti_sysbios_knl_Task_Instance_State_1_stack__A                   
1     00000580  _ti_sysbios_knl_Task_Instance_State_0_stack__A                   
1     00000680  _CpuTimer1                                                       
1     00000688  _CpuTimer2                                                       
1     00000690  _CpuTimer0                                                       
1     000006a0  ___TI_cleanup_ptr                                                
1     000006a2  ___TI_dtors_ptr                                                  
1     000006a4  __lock                                                           
1     000006a6  __unlock                                                         
1     000006a8  _i16ToggleCount                                                  
1     000006a9  _ledState                                                        
1     00000880  _DevEmuRegs                                                      
1     00000985  _SysPwrCtrlRegs                                                  
1     00000a80  _FlashRegs                                                       
1     00000ae0  _CsmRegs                                                         
1     00000b00  _AdcResult                                                       
1     00000c00  _CpuTimer0Regs                                                   
1     00000c08  _CpuTimer1Regs                                                   
1     00000c10  _CpuTimer2Regs                                                   
1     00000ce0  _PieCtrlRegs                                                     
1     00001400  _Cla1Regs                                                        
1     00006000  _ECanaRegs                                                       
1     00006040  _ECanaLAMRegs                                                    
1     00006080  _ECanaMOTSRegs                                                   
1     000060c0  _ECanaMOTORegs                                                   
1     00006100  _ECanaMboxes                                                     
1     00006400  _Comp1Regs                                                       
1     00006420  _Comp2Regs                                                       
1     00006440  _Comp3Regs                                                       
1     00006800  _EPwm1Regs                                                       
1     00006840  _EPwm2Regs                                                       
1     00006880  _EPwm3Regs                                                       
1     000068c0  _EPwm4Regs                                                       
1     00006900  _EPwm5Regs                                                       
1     00006940  _EPwm6Regs                                                       
1     00006980  _EPwm7Regs                                                       
1     00006a00  _ECap1Regs                                                       
1     00006ac0  _HRCap1Regs                                                      
1     00006ae0  _HRCap2Regs                                                      
1     00006b00  _EQep1Regs                                                       
1     00006c00  _LinaRegs                                                        
1     00006f80  _GpioCtrlRegs                                                    
1     00006fc0  _GpioDataRegs                                                    
1     00006fe0  _GpioIntRegs                                                     
1     00007010  _SysCtrlRegs                                                     
1     00007040  _SpiaRegs                                                        
1     00007050  _SciaRegs                                                        
1     00007060  _NmiIntruptRegs                                                  
1     00007070  _XIntruptRegs                                                    
1     00007100  _AdcRegs                                                         
1     00007740  _SpibRegs                                                        
1     00007900  _I2caRegs                                                        
1     00008020  __stack                                                          
1     00008420  __STACK_END                                                      
1     00008440  __CIOBUF_                                                        
1     003d7e80  _PartIdRegs                                                      
1     003f7ff8  _CsmPwl                                                          
abs   00000001  _xdc_runtime_Startup__EXECFXN__C                                 
abs   00000001  _xdc_runtime_Startup__RESETFXN__C                                
abs   0000001f  _RamfuncsLoadSize                                                
abs   00000400  __STACK_SIZE                                                     
abs   ffffffff  ___binit__                                                       
abs   ffffffff  ___c_args__                                                      
abs   ffffffff  ___pinit__                                                       
abs   ffffffff  binit                                                            
abs   ffffffff  pinit                                                            

[582 symbols]
