<?xml version="1.0"?>
<link_info>
   <banner>TMS320C2000 Linker PC v6.4.6</banner>
   <copyright>Copyright (c) 1996-2015 Texas Instruments Incorporated</copyright>
   <link_time>0x56a2eea1</link_time>
   <link_errors>0x0</link_errors>
   <output_file>blink_LED_RTOS.out</output_file>
   <entry_point>
      <name>_c_int00</name>
      <address>0x3e9673</address>
   </entry_point>
   <input_file_list>
      <input_file id="fl-3">
         <path>.\</path>
         <kind>object</kind>
         <file>main.obj</file>
         <name>main.obj</name>
      </input_file>
      <input_file id="fl-4">
         <path>.\source\</path>
         <kind>object</kind>
         <file>DSP2803x_CodeStartBranch.obj</file>
         <name>DSP2803x_CodeStartBranch.obj</name>
      </input_file>
      <input_file id="fl-5">
         <path>.\source\</path>
         <kind>object</kind>
         <file>DSP2803x_CpuTimers.obj</file>
         <name>DSP2803x_CpuTimers.obj</name>
      </input_file>
      <input_file id="fl-6">
         <path>.\source\</path>
         <kind>object</kind>
         <file>DSP2803x_GlobalVariableDefs.obj</file>
         <name>DSP2803x_GlobalVariableDefs.obj</name>
      </input_file>
      <input_file id="fl-7">
         <path>.\source\</path>
         <kind>object</kind>
         <file>DSP2803x_SysCtrl.obj</file>
         <name>DSP2803x_SysCtrl.obj</name>
      </input_file>
      <input_file id="fl-8">
         <path>.\source\</path>
         <kind>object</kind>
         <file>DSP2803x_usDelay.obj</file>
         <name>DSP2803x_usDelay.obj</name>
      </input_file>
      <input_file id="fl-b">
         <path>C:\Users\Aaron Bonnell-Kangas\workspace_v6_1\blink_LED_RTOS\Debug\configPkg\package\cfg\</path>
         <kind>object</kind>
         <file>app_p28L.o28L</file>
         <name>app_p28L.o28L</name>
      </input_file>
      <input_file id="fl-13">
         <path>C:\Users\Aaron Bonnell-Kangas\workspace_v6_1\blink_LED_RTOS\src\sysbios\</path>
         <kind>archive</kind>
         <file>sysbios.a28L</file>
         <name>BIOS.obj</name>
      </input_file>
      <input_file id="fl-14">
         <path>C:\Users\Aaron Bonnell-Kangas\workspace_v6_1\blink_LED_RTOS\src\sysbios\</path>
         <kind>archive</kind>
         <file>sysbios.a28L</file>
         <name>c28_Hwi_asm.obj</name>
      </input_file>
      <input_file id="fl-15">
         <path>C:\Users\Aaron Bonnell-Kangas\workspace_v6_1\blink_LED_RTOS\src\sysbios\</path>
         <kind>archive</kind>
         <file>sysbios.a28L</file>
         <name>c28_Hwi_disp_asm.obj</name>
      </input_file>
      <input_file id="fl-16">
         <path>C:\Users\Aaron Bonnell-Kangas\workspace_v6_1\blink_LED_RTOS\src\sysbios\</path>
         <kind>archive</kind>
         <file>sysbios.a28L</file>
         <name>c28_IntrinsicsSupport_asm.obj</name>
      </input_file>
      <input_file id="fl-17">
         <path>C:\Users\Aaron Bonnell-Kangas\workspace_v6_1\blink_LED_RTOS\src\sysbios\</path>
         <kind>archive</kind>
         <file>sysbios.a28L</file>
         <name>c28_TaskSupport_asm.obj</name>
      </input_file>
      <input_file id="fl-18">
         <path>C:\ti\tirtos_c2000_2_12_01_33\products\bios_6_41_04_54\packages\ti\catalog\c2800\init\lib\</path>
         <kind>archive</kind>
         <file>Boot.a28L</file>
         <name>Boot.o28L</name>
      </input_file>
      <input_file id="fl-19">
         <path>C:\ti\tirtos_c2000_2_12_01_33\products\bios_6_41_04_54\packages\ti\targets\rts2800\lib\</path>
         <kind>archive</kind>
         <file>ti.targets.rts2800.a28L</file>
         <name>Assert.o28L</name>
      </input_file>
      <input_file id="fl-1a">
         <path>C:\ti\tirtos_c2000_2_12_01_33\products\bios_6_41_04_54\packages\ti\targets\rts2800\lib\</path>
         <kind>archive</kind>
         <file>ti.targets.rts2800.a28L</file>
         <name>Core-mem.o28L</name>
      </input_file>
      <input_file id="fl-1b">
         <path>C:\ti\tirtos_c2000_2_12_01_33\products\bios_6_41_04_54\packages\ti\targets\rts2800\lib\</path>
         <kind>archive</kind>
         <file>ti.targets.rts2800.a28L</file>
         <name>Core-smem.o28L</name>
      </input_file>
      <input_file id="fl-1c">
         <path>C:\ti\tirtos_c2000_2_12_01_33\products\bios_6_41_04_54\packages\ti\targets\rts2800\lib\</path>
         <kind>archive</kind>
         <file>ti.targets.rts2800.a28L</file>
         <name>Core-label.o28L</name>
      </input_file>
      <input_file id="fl-1d">
         <path>C:\ti\tirtos_c2000_2_12_01_33\products\bios_6_41_04_54\packages\ti\targets\rts2800\lib\</path>
         <kind>archive</kind>
         <file>ti.targets.rts2800.a28L</file>
         <name>Core-params.o28L</name>
      </input_file>
      <input_file id="fl-1e">
         <path>C:\ti\tirtos_c2000_2_12_01_33\products\bios_6_41_04_54\packages\ti\targets\rts2800\lib\</path>
         <kind>archive</kind>
         <file>ti.targets.rts2800.a28L</file>
         <name>Error.o28L</name>
      </input_file>
      <input_file id="fl-1f">
         <path>C:\ti\tirtos_c2000_2_12_01_33\products\bios_6_41_04_54\packages\ti\targets\rts2800\lib\</path>
         <kind>archive</kind>
         <file>ti.targets.rts2800.a28L</file>
         <name>Gate.o28L</name>
      </input_file>
      <input_file id="fl-20">
         <path>C:\ti\tirtos_c2000_2_12_01_33\products\bios_6_41_04_54\packages\ti\targets\rts2800\lib\</path>
         <kind>archive</kind>
         <file>ti.targets.rts2800.a28L</file>
         <name>HeapStd.o28L</name>
      </input_file>
      <input_file id="fl-21">
         <path>C:\ti\tirtos_c2000_2_12_01_33\products\bios_6_41_04_54\packages\ti\targets\rts2800\lib\</path>
         <kind>archive</kind>
         <file>ti.targets.rts2800.a28L</file>
         <name>LoggerBuf.o28L</name>
      </input_file>
      <input_file id="fl-22">
         <path>C:\ti\tirtos_c2000_2_12_01_33\products\bios_6_41_04_54\packages\ti\targets\rts2800\lib\</path>
         <kind>archive</kind>
         <file>ti.targets.rts2800.a28L</file>
         <name>Memory.o28L</name>
      </input_file>
      <input_file id="fl-23">
         <path>C:\ti\tirtos_c2000_2_12_01_33\products\bios_6_41_04_54\packages\ti\targets\rts2800\lib\</path>
         <kind>archive</kind>
         <file>ti.targets.rts2800.a28L</file>
         <name>Startup.o28L</name>
      </input_file>
      <input_file id="fl-24">
         <path>C:\ti\tirtos_c2000_2_12_01_33\products\bios_6_41_04_54\packages\ti\targets\rts2800\lib\</path>
         <kind>archive</kind>
         <file>ti.targets.rts2800.a28L</file>
         <name>System.o28L</name>
      </input_file>
      <input_file id="fl-25">
         <path>C:\ti\tirtos_c2000_2_12_01_33\products\bios_6_41_04_54\packages\ti\targets\rts2800\lib\</path>
         <kind>archive</kind>
         <file>ti.targets.rts2800.a28L</file>
         <name>SysMin.o28L</name>
      </input_file>
      <input_file id="fl-26">
         <path>C:\ti\tirtos_c2000_2_12_01_33\products\bios_6_41_04_54\packages\ti\targets\rts2800\lib\</path>
         <kind>archive</kind>
         <file>ti.targets.rts2800.a28L</file>
         <name>Text.o28L</name>
      </input_file>
      <input_file id="fl-27">
         <path>C:\ti\tirtos_c2000_2_12_01_33\products\bios_6_41_04_54\packages\ti\targets\rts2800\lib\</path>
         <kind>archive</kind>
         <file>ti.targets.rts2800.a28L</file>
         <name>xdc_noinit.o28L</name>
      </input_file>
      <input_file id="fl-28">
         <path>C:\ti\tirtos_c2000_2_12_01_33\products\bios_6_41_04_54\packages\ti\targets\rts2800\lib\</path>
         <kind>archive</kind>
         <file>ti.targets.rts2800.a28L</file>
         <name>Log.o28L</name>
      </input_file>
      <input_file id="fl-29">
         <path>C:\ti\tirtos_c2000_2_12_01_33\products\bios_6_41_04_54\packages\ti\targets\rts2800\lib\</path>
         <kind>archive</kind>
         <file>ti.targets.rts2800.a28L</file>
         <name>Registry.o28L</name>
      </input_file>
      <input_file id="fl-2a">
         <path>C:\ti\tirtos_c2000_2_12_01_33\products\bios_6_41_04_54\packages\ti\targets\rts2800\lib\</path>
         <kind>archive</kind>
         <file>boot.a28L</file>
         <name>boot_cg.o28L</name>
      </input_file>
      <input_file id="fl-30">
         <path>C:\ti\ccsv6\tools\compiler\ti-cgt-c2000_6.4.6\lib\</path>
         <kind>archive</kind>
         <file>rts2800_ml.lib</file>
         <name>_lock.obj</name>
      </input_file>
      <input_file id="fl-31">
         <path>C:\ti\ccsv6\tools\compiler\ti-cgt-c2000_6.4.6\lib\</path>
         <kind>archive</kind>
         <file>rts2800_ml.lib</file>
         <name>args_main.obj</name>
      </input_file>
      <input_file id="fl-32">
         <path>C:\ti\ccsv6\tools\compiler\ti-cgt-c2000_6.4.6\lib\</path>
         <kind>archive</kind>
         <file>rts2800_ml.lib</file>
         <name>cpy_tbl.obj</name>
      </input_file>
      <input_file id="fl-33">
         <path>C:\ti\ccsv6\tools\compiler\ti-cgt-c2000_6.4.6\lib\</path>
         <kind>archive</kind>
         <file>rts2800_ml.lib</file>
         <name>cpy_utils.obj</name>
      </input_file>
      <input_file id="fl-34">
         <path>C:\ti\ccsv6\tools\compiler\ti-cgt-c2000_6.4.6\lib\</path>
         <kind>archive</kind>
         <file>rts2800_ml.lib</file>
         <name>exit.obj</name>
      </input_file>
      <input_file id="fl-35">
         <path>C:\ti\ccsv6\tools\compiler\ti-cgt-c2000_6.4.6\lib\</path>
         <kind>archive</kind>
         <file>rts2800_ml.lib</file>
         <name>fs_mpy.obj</name>
      </input_file>
      <input_file id="fl-36">
         <path>C:\ti\ccsv6\tools\compiler\ti-cgt-c2000_6.4.6\lib\</path>
         <kind>archive</kind>
         <file>rts2800_ml.lib</file>
         <name>fs_tol.obj</name>
      </input_file>
      <input_file id="fl-37">
         <path>C:\ti\ccsv6\tools\compiler\ti-cgt-c2000_6.4.6\lib\</path>
         <kind>archive</kind>
         <file>rts2800_ml.lib</file>
         <name>ll_div.obj</name>
      </input_file>
      <input_file id="fl-38">
         <path>C:\ti\ccsv6\tools\compiler\ti-cgt-c2000_6.4.6\lib\</path>
         <kind>archive</kind>
         <file>rts2800_ml.lib</file>
         <name>memcpy.obj</name>
      </input_file>
      <input_file id="fl-39">
         <path>C:\ti\ccsv6\tools\compiler\ti-cgt-c2000_6.4.6\lib\</path>
         <kind>archive</kind>
         <file>rts2800_ml.lib</file>
         <name>memset.obj</name>
      </input_file>
      <input_file id="fl-3a">
         <path>C:\ti\ccsv6\tools\compiler\ti-cgt-c2000_6.4.6\lib\</path>
         <kind>archive</kind>
         <file>rts2800_ml.lib</file>
         <name>strcmp.obj</name>
      </input_file>
      <input_file id="fl-3b">
         <path>C:\ti\ccsv6\tools\compiler\ti-cgt-c2000_6.4.6\lib\</path>
         <kind>archive</kind>
         <file>rts2800_ml.lib</file>
         <name>strlen.obj</name>
      </input_file>
      <input_file id="fl-3c">
         <path>C:\ti\ccsv6\tools\compiler\ti-cgt-c2000_6.4.6\lib\</path>
         <kind>archive</kind>
         <file>rts2800_ml.lib</file>
         <name>trgdrv.obj</name>
      </input_file>
      <input_file id="fl-3d">
         <path>C:\ti\ccsv6\tools\compiler\ti-cgt-c2000_6.4.6\lib\</path>
         <kind>archive</kind>
         <file>rts2800_ml.lib</file>
         <name>ankmsg.obj</name>
      </input_file>
      <input_file id="fl-3e">
         <path>C:\ti\ccsv6\tools\compiler\ti-cgt-c2000_6.4.6\lib\</path>
         <kind>archive</kind>
         <file>rts2800_ml.lib</file>
         <name>strcpy.obj</name>
      </input_file>
   </input_file_list>
   <object_component_list>
      <object_component id="oc-98">
         <name>.cinit</name>
         <load_address>0x3ead10</load_address>
         <run_address>0x3ead10</run_address>
         <size>0x3c2</size>
         <input_file_ref idref="fl-b"/>
      </object_component>
      <object_component id="oc-11f">
         <name>.cinit</name>
         <load_address>0x3eb0d2</load_address>
         <run_address>0x3eb0d2</run_address>
         <size>0xa</size>
         <input_file_ref idref="fl-34"/>
      </object_component>
      <object_component id="oc-1eb">
         <name>.cinit:__lock</name>
         <load_address>0x3eb0dc</load_address>
         <run_address>0x3eb0dc</run_address>
         <size>0x5</size>
         <input_file_ref idref="fl-30"/>
      </object_component>
      <object_component id="oc-1ea">
         <name>.cinit:__unlock</name>
         <load_address>0x3eb0e1</load_address>
         <run_address>0x3eb0e1</run_address>
         <size>0x5</size>
         <input_file_ref idref="fl-30"/>
      </object_component>
      <object_component id="oc-49">
         <name>.cinit</name>
         <load_address>0x3eb0e6</load_address>
         <run_address>0x3eb0e6</run_address>
         <size>0x4</size>
         <input_file_ref idref="fl-3"/>
      </object_component>
      <object_component id="oc-2c4">
         <name>.text:_xdc_runtime_System_doPrint__I</name>
         <load_address>0x3e8000</load_address>
         <run_address>0x3e8000</run_address>
         <size>0x21d</size>
         <input_file_ref idref="fl-24"/>
      </object_component>
      <object_component id="oc-2a9">
         <name>.text</name>
         <load_address>0x3e821d</load_address>
         <run_address>0x3e821d</run_address>
         <size>0x1f7</size>
         <input_file_ref idref="fl-3c"/>
      </object_component>
      <object_component id="oc-190">
         <name>.text:_ti_sysbios_knl_Semaphore_pend__E</name>
         <load_address>0x3e8414</load_address>
         <run_address>0x3e8414</run_address>
         <size>0x1a6</size>
         <input_file_ref idref="fl-13"/>
      </object_component>
      <object_component id="oc-18c">
         <name>.text</name>
         <load_address>0x3e85ba</load_address>
         <run_address>0x3e85ba</run_address>
         <size>0x144</size>
         <input_file_ref idref="fl-7"/>
      </object_component>
      <object_component id="oc-12f">
         <name>.text</name>
         <load_address>0x3e86fe</load_address>
         <run_address>0x3e86fe</run_address>
         <size>0x107</size>
         <input_file_ref idref="fl-37"/>
      </object_component>
      <object_component id="oc-17e">
         <name>.text:_xdc_runtime_HeapStd_alloc__E</name>
         <load_address>0x3e8805</load_address>
         <run_address>0x3e8805</run_address>
         <size>0x102</size>
         <input_file_ref idref="fl-20"/>
      </object_component>
      <object_component id="oc-22c">
         <name>.text:_ti_sysbios_family_c28_Hwi_clearInterrupt__E</name>
         <load_address>0x3e8907</load_address>
         <run_address>0x3e8907</run_address>
         <size>0xe9</size>
         <input_file_ref idref="fl-13"/>
      </object_component>
      <object_component id="oc-191">
         <name>.text:_ti_sysbios_knl_Task_setPri__E</name>
         <load_address>0x3e89f0</load_address>
         <run_address>0x3e89f0</run_address>
         <size>0xcd</size>
         <input_file_ref idref="fl-13"/>
      </object_component>
      <object_component id="oc-1a2">
         <name>.text:_xdc_runtime_LoggerBuf_write8__E</name>
         <load_address>0x3e8abd</load_address>
         <run_address>0x3e8abd</run_address>
         <size>0xc0</size>
         <input_file_ref idref="fl-21"/>
      </object_component>
      <object_component id="oc-1b7">
         <name>.text:_xdc_runtime_Core_createObject__I</name>
         <load_address>0x3e8b7d</load_address>
         <run_address>0x3e8b7d</run_address>
         <size>0xb7</size>
         <input_file_ref idref="fl-1a"/>
      </object_component>
      <object_component id="oc-2d5">
         <name>.text:_xdc_runtime_System_printfExtend__I</name>
         <load_address>0x3e8c34</load_address>
         <run_address>0x3e8c34</run_address>
         <size>0xb6</size>
         <input_file_ref idref="fl-b"/>
      </object_component>
      <object_component id="oc-164">
         <name>.text</name>
         <load_address>0x3e8cea</load_address>
         <run_address>0x3e8cea</run_address>
         <size>0xa8</size>
         <input_file_ref idref="fl-3"/>
      </object_component>
      <object_component id="oc-22d">
         <name>.text:_ti_sysbios_family_c28_Hwi_enableInterrupt__E</name>
         <load_address>0x3e8d92</load_address>
         <run_address>0x3e8d92</run_address>
         <size>0x96</size>
         <input_file_ref idref="fl-13"/>
      </object_component>
      <object_component id="oc-2bb">
         <name>.text</name>
         <load_address>0x3e8e28</load_address>
         <run_address>0x3e8e28</run_address>
         <size>0x94</size>
         <input_file_ref idref="fl-3d"/>
      </object_component>
      <object_component id="oc-252">
         <name>.text:_xdc_runtime_Core_constructObject__I</name>
         <load_address>0x3e8ebc</load_address>
         <run_address>0x3e8ebc</run_address>
         <size>0x91</size>
         <input_file_ref idref="fl-1b"/>
      </object_component>
      <object_component id="oc-205">
         <name>.text:_xdc_runtime_Error_policyDefault__E</name>
         <load_address>0x3e8f4d</load_address>
         <run_address>0x3e8f4d</run_address>
         <size>0x8c</size>
         <input_file_ref idref="fl-1e"/>
      </object_component>
      <object_component id="oc-1c8">
         <name>.text:_xdc_runtime_HeapStd_Instance_init__E</name>
         <load_address>0x3e8fd9</load_address>
         <run_address>0x3e8fd9</run_address>
         <size>0x89</size>
         <input_file_ref idref="fl-20"/>
      </object_component>
      <object_component id="oc-2c6">
         <name>.text:_ti_sysbios_family_c28_Hwi_disableInterrupt__E</name>
         <load_address>0x3e9062</load_address>
         <run_address>0x3e9062</run_address>
         <size>0x88</size>
         <input_file_ref idref="fl-13"/>
      </object_component>
      <object_component id="oc-25d">
         <name>.text:_ti_sysbios_family_c28_Hwi_disablePIEIER__E</name>
         <load_address>0x3e90ea</load_address>
         <run_address>0x3e90ea</run_address>
         <size>0x85</size>
         <input_file_ref idref="fl-13"/>
      </object_component>
      <object_component id="oc-18f">
         <name>.text:_ti_sysbios_knl_Semaphore_post__E</name>
         <load_address>0x3e916f</load_address>
         <run_address>0x3e916f</run_address>
         <size>0x84</size>
         <input_file_ref idref="fl-13"/>
      </object_component>
      <object_component id="oc-2b1">
         <name>.text:_ti_sysbios_family_c28_Hwi_dispatch</name>
         <load_address>0x3e91f3</load_address>
         <run_address>0x3e91f3</run_address>
         <size>0x83</size>
         <input_file_ref idref="fl-15"/>
      </object_component>
      <object_component id="oc-25c">
         <name>.text:_ti_sysbios_family_c28_Hwi_enablePIEIER__E</name>
         <load_address>0x3e9276</load_address>
         <run_address>0x3e9276</run_address>
         <size>0x80</size>
         <input_file_ref idref="fl-13"/>
      </object_component>
      <object_component id="oc-1a1">
         <name>.text:_xdc_runtime_LoggerBuf_write4__E</name>
         <load_address>0x3e92f6</load_address>
         <run_address>0x3e92f6</run_address>
         <size>0x7d</size>
         <input_file_ref idref="fl-21"/>
      </object_component>
      <object_component id="oc-230">
         <name>.text:_ti_sysbios_knl_Task_checkStacks__E</name>
         <load_address>0x3e9373</load_address>
         <run_address>0x3e9373</run_address>
         <size>0x75</size>
         <input_file_ref idref="fl-13"/>
      </object_component>
      <object_component id="oc-209">
         <name>.text:_xdc_runtime_Startup_startMods__I</name>
         <load_address>0x3e93e8</load_address>
         <run_address>0x3e93e8</run_address>
         <size>0x75</size>
         <input_file_ref idref="fl-23"/>
      </object_component>
      <object_component id="oc-186">
         <name>.text:_ti_sysbios_gates_GateMutex_enter__E</name>
         <load_address>0x3e945d</load_address>
         <run_address>0x3e945d</run_address>
         <size>0x72</size>
         <input_file_ref idref="fl-13"/>
      </object_component>
      <object_component id="oc-17f">
         <name>.text:_xdc_runtime_HeapStd_free__E</name>
         <load_address>0x3e94cf</load_address>
         <run_address>0x3e94cf</run_address>
         <size>0x70</size>
         <input_file_ref idref="fl-20"/>
      </object_component>
      <object_component id="oc-253">
         <name>.text:_ti_sysbios_knl_Semaphore_Instance_init__E</name>
         <load_address>0x3e953f</load_address>
         <run_address>0x3e953f</run_address>
         <size>0x6c</size>
         <input_file_ref idref="fl-13"/>
      </object_component>
      <object_component id="oc-2b2">
         <name>.text:_ti_sysbios_family_c28_Timer_stopAndClear__I</name>
         <load_address>0x3e95ab</load_address>
         <run_address>0x3e95ab</run_address>
         <size>0x66</size>
         <input_file_ref idref="fl-13"/>
      </object_component>
      <object_component id="oc-291">
         <name>.text:_xdc_runtime_Text_putSite__E</name>
         <load_address>0x3e9611</load_address>
         <run_address>0x3e9611</run_address>
         <size>0x62</size>
         <input_file_ref idref="fl-26"/>
      </object_component>
      <object_component id="oc-47">
         <name>.text</name>
         <load_address>0x3e9673</load_address>
         <run_address>0x3e9673</run_address>
         <size>0x61</size>
         <input_file_ref idref="fl-2a"/>
      </object_component>
      <object_component id="oc-125">
         <name>.text</name>
         <load_address>0x3e96d4</load_address>
         <run_address>0x3e96d4</run_address>
         <size>0x5a</size>
         <input_file_ref idref="fl-35"/>
      </object_component>
      <object_component id="oc-2d8">
         <name>.text:_ti_sysbios_family_c28_Hwi_dispatchCore__I</name>
         <load_address>0x3e972e</load_address>
         <run_address>0x3e972e</run_address>
         <size>0x4d</size>
         <input_file_ref idref="fl-13"/>
      </object_component>
      <object_component id="oc-2a6">
         <name>.text:_ti_sysbios_knl_Task_postInit__I</name>
         <load_address>0x3e977b</load_address>
         <run_address>0x3e977b</run_address>
         <size>0x4b</size>
         <input_file_ref idref="fl-13"/>
      </object_component>
      <object_component id="oc-285">
         <name>.text:_ti_sysbios_family_c28_Hwi_Module_startup__E</name>
         <load_address>0x3e97c6</load_address>
         <run_address>0x3e97c6</run_address>
         <size>0x48</size>
         <input_file_ref idref="fl-13"/>
      </object_component>
      <object_component id="oc-15a">
         <name>.text</name>
         <load_address>0x3e980e</load_address>
         <run_address>0x3e980e</run_address>
         <size>0x47</size>
         <input_file_ref idref="fl-32"/>
      </object_component>
      <object_component id="oc-233">
         <name>.text:_ti_sysbios_family_c28_TimestampProvider_get64__E</name>
         <load_address>0x3e9855</load_address>
         <run_address>0x3e9855</run_address>
         <size>0x43</size>
         <input_file_ref idref="fl-13"/>
      </object_component>
      <object_component id="oc-2da">
         <name>.text:_xdc_runtime_Text_putLab__E</name>
         <load_address>0x3e9898</load_address>
         <run_address>0x3e9898</run_address>
         <size>0x40</size>
         <input_file_ref idref="fl-26"/>
      </object_component>
      <object_component id="oc-168">
         <name>.text:_ti_sysbios_knl_Clock_workFunc__E</name>
         <load_address>0x3e98d8</load_address>
         <run_address>0x3e98d8</run_address>
         <size>0x3f</size>
         <input_file_ref idref="fl-13"/>
      </object_component>
      <object_component id="oc-1a3">
         <name>.text:_xdc_runtime_LoggerBuf_setFilterLevel__E</name>
         <load_address>0x3e9917</load_address>
         <run_address>0x3e9917</run_address>
         <size>0x3f</size>
         <input_file_ref idref="fl-21"/>
      </object_component>
      <object_component id="oc-235">
         <name>.text:_xdc_runtime_Memory_alloc__E</name>
         <load_address>0x3e9956</load_address>
         <run_address>0x3e9956</run_address>
         <size>0x3e</size>
         <input_file_ref idref="fl-22"/>
      </object_component>
      <object_component id="oc-2c8">
         <name>.text:_ti_sysbios_family_c28_TaskSupport_start__E</name>
         <load_address>0x3e9994</load_address>
         <run_address>0x3e9994</run_address>
         <size>0x3d</size>
         <input_file_ref idref="fl-13"/>
      </object_component>
      <object_component id="oc-1b9">
         <name>.text:_xdc_runtime_Core_deleteObject__I</name>
         <load_address>0x3e99d1</load_address>
         <run_address>0x3e99d1</run_address>
         <size>0x3d</size>
         <input_file_ref idref="fl-1a"/>
      </object_component>
      <object_component id="oc-29e">
         <name>.text:_ti_sysbios_family_c28_Timer_postInit__I</name>
         <load_address>0x3e9a0e</load_address>
         <run_address>0x3e9a0e</run_address>
         <size>0x3c</size>
         <input_file_ref idref="fl-13"/>
      </object_component>
      <object_component id="oc-26c">
         <name>.text:_ti_sysbios_knl_Swi_run__I</name>
         <load_address>0x3e9a4a</load_address>
         <run_address>0x3e9a4a</run_address>
         <size>0x3c</size>
         <input_file_ref idref="fl-13"/>
      </object_component>
      <object_component id="oc-1a4">
         <name>.text:_xdc_runtime_LoggerBuf_getFilterLevel__E</name>
         <load_address>0x3e9a86</load_address>
         <run_address>0x3e9a86</run_address>
         <size>0x3c</size>
         <input_file_ref idref="fl-21"/>
      </object_component>
      <object_component id="oc-2cc">
         <name>.text:_xdc_runtime_System_formatNum__I</name>
         <load_address>0x3e9ac2</load_address>
         <run_address>0x3e9ac2</run_address>
         <size>0x3b</size>
         <input_file_ref idref="fl-24"/>
      </object_component>
      <object_component id="oc-1a5">
         <name>.text:_xdc_runtime_LoggerBuf_Object__create__S</name>
         <load_address>0x3e9afd</load_address>
         <run_address>0x3e9afd</run_address>
         <size>0x38</size>
         <input_file_ref idref="fl-b"/>
      </object_component>
      <object_component id="oc-2ac">
         <name>.text:_xdc_runtime_Text_putMod__E</name>
         <load_address>0x3e9b35</load_address>
         <run_address>0x3e9b35</run_address>
         <size>0x38</size>
         <input_file_ref idref="fl-26"/>
      </object_component>
      <object_component id="oc-182">
         <name>.text:_xdc_runtime_HeapStd_Object__create__S</name>
         <load_address>0x3e9b6d</load_address>
         <run_address>0x3e9b6d</run_address>
         <size>0x37</size>
         <input_file_ref idref="fl-b"/>
      </object_component>
      <object_component id="oc-284">
         <name>.text:_ti_sysbios_family_c28_TimestampProvider_Module_startup__E</name>
         <load_address>0x3e9ba4</load_address>
         <run_address>0x3e9ba4</run_address>
         <size>0x36</size>
         <input_file_ref idref="fl-13"/>
      </object_component>
      <object_component id="oc-2db">
         <name>.text:_ti_sysbios_knl_Swi_restoreHwi__E</name>
         <load_address>0x3e9bda</load_address>
         <run_address>0x3e9bda</run_address>
         <size>0x36</size>
         <input_file_ref idref="fl-13"/>
      </object_component>
      <object_component id="oc-1f3">
         <name>.text:_ti_sysbios_knl_Task_startCore__E</name>
         <load_address>0x3e9c10</load_address>
         <run_address>0x3e9c10</run_address>
         <size>0x35</size>
         <input_file_ref idref="fl-13"/>
      </object_component>
      <object_component id="oc-289">
         <name>.text:_ti_sysbios_knl_Task_Module_startup__E</name>
         <load_address>0x3e9c45</load_address>
         <run_address>0x3e9c45</run_address>
         <size>0x33</size>
         <input_file_ref idref="fl-13"/>
      </object_component>
      <object_component id="oc-27e">
         <name>.text:_xdc_runtime_Error_print__E</name>
         <load_address>0x3e9c78</load_address>
         <run_address>0x3e9c78</run_address>
         <size>0x32</size>
         <input_file_ref idref="fl-1e"/>
      </object_component>
      <object_component id="oc-15b">
         <name>.text:_xdc_runtime_Startup_exec__E</name>
         <load_address>0x3e9caa</load_address>
         <run_address>0x3e9caa</run_address>
         <size>0x31</size>
         <input_file_ref idref="fl-23"/>
      </object_component>
      <object_component id="oc-201">
         <name>.text:_xdc_runtime_LoggerBuf_Instance_init__E</name>
         <load_address>0x3e9cdb</load_address>
         <run_address>0x3e9cdb</run_address>
         <size>0x30</size>
         <input_file_ref idref="fl-21"/>
      </object_component>
      <object_component id="oc-27b">
         <name>.text:_ti_sysbios_family_c28_Hwi_getInterruptFlag__E</name>
         <load_address>0x3e9d0b</load_address>
         <run_address>0x3e9d0b</run_address>
         <size>0x2f</size>
         <input_file_ref idref="fl-13"/>
      </object_component>
      <object_component id="oc-237">
         <name>.text:_ti_sysbios_knl_Swi_runLoop__I</name>
         <load_address>0x3e9d3a</load_address>
         <run_address>0x3e9d3a</run_address>
         <size>0x2f</size>
         <input_file_ref idref="fl-13"/>
      </object_component>
      <object_component id="oc-203">
         <name>.text:_ti_sysbios_knl_Swi_schedule__I</name>
         <load_address>0x3e9d69</load_address>
         <run_address>0x3e9d69</run_address>
         <size>0x2f</size>
         <input_file_ref idref="fl-13"/>
      </object_component>
      <object_component id="oc-226">
         <name>.text:_ti_sysbios_knl_Task_schedule__I</name>
         <load_address>0x3e9d98</load_address>
         <run_address>0x3e9d98</run_address>
         <size>0x2f</size>
         <input_file_ref idref="fl-13"/>
      </object_component>
      <object_component id="oc-1c0">
         <name>.text:_xdc_runtime_Assert_raise__I</name>
         <load_address>0x3e9dc7</load_address>
         <run_address>0x3e9dc7</run_address>
         <size>0x2f</size>
         <input_file_ref idref="fl-19"/>
      </object_component>
      <object_component id="oc-214">
         <name>.text:_xdc_runtime_Core_assignParams__I</name>
         <load_address>0x3e9df6</load_address>
         <run_address>0x3e9df6</run_address>
         <size>0x2f</size>
         <input_file_ref idref="fl-1d"/>
      </object_component>
      <object_component id="oc-170">
         <name>.text:.bootCodeSection:_ti_catalog_c2800_init_Boot_configurePll2802x</name>
         <load_address>0x3e9e25</load_address>
         <run_address>0x3e9e25</run_address>
         <size>0x2e</size>
         <input_file_ref idref="fl-18"/>
      </object_component>
      <object_component id="oc-1f0">
         <name>.text:_ti_sysbios_family_c28_Timer_start__E</name>
         <load_address>0x3e9e53</load_address>
         <run_address>0x3e9e53</run_address>
         <size>0x2c</size>
         <input_file_ref idref="fl-13"/>
      </object_component>
      <object_component id="oc-23a">
         <name>.text:_xdc_runtime_Error_setX__E</name>
         <load_address>0x3e9e7f</load_address>
         <run_address>0x3e9e7f</run_address>
         <size>0x2c</size>
         <input_file_ref idref="fl-1e"/>
      </object_component>
      <object_component id="oc-271">
         <name>.text:_ti_sysbios_family_c28_Hwi_getStackInfo__E</name>
         <load_address>0x3e9eab</load_address>
         <run_address>0x3e9eab</run_address>
         <size>0x2a</size>
         <input_file_ref idref="fl-13"/>
      </object_component>
      <object_component id="oc-a3">
         <name>.text:_ti_sysbios_family_c28_Hwi_unPluggedInterrupt__I</name>
         <load_address>0x3e9ed5</load_address>
         <run_address>0x3e9ed5</run_address>
         <size>0x29</size>
         <input_file_ref idref="fl-13"/>
      </object_component>
      <object_component id="oc-267">
         <name>.text:_ti_sysbios_family_c28_Timer_getExpiredCounts64__E</name>
         <load_address>0x3e9efe</load_address>
         <run_address>0x3e9efe</run_address>
         <size>0x29</size>
         <input_file_ref idref="fl-13"/>
      </object_component>
      <object_component id="oc-12a">
         <name>.text</name>
         <load_address>0x3e9f27</load_address>
         <run_address>0x3e9f27</run_address>
         <size>0x29</size>
         <input_file_ref idref="fl-36"/>
      </object_component>
      <object_component id="oc-2ad">
         <name>.text:_xdc_runtime_Text_xprintf__I</name>
         <load_address>0x3e9f50</load_address>
         <run_address>0x3e9f50</run_address>
         <size>0x27</size>
         <input_file_ref idref="fl-26"/>
      </object_component>
      <object_component id="oc-268">
         <name>.text:_ti_sysbios_family_c28_Timer_getExpiredCounts__E</name>
         <load_address>0x3e9f77</load_address>
         <run_address>0x3e9f77</run_address>
         <size>0x26</size>
         <input_file_ref idref="fl-13"/>
      </object_component>
      <object_component id="oc-24b">
         <name>.text:_xdc_runtime_SysMin_flush__E</name>
         <load_address>0x3e9f9d</load_address>
         <run_address>0x3e9f9d</run_address>
         <size>0x26</size>
         <input_file_ref idref="fl-25"/>
      </object_component>
      <object_component id="oc-174">
         <name>.text:_xdc_runtime_System_processAtExit__E</name>
         <load_address>0x3e9fc3</load_address>
         <run_address>0x3e9fc3</run_address>
         <size>0x24</size>
         <input_file_ref idref="fl-24"/>
      </object_component>
      <object_component id="oc-1ab">
         <name>.text:_ti_sysbios_knl_Swi_post__E</name>
         <load_address>0x3e9fe7</load_address>
         <run_address>0x3e9fe7</run_address>
         <size>0x22</size>
         <input_file_ref idref="fl-13"/>
      </object_component>
      <object_component id="oc-1e0">
         <name>.text:_ti_sysbios_knl_Task_blockI__E</name>
         <load_address>0x3ea009</load_address>
         <run_address>0x3ea009</run_address>
         <size>0x22</size>
         <input_file_ref idref="fl-13"/>
      </object_component>
      <object_component id="oc-2b4">
         <name>.text:_ti_sysbios_family_c28_Timer_setPrescale__E</name>
         <load_address>0x3ea02b</load_address>
         <run_address>0x3ea02b</run_address>
         <size>0x20</size>
         <input_file_ref idref="fl-13"/>
      </object_component>
      <object_component id="oc-22e">
         <name>.text:_ti_sysbios_knl_Task_allBlockedFunction__I</name>
         <load_address>0x3ea04b</load_address>
         <run_address>0x3ea04b</run_address>
         <size>0x20</size>
         <input_file_ref idref="fl-13"/>
      </object_component>
      <object_component id="oc-2b6">
         <name>.text:_ti_sysbios_knl_Task_exit__E</name>
         <load_address>0x3ea06b</load_address>
         <run_address>0x3ea06b</run_address>
         <size>0x20</size>
         <input_file_ref idref="fl-13"/>
      </object_component>
      <object_component id="oc-193">
         <name>.text:_xdc_runtime_System_atexit__E</name>
         <load_address>0x3ea08b</load_address>
         <run_address>0x3ea08b</run_address>
         <size>0x1f</size>
         <input_file_ref idref="fl-24"/>
      </object_component>
      <object_component id="oc-17a">
         <name>.text:_ti_sysbios_gates_GateHwi_Object__create__S</name>
         <load_address>0x3ea0aa</load_address>
         <run_address>0x3ea0aa</run_address>
         <size>0x1e</size>
         <input_file_ref idref="fl-b"/>
      </object_component>
      <object_component id="oc-188">
         <name>.text:_ti_sysbios_gates_GateMutex_Object__create__S</name>
         <load_address>0x3ea0c8</load_address>
         <run_address>0x3ea0c8</run_address>
         <size>0x1e</size>
         <input_file_ref idref="fl-b"/>
      </object_component>
      <object_component id="oc-1f7">
         <name>.text:_xdc_runtime_LoggerBuf_filterOutEvent__I</name>
         <load_address>0x3ea0e6</load_address>
         <run_address>0x3ea0e6</run_address>
         <size>0x1e</size>
         <input_file_ref idref="fl-21"/>
      </object_component>
      <object_component id="oc-2d4">
         <name>.text:_ti_sysbios_family_c28_TaskSupport_buildTaskStack</name>
         <load_address>0x3ea104</load_address>
         <run_address>0x3ea104</run_address>
         <size>0x1d</size>
         <input_file_ref idref="fl-17"/>
      </object_component>
      <object_component id="oc-224">
         <name>.text:_ti_sysbios_knl_Semaphore_construct</name>
         <load_address>0x3ea121</load_address>
         <run_address>0x3ea121</run_address>
         <size>0x1d</size>
         <input_file_ref idref="fl-b"/>
      </object_component>
      <object_component id="oc-28b">
         <name>.text:_xdc_runtime_SysMin_output__I</name>
         <load_address>0x3ea13e</load_address>
         <run_address>0x3ea13e</run_address>
         <size>0x1d</size>
         <input_file_ref idref="fl-b"/>
      </object_component>
      <object_component id="oc-18d">
         <name>.text</name>
         <load_address>0x3ea15b</load_address>
         <run_address>0x3ea15b</run_address>
         <size>0x1d</size>
         <input_file_ref idref="fl-38"/>
      </object_component>
      <object_component id="oc-294">
         <name>.text:_xdc_runtime_SysMin_putch__E</name>
         <load_address>0x3ea178</load_address>
         <run_address>0x3ea178</run_address>
         <size>0x1c</size>
         <input_file_ref idref="fl-25"/>
      </object_component>
      <object_component id="oc-2ce">
         <name>.text:_ti_sysbios_family_c28_Hwi_switchAndDispatch__I</name>
         <load_address>0x3ea194</load_address>
         <run_address>0x3ea194</run_address>
         <size>0x1b</size>
         <input_file_ref idref="fl-14"/>
      </object_component>
      <object_component id="oc-26d">
         <name>.text:_ti_sysbios_hal_Hwi_checkStack</name>
         <load_address>0x3ea1af</load_address>
         <run_address>0x3ea1af</run_address>
         <size>0x1b</size>
         <input_file_ref idref="fl-13"/>
      </object_component>
      <object_component id="oc-208">
         <name>.text:_ti_sysbios_hal_Hwi_initStack</name>
         <load_address>0x3ea1ca</load_address>
         <run_address>0x3ea1ca</run_address>
         <size>0x1b</size>
         <input_file_ref idref="fl-13"/>
      </object_component>
      <object_component id="oc-2c7">
         <name>.text:_ti_sysbios_knl_Task_processVitalTaskFlag__I</name>
         <load_address>0x3ea1e5</load_address>
         <run_address>0x3ea1e5</run_address>
         <size>0x1b</size>
         <input_file_ref idref="fl-13"/>
      </object_component>
      <object_component id="oc-1ba">
         <name>.text:_xdc_runtime_Core_assignLabel__I</name>
         <load_address>0x3ea200</load_address>
         <run_address>0x3ea200</run_address>
         <size>0x1a</size>
         <input_file_ref idref="fl-1c"/>
      </object_component>
      <object_component id="oc-119">
         <name>.text</name>
         <load_address>0x3ea21a</load_address>
         <run_address>0x3ea21a</run_address>
         <size>0x1a</size>
         <input_file_ref idref="fl-33"/>
      </object_component>
      <object_component id="oc-277">
         <name>.text:_ti_sysbios_knl_Queue_construct</name>
         <load_address>0x3ea234</load_address>
         <run_address>0x3ea234</run_address>
         <size>0x19</size>
         <input_file_ref idref="fl-b"/>
      </object_component>
      <object_component id="oc-1f2">
         <name>.text:_ti_sysbios_knl_Swi_restore__E</name>
         <load_address>0x3ea24d</load_address>
         <run_address>0x3ea24d</run_address>
         <size>0x19</size>
         <input_file_ref idref="fl-13"/>
      </object_component>
      <object_component id="oc-2af">
         <name>.text:_xdc_runtime_System_avprintf__E</name>
         <load_address>0x3ea266</load_address>
         <run_address>0x3ea266</run_address>
         <size>0x19</size>
         <input_file_ref idref="fl-24"/>
      </object_component>
      <object_component id="oc-2cd">
         <name>.text:_xdc_runtime_System_putchar__I</name>
         <load_address>0x3ea27f</load_address>
         <run_address>0x3ea27f</run_address>
         <size>0x19</size>
         <input_file_ref idref="fl-24"/>
      </object_component>
      <object_component id="oc-15c">
         <name>.text</name>
         <load_address>0x3ea298</load_address>
         <run_address>0x3ea298</run_address>
         <size>0x19</size>
         <input_file_ref idref="fl-31"/>
      </object_component>
      <object_component id="oc-20d">
         <name>.text</name>
         <load_address>0x3ea2b1</load_address>
         <run_address>0x3ea2b1</run_address>
         <size>0x19</size>
         <input_file_ref idref="fl-34"/>
      </object_component>
      <object_component id="oc-238">
         <name>.text:_ti_sysbios_family_xxx_Hwi_switchAndRunFunc</name>
         <load_address>0x3ea2ca</load_address>
         <run_address>0x3ea2ca</run_address>
         <size>0x18</size>
         <input_file_ref idref="fl-14"/>
      </object_component>
      <object_component id="oc-24c">
         <name>.text:_xdc_runtime_Memory_valloc__E</name>
         <load_address>0x3ea2e2</load_address>
         <run_address>0x3ea2e2</run_address>
         <size>0x18</size>
         <input_file_ref idref="fl-22"/>
      </object_component>
      <object_component id="oc-2b0">
         <name>.text:_xdc_runtime_System_vprintf__E</name>
         <load_address>0x3ea2fa</load_address>
         <run_address>0x3ea2fa</run_address>
         <size>0x18</size>
         <input_file_ref idref="fl-24"/>
      </object_component>
      <object_component id="oc-2c1">
         <name>.text:_xdc_runtime_Text_printVisFxn__I</name>
         <load_address>0x3ea312</load_address>
         <run_address>0x3ea312</run_address>
         <size>0x18</size>
         <input_file_ref idref="fl-26"/>
      </object_component>
      <object_component id="oc-195">
         <name>.text:_ti_sysbios_family_c28_Timer_startup__E</name>
         <load_address>0x3ea32a</load_address>
         <run_address>0x3ea32a</run_address>
         <size>0x17</size>
         <input_file_ref idref="fl-13"/>
      </object_component>
      <object_component id="oc-1dc">
         <name>.text:_ti_sysbios_knl_Clock_addI__E</name>
         <load_address>0x3ea341</load_address>
         <run_address>0x3ea341</run_address>
         <size>0x17</size>
         <input_file_ref idref="fl-13"/>
      </object_component>
      <object_component id="oc-16a">
         <name>.text:_ti_sysbios_knl_Clock_doTick__I</name>
         <load_address>0x3ea358</load_address>
         <run_address>0x3ea358</run_address>
         <size>0x17</size>
         <input_file_ref idref="fl-b"/>
      </object_component>
      <object_component id="oc-1db">
         <name>.text:_ti_sysbios_knl_Semaphore_pendTimeout__I</name>
         <load_address>0x3ea36f</load_address>
         <run_address>0x3ea36f</run_address>
         <size>0x17</size>
         <input_file_ref idref="fl-13"/>
      </object_component>
      <object_component id="oc-1d4">
         <name>.text:_ti_sysbios_knl_Task_unblockI__E</name>
         <load_address>0x3ea386</load_address>
         <run_address>0x3ea386</run_address>
         <size>0x17</size>
         <input_file_ref idref="fl-13"/>
      </object_component>
      <object_component id="oc-281">
         <name>.text:_xdc_runtime_LoggerBuf_Module_startup__E</name>
         <load_address>0x3ea39d</load_address>
         <run_address>0x3ea39d</run_address>
         <size>0x17</size>
         <input_file_ref idref="fl-21"/>
      </object_component>
      <object_component id="oc-192">
         <name>.text:_ti_sysbios_BIOS_atExitFunc__I</name>
         <load_address>0x3ea3b4</load_address>
         <run_address>0x3ea3b4</run_address>
         <size>0x16</size>
         <input_file_ref idref="fl-b"/>
      </object_component>
      <object_component id="oc-286">
         <name>.text:_ti_sysbios_family_c28_Timer_Module_startup__E</name>
         <load_address>0x3ea3ca</load_address>
         <run_address>0x3ea3ca</run_address>
         <size>0x16</size>
         <input_file_ref idref="fl-13"/>
      </object_component>
      <object_component id="oc-288">
         <name>.text:_ti_sysbios_knl_Swi_Module_startup__E</name>
         <load_address>0x3ea3e0</load_address>
         <run_address>0x3ea3e0</run_address>
         <size>0x16</size>
         <input_file_ref idref="fl-13"/>
      </object_component>
      <object_component id="oc-1d5">
         <name>.text:_ti_sysbios_knl_Task_restore__E</name>
         <load_address>0x3ea3f6</load_address>
         <run_address>0x3ea3f6</run_address>
         <size>0x16</size>
         <input_file_ref idref="fl-13"/>
      </object_component>
      <object_component id="oc-236">
         <name>.text:_xdc_runtime_LoggerBuf_reset__E</name>
         <load_address>0x3ea40c</load_address>
         <run_address>0x3ea40c</run_address>
         <size>0x16</size>
         <input_file_ref idref="fl-21"/>
      </object_component>
      <object_component id="oc-27f">
         <name>.text:_xdc_runtime_SysMin_abort__E</name>
         <load_address>0x3ea422</load_address>
         <run_address>0x3ea422</run_address>
         <size>0x16</size>
         <input_file_ref idref="fl-25"/>
      </object_component>
      <object_component id="oc-1ac">
         <name>.text:_ti_sysbios_knl_Idle_run__E</name>
         <load_address>0x3ea438</load_address>
         <run_address>0x3ea438</run_address>
         <size>0x15</size>
         <input_file_ref idref="fl-13"/>
      </object_component>
      <object_component id="oc-189">
         <name>.text:_ti_sysbios_gates_GateMutex_Object__delete__S</name>
         <load_address>0x3ea44d</load_address>
         <run_address>0x3ea44d</run_address>
         <size>0x13</size>
         <input_file_ref idref="fl-b"/>
      </object_component>
      <object_component id="oc-17b">
         <name>.text:_ti_sysbios_gates_GateHwi_Object__delete__S</name>
         <load_address>0x3ea460</load_address>
         <run_address>0x3ea460</run_address>
         <size>0x12</size>
         <input_file_ref idref="fl-b"/>
      </object_component>
      <object_component id="oc-287">
         <name>.text:_ti_sysbios_knl_Clock_Module_startup__E</name>
         <load_address>0x3ea472</load_address>
         <run_address>0x3ea472</run_address>
         <size>0x12</size>
         <input_file_ref idref="fl-13"/>
      </object_component>
      <object_component id="oc-1a6">
         <name>.text:_xdc_runtime_LoggerBuf_Object__delete__S</name>
         <load_address>0x3ea484</load_address>
         <run_address>0x3ea484</run_address>
         <size>0x12</size>
         <input_file_ref idref="fl-b"/>
      </object_component>
      <object_component id="oc-218">
         <name>.text:_xdc_runtime_Text_cordText__E</name>
         <load_address>0x3ea496</load_address>
         <run_address>0x3ea496</run_address>
         <size>0x12</size>
         <input_file_ref idref="fl-26"/>
      </object_component>
      <object_component id="oc-26e">
         <name>.text:_ti_sysbios_BIOS_errorRaiseHook__I</name>
         <load_address>0x3ea4a8</load_address>
         <run_address>0x3ea4a8</run_address>
         <size>0x11</size>
         <input_file_ref idref="fl-b"/>
      </object_component>
      <object_component id="oc-183">
         <name>.text:_xdc_runtime_HeapStd_Object__delete__S</name>
         <load_address>0x3ea4b9</load_address>
         <run_address>0x3ea4b9</run_address>
         <size>0x11</size>
         <input_file_ref idref="fl-b"/>
      </object_component>
      <object_component id="oc-2b3">
         <name>.text:_ti_sysbios_family_c28_Timer_stop__E</name>
         <load_address>0x3ea4ca</load_address>
         <run_address>0x3ea4ca</run_address>
         <size>0x10</size>
         <input_file_ref idref="fl-13"/>
      </object_component>
      <object_component id="oc-2cf">
         <name>.text:_ti_sysbios_knl_Task_restoreHwi__E</name>
         <load_address>0x3ea4da</load_address>
         <run_address>0x3ea4da</run_address>
         <size>0x10</size>
         <input_file_ref idref="fl-13"/>
      </object_component>
      <object_component id="oc-283">
         <name>.text:_xdc_runtime_SysMin_Module_startup__E</name>
         <load_address>0x3ea4ea</load_address>
         <run_address>0x3ea4ea</run_address>
         <size>0x10</size>
         <input_file_ref idref="fl-25"/>
      </object_component>
      <object_component id="oc-16f">
         <name>.text:.bootCodeSection:_ti_catalog_c2800_init_Boot_disableWatchdog</name>
         <load_address>0x3ea4fa</load_address>
         <run_address>0x3ea4fa</run_address>
         <size>0xf</size>
         <input_file_ref idref="fl-18"/>
      </object_component>
      <object_component id="oc-199">
         <name>.text:_ti_sysbios_BIOS_removeRTSLock__I</name>
         <load_address>0x3ea509</load_address>
         <run_address>0x3ea509</run_address>
         <size>0xf</size>
         <input_file_ref idref="fl-b"/>
      </object_component>
      <object_component id="oc-165">
         <name>.text:_ti_sysbios_BIOS_startFunc__I</name>
         <load_address>0x3ea518</load_address>
         <run_address>0x3ea518</run_address>
         <size>0xf</size>
         <input_file_ref idref="fl-b"/>
      </object_component>
      <object_component id="oc-1d1">
         <name>.text:_ti_sysbios_gates_GateMutex_Instance_init__E</name>
         <load_address>0x3ea527</load_address>
         <run_address>0x3ea527</run_address>
         <size>0xf</size>
         <input_file_ref idref="fl-13"/>
      </object_component>
      <object_component id="oc-16e">
         <name>.text:_xdc_runtime_Error_raiseX__E</name>
         <load_address>0x3ea536</load_address>
         <run_address>0x3ea536</run_address>
         <size>0xf</size>
         <input_file_ref idref="fl-1e"/>
      </object_component>
      <object_component id="oc-2bf">
         <name>.text:_xdc_runtime_Registry_findById__E</name>
         <load_address>0x3ea545</load_address>
         <run_address>0x3ea545</run_address>
         <size>0xf</size>
         <input_file_ref idref="fl-29"/>
      </object_component>
      <object_component id="oc-254">
         <name>.text:_ti_sysbios_knl_Semaphore_Object__destruct__S</name>
         <load_address>0x3ea554</load_address>
         <run_address>0x3ea554</run_address>
         <size>0xe</size>
         <input_file_ref idref="fl-b"/>
      </object_component>
      <object_component id="oc-2a2">
         <name>.text:_ti_sysbios_knl_Swi_Object__get__S</name>
         <load_address>0x3ea562</load_address>
         <run_address>0x3ea562</run_address>
         <size>0xe</size>
         <input_file_ref idref="fl-b"/>
      </object_component>
      <object_component id="oc-2a5">
         <name>.text:_ti_sysbios_knl_Task_Object__get__S</name>
         <load_address>0x3ea570</load_address>
         <run_address>0x3ea570</run_address>
         <size>0xe</size>
         <input_file_ref idref="fl-b"/>
      </object_component>
      <object_component id="oc-296">
         <name>.text:_xdc_runtime_LoggerBuf_Object__get__S</name>
         <load_address>0x3ea57e</load_address>
         <run_address>0x3ea57e</run_address>
         <size>0xe</size>
         <input_file_ref idref="fl-b"/>
      </object_component>
      <object_component id="oc-194">
         <name>.text:_ti_sysbios_BIOS_registerRTSLock__I</name>
         <load_address>0x3ea58c</load_address>
         <run_address>0x3ea58c</run_address>
         <size>0xd</size>
         <input_file_ref idref="fl-b"/>
      </object_component>
      <object_component id="oc-1ed">
         <name>.text:_ti_sysbios_BIOS_rtsLock__I</name>
         <load_address>0x3ea599</load_address>
         <run_address>0x3ea599</run_address>
         <size>0xd</size>
         <input_file_ref idref="fl-b"/>
      </object_component>
      <object_component id="oc-2c5">
         <name>.text:_ti_sysbios_family_c28_Hwi_dispatchC__I</name>
         <load_address>0x3ea5a6</load_address>
         <run_address>0x3ea5a6</run_address>
         <size>0xd</size>
         <input_file_ref idref="fl-13"/>
      </object_component>
      <object_component id="oc-27a">
         <name>.text:_ti_sysbios_family_c28_TaskSupport_checkStack__E</name>
         <load_address>0x3ea5b3</load_address>
         <run_address>0x3ea5b3</run_address>
         <size>0xd</size>
         <input_file_ref idref="fl-13"/>
      </object_component>
      <object_component id="oc-265">
         <name>.text:_ti_sysbios_family_c28_TaskSupport_swap__E</name>
         <load_address>0x3ea5c0</load_address>
         <run_address>0x3ea5c0</run_address>
         <size>0xd</size>
         <input_file_ref idref="fl-17"/>
      </object_component>
      <object_component id="oc-17c">
         <name>.text:_ti_sysbios_gates_GateHwi_Handle__label__S</name>
         <load_address>0x3ea5cd</load_address>
         <run_address>0x3ea5cd</run_address>
         <size>0xd</size>
         <input_file_ref idref="fl-b"/>
      </object_component>
      <object_component id="oc-18a">
         <name>.text:_ti_sysbios_gates_GateMutex_Handle__label__S</name>
         <load_address>0x3ea5da</load_address>
         <run_address>0x3ea5da</run_address>
         <size>0xd</size>
         <input_file_ref idref="fl-b"/>
      </object_component>
      <object_component id="oc-2ab">
         <name>.text:_ti_sysbios_knl_Queue_Object__destruct__S</name>
         <load_address>0x3ea5e7</load_address>
         <run_address>0x3ea5e7</run_address>
         <size>0xd</size>
         <input_file_ref idref="fl-b"/>
      </object_component>
      <object_component id="oc-2b7">
         <name>.text:_ti_sysbios_knl_Task_enter__I</name>
         <load_address>0x3ea5f4</load_address>
         <run_address>0x3ea5f4</run_address>
         <size>0xd</size>
         <input_file_ref idref="fl-13"/>
      </object_component>
      <object_component id="oc-184">
         <name>.text:_xdc_runtime_HeapStd_Handle__label__S</name>
         <load_address>0x3ea601</load_address>
         <run_address>0x3ea601</run_address>
         <size>0xd</size>
         <input_file_ref idref="fl-b"/>
      </object_component>
      <object_component id="oc-1a7">
         <name>.text:_xdc_runtime_LoggerBuf_Handle__label__S</name>
         <load_address>0x3ea60e</load_address>
         <run_address>0x3ea60e</run_address>
         <size>0xd</size>
         <input_file_ref idref="fl-b"/>
      </object_component>
      <object_component id="oc-244">
         <name>.text:_xdc_runtime_System_abort__E</name>
         <load_address>0x3ea61b</load_address>
         <run_address>0x3ea61b</run_address>
         <size>0xd</size>
         <input_file_ref idref="fl-24"/>
      </object_component>
      <object_component id="oc-166">
         <name>.text:_ti_sysbios_BIOS_exitFunc__I</name>
         <load_address>0x3ea628</load_address>
         <run_address>0x3ea628</run_address>
         <size>0xc</size>
         <input_file_ref idref="fl-b"/>
      </object_component>
      <object_component id="oc-2d0">
         <name>.text:_ti_sysbios_family_c28_Hwi_disableIER__E</name>
         <load_address>0x3ea634</load_address>
         <run_address>0x3ea634</run_address>
         <size>0xc</size>
         <input_file_ref idref="fl-b"/>
      </object_component>
      <object_component id="oc-187">
         <name>.text:_ti_sysbios_gates_GateMutex_leave__E</name>
         <load_address>0x3ea640</load_address>
         <run_address>0x3ea640</run_address>
         <size>0xc</size>
         <input_file_ref idref="fl-13"/>
      </object_component>
      <object_component id="oc-227">
         <name>.text:_ti_sysbios_knl_Queue_put__E</name>
         <load_address>0x3ea64c</load_address>
         <run_address>0x3ea64c</run_address>
         <size>0xc</size>
         <input_file_ref idref="fl-13"/>
      </object_component>
      <object_component id="oc-1c9">
         <name>.text:_xdc_runtime_Error_check__E</name>
         <load_address>0x3ea658</load_address>
         <run_address>0x3ea658</run_address>
         <size>0xc</size>
         <input_file_ref idref="fl-1e"/>
      </object_component>
      <object_component id="oc-202">
         <name>.text:_xdc_runtime_LoggerBuf_Instance_finalize__E</name>
         <load_address>0x3ea664</load_address>
         <run_address>0x3ea664</run_address>
         <size>0xc</size>
         <input_file_ref idref="fl-21"/>
      </object_component>
      <object_component id="oc-1a0">
         <name>.text:_xdc_runtime_LoggerBuf_write2__E</name>
         <load_address>0x3ea670</load_address>
         <run_address>0x3ea670</run_address>
         <size>0xc</size>
         <input_file_ref idref="fl-21"/>
      </object_component>
      <object_component id="oc-216">
         <name>.text</name>
         <load_address>0x3ea67c</load_address>
         <run_address>0x3ea67c</run_address>
         <size>0xc</size>
         <input_file_ref idref="fl-39"/>
      </object_component>
      <object_component id="oc-2a8">
         <name>.text:_ti_sysbios_family_c28_Hwi_Module__startupDone__F</name>
         <load_address>0x3ea688</load_address>
         <run_address>0x3ea688</run_address>
         <size>0xb</size>
         <input_file_ref idref="fl-b"/>
      </object_component>
      <object_component id="oc-29d">
         <name>.text:_ti_sysbios_family_c28_Hwi_Object__get__S</name>
         <load_address>0x3ea693</load_address>
         <run_address>0x3ea693</run_address>
         <size>0xb</size>
         <input_file_ref idref="fl-b"/>
      </object_component>
      <object_component id="oc-25a">
         <name>.text:_ti_sysbios_family_c28_Hwi_enableIER__E</name>
         <load_address>0x3ea69e</load_address>
         <run_address>0x3ea69e</run_address>
         <size>0xb</size>
         <input_file_ref idref="fl-b"/>
      </object_component>
      <object_component id="oc-29f">
         <name>.text:_ti_sysbios_family_c28_Timer_Module__startupDone__F</name>
         <load_address>0x3ea6a9</load_address>
         <run_address>0x3ea6a9</run_address>
         <size>0xb</size>
         <input_file_ref idref="fl-b"/>
      </object_component>
      <object_component id="oc-2b9">
         <name>.text:_ti_sysbios_knl_Queue_Object__get__S</name>
         <load_address>0x3ea6b4</load_address>
         <run_address>0x3ea6b4</run_address>
         <size>0xb</size>
         <input_file_ref idref="fl-b"/>
      </object_component>
      <object_component id="oc-1df">
         <name>.text:_ti_sysbios_knl_Task_enabled__E</name>
         <load_address>0x3ea6bf</load_address>
         <run_address>0x3ea6bf</run_address>
         <size>0xb</size>
         <input_file_ref idref="fl-13"/>
      </object_component>
      <object_component id="oc-19f">
         <name>.text:_xdc_runtime_LoggerBuf_write1__E</name>
         <load_address>0x3ea6ca</load_address>
         <run_address>0x3ea6ca</run_address>
         <size>0xb</size>
         <input_file_ref idref="fl-21"/>
      </object_component>
      <object_component id="oc-20c">
         <name>.text:_xdc_runtime_SysMin_exit__E</name>
         <load_address>0x3ea6d5</load_address>
         <run_address>0x3ea6d5</run_address>
         <size>0xb</size>
         <input_file_ref idref="fl-25"/>
      </object_component>
      <object_component id="oc-15d">
         <name>.text:_xdc_runtime_System_exit__E</name>
         <load_address>0x3ea6e0</load_address>
         <run_address>0x3ea6e0</run_address>
         <size>0xb</size>
         <input_file_ref idref="fl-24"/>
      </object_component>
      <object_component id="oc-21d">
         <name>.text:_xdc_runtime_Text_ropeText__E</name>
         <load_address>0x3ea6eb</load_address>
         <run_address>0x3ea6eb</run_address>
         <size>0xb</size>
         <input_file_ref idref="fl-26"/>
      </object_component>
      <object_component id="oc-19e">
         <name>.text:_xdc_runtime_LoggerBuf_write0__E</name>
         <load_address>0x3ea6f6</load_address>
         <run_address>0x3ea6f6</run_address>
         <size>0xa</size>
         <input_file_ref idref="fl-21"/>
      </object_component>
      <object_component id="oc-217">
         <name>.text:_xdc_runtime_Memory_free__E</name>
         <load_address>0x3ea700</load_address>
         <run_address>0x3ea700</run_address>
         <size>0xa</size>
         <input_file_ref idref="fl-22"/>
      </object_component>
      <object_component id="oc-1ee">
         <name>.text:_ti_sysbios_BIOS_rtsUnlock__I</name>
         <load_address>0x3ea70a</load_address>
         <run_address>0x3ea70a</run_address>
         <size>0x9</size>
         <input_file_ref idref="fl-b"/>
      </object_component>
      <object_component id="oc-25e">
         <name>.text:_ti_sysbios_family_c28_Hwi_restoreIER__E</name>
         <load_address>0x3ea713</load_address>
         <run_address>0x3ea713</run_address>
         <size>0x9</size>
         <input_file_ref idref="fl-b"/>
      </object_component>
      <object_component id="oc-2d9">
         <name>.text:_ti_sysbios_family_c28_TaskSupport_glue</name>
         <load_address>0x3ea71c</load_address>
         <run_address>0x3ea71c</run_address>
         <size>0x9</size>
         <input_file_ref idref="fl-17"/>
      </object_component>
      <object_component id="oc-28a">
         <name>.text:_ti_sysbios_hal_Hwi_Module_startup__E</name>
         <load_address>0x3ea725</load_address>
         <run_address>0x3ea725</run_address>
         <size>0x9</size>
         <input_file_ref idref="fl-13"/>
      </object_component>
      <object_component id="oc-2b8">
         <name>.text:_ti_sysbios_knl_Task_SupportProxy_start__E</name>
         <load_address>0x3ea72e</load_address>
         <run_address>0x3ea72e</run_address>
         <size>0x9</size>
         <input_file_ref idref="fl-b"/>
      </object_component>
      <object_component id="oc-2ba">
         <name>.text:_ti_sysbios_knl_Task_unblock__E</name>
         <load_address>0x3ea737</load_address>
         <run_address>0x3ea737</run_address>
         <size>0x9</size>
         <input_file_ref idref="fl-13"/>
      </object_component>
      <object_component id="oc-1b1">
         <name>.text:_xdc_runtime_Startup_exec__I</name>
         <load_address>0x3ea740</load_address>
         <run_address>0x3ea740</run_address>
         <size>0x9</size>
         <input_file_ref idref="fl-b"/>
      </object_component>
      <object_component id="oc-2c2">
         <name>.text:_xdc_runtime_System_vsnprintf__E</name>
         <load_address>0x3ea749</load_address>
         <run_address>0x3ea749</run_address>
         <size>0x9</size>
         <input_file_ref idref="fl-24"/>
      </object_component>
      <object_component id="oc-1e9">
         <name>.text</name>
         <load_address>0x3ea752</load_address>
         <run_address>0x3ea752</run_address>
         <size>0x9</size>
         <input_file_ref idref="fl-30"/>
      </object_component>
      <object_component id="oc-4f">
         <name>.text</name>
         <load_address>0x3ea75b</load_address>
         <run_address>0x3ea75b</run_address>
         <size>0x8</size>
         <input_file_ref idref="fl-4"/>
      </object_component>
      <object_component id="oc-19a">
         <name>.text:_ti_sysbios_BIOS_setThreadType__E</name>
         <load_address>0x3ea763</load_address>
         <run_address>0x3ea763</run_address>
         <size>0x8</size>
         <input_file_ref idref="fl-13"/>
      </object_component>
      <object_component id="oc-1d2">
         <name>.text:_ti_sysbios_gates_GateMutex_Instance_finalize__E</name>
         <load_address>0x3ea76b</load_address>
         <run_address>0x3ea76b</run_address>
         <size>0x8</size>
         <input_file_ref idref="fl-13"/>
      </object_component>
      <object_component id="oc-278">
         <name>.text:_ti_sysbios_knl_Semaphore_Instance_finalize__E</name>
         <load_address>0x3ea773</load_address>
         <run_address>0x3ea773</run_address>
         <size>0x8</size>
         <input_file_ref idref="fl-13"/>
      </object_component>
      <object_component id="oc-269">
         <name>.text:_xdc_runtime_IHeap_alloc</name>
         <load_address>0x3ea77b</load_address>
         <run_address>0x3ea77b</run_address>
         <size>0x8</size>
         <input_file_ref idref="fl-b"/>
      </object_component>
      <object_component id="oc-215">
         <name>.text:_xdc_runtime_Memory_calloc__E</name>
         <load_address>0x3ea783</load_address>
         <run_address>0x3ea783</run_address>
         <size>0x8</size>
         <input_file_ref idref="fl-22"/>
      </object_component>
      <object_component id="oc-2ca">
         <name>.text:_xdc_runtime_SysMin_ready__E</name>
         <load_address>0x3ea78b</load_address>
         <run_address>0x3ea78b</run_address>
         <size>0x8</size>
         <input_file_ref idref="fl-25"/>
      </object_component>
      <object_component id="oc-2ae">
         <name>.text</name>
         <load_address>0x3ea793</load_address>
         <run_address>0x3ea793</run_address>
         <size>0x8</size>
         <input_file_ref idref="fl-3b"/>
      </object_component>
      <object_component id="oc-159">
         <name>.text:.bootCodeSection:_ti_catalog_c2800_init_Boot_init</name>
         <load_address>0x3ea79b</load_address>
         <run_address>0x3ea79b</run_address>
         <size>0x7</size>
         <input_file_ref idref="fl-b"/>
      </object_component>
      <object_component id="oc-1aa">
         <name>.text:_ti_sysbios_knl_Queue_empty__E</name>
         <load_address>0x3ea7a2</load_address>
         <run_address>0x3ea7a2</run_address>
         <size>0x7</size>
         <input_file_ref idref="fl-13"/>
      </object_component>
      <object_component id="oc-181">
         <name>.text:_xdc_runtime_HeapStd_getStats__E</name>
         <load_address>0x3ea7a9</load_address>
         <run_address>0x3ea7a9</run_address>
         <size>0x7</size>
         <input_file_ref idref="fl-20"/>
      </object_component>
      <object_component id="oc-292">
         <name>.text:_xdc_runtime_System_aprintf__E</name>
         <load_address>0x3ea7b0</load_address>
         <run_address>0x3ea7b0</run_address>
         <size>0x7</size>
         <input_file_ref idref="fl-b"/>
      </object_component>
      <object_component id="oc-293">
         <name>.text:_xdc_runtime_System_printf__E</name>
         <load_address>0x3ea7b7</load_address>
         <run_address>0x3ea7b7</run_address>
         <size>0x7</size>
         <input_file_ref idref="fl-b"/>
      </object_component>
      <object_component id="oc-18b">
         <name>.text:_ti_sysbios_BIOS_start__E</name>
         <load_address>0x3ea7be</load_address>
         <run_address>0x3ea7be</run_address>
         <size>0x6</size>
         <input_file_ref idref="fl-13"/>
      </object_component>
      <object_component id="oc-22f">
         <name>.text:_ti_sysbios_family_c28_IntrinsicsSupport_maxbit__E</name>
         <load_address>0x3ea7c4</load_address>
         <run_address>0x3ea7c4</run_address>
         <size>0x6</size>
         <input_file_ref idref="fl-16"/>
      </object_component>
      <object_component id="oc-169">
         <name>.text:_ti_sysbios_family_c28_TimestampProvider_rolloverFunc__E</name>
         <load_address>0x3ea7ca</load_address>
         <run_address>0x3ea7ca</run_address>
         <size>0x6</size>
         <input_file_ref idref="fl-13"/>
      </object_component>
      <object_component id="oc-207">
         <name>.text:_ti_sysbios_family_c28_TimestampProvider_startTimer__E</name>
         <load_address>0x3ea7d0</load_address>
         <run_address>0x3ea7d0</run_address>
         <size>0x6</size>
         <input_file_ref idref="fl-13"/>
      </object_component>
      <object_component id="oc-1e7">
         <name>.text:_ti_sysbios_knl_Swi_disable__E</name>
         <load_address>0x3ea7d6</load_address>
         <run_address>0x3ea7d6</run_address>
         <size>0x6</size>
         <input_file_ref idref="fl-13"/>
      </object_component>
      <object_component id="oc-1e8">
         <name>.text:_ti_sysbios_knl_Task_disable__E</name>
         <load_address>0x3ea7dc</load_address>
         <run_address>0x3ea7dc</run_address>
         <size>0x6</size>
         <input_file_ref idref="fl-13"/>
      </object_component>
      <object_component id="oc-1b2">
         <name>.text:_xdc_runtime_Gate_enterSystem__E</name>
         <load_address>0x3ea7e2</load_address>
         <run_address>0x3ea7e2</run_address>
         <size>0x6</size>
         <input_file_ref idref="fl-1f"/>
      </object_component>
      <object_component id="oc-1c3">
         <name>.text:_xdc_runtime_Gate_leaveSystem__E</name>
         <load_address>0x3ea7e8</load_address>
         <run_address>0x3ea7e8</run_address>
         <size>0x6</size>
         <input_file_ref idref="fl-1f"/>
      </object_component>
      <object_component id="oc-19c">
         <name>.text:_xdc_runtime_LoggerBuf_enable__E</name>
         <load_address>0x3ea7ee</load_address>
         <run_address>0x3ea7ee</run_address>
         <size>0x6</size>
         <input_file_ref idref="fl-21"/>
      </object_component>
      <object_component id="oc-264">
         <name>.text:_ti_sysbios_family_c28_Hwi_switchFromBootStack__E</name>
         <load_address>0x3ea7f4</load_address>
         <run_address>0x3ea7f4</run_address>
         <size>0x5</size>
         <input_file_ref idref="fl-13"/>
      </object_component>
      <object_component id="oc-178">
         <name>.text:_ti_sysbios_gates_GateHwi_enter__E</name>
         <load_address>0x3ea7f9</load_address>
         <run_address>0x3ea7f9</run_address>
         <size>0x5</size>
         <input_file_ref idref="fl-13"/>
      </object_component>
      <object_component id="oc-1fd">
         <name>.text:_xdc_runtime_Error_init__E</name>
         <load_address>0x3ea7fe</load_address>
         <run_address>0x3ea7fe</run_address>
         <size>0x5</size>
         <input_file_ref idref="fl-1e"/>
      </object_component>
      <object_component id="oc-19d">
         <name>.text:_xdc_runtime_LoggerBuf_disable__E</name>
         <load_address>0x3ea803</load_address>
         <run_address>0x3ea803</run_address>
         <size>0x5</size>
         <input_file_ref idref="fl-21"/>
      </object_component>
      <object_component id="oc-2bc">
         <name>.text</name>
         <load_address>0x3ea808</load_address>
         <run_address>0x3ea808</run_address>
         <size>0x5</size>
         <input_file_ref idref="fl-3e"/>
      </object_component>
      <object_component id="oc-1f1">
         <name>.text:_ti_sysbios_family_c28_Hwi_startup__E</name>
         <load_address>0x3ea80d</load_address>
         <run_address>0x3ea80d</run_address>
         <size>0x4</size>
         <input_file_ref idref="fl-b"/>
      </object_component>
      <object_component id="oc-197">
         <name>.text:_ti_sysbios_knl_Swi_startup__E</name>
         <load_address>0x3ea811</load_address>
         <run_address>0x3ea811</run_address>
         <size>0x4</size>
         <input_file_ref idref="fl-13"/>
      </object_component>
      <object_component id="oc-24e">
         <name>.text:_xdc_runtime_IHeap_free</name>
         <load_address>0x3ea815</load_address>
         <run_address>0x3ea815</run_address>
         <size>0x4</size>
         <input_file_ref idref="fl-b"/>
      </object_component>
      <object_component id="oc-1c2">
         <name>.text:_xdc_runtime_Memory_getMaxDefaultTypeAlign__E</name>
         <load_address>0x3ea819</load_address>
         <run_address>0x3ea819</run_address>
         <size>0x4</size>
         <input_file_ref idref="fl-22"/>
      </object_component>
      <object_component id="oc-15e">
         <name>.text:___xdc__init</name>
         <load_address>0x3ea81d</load_address>
         <run_address>0x3ea81d</run_address>
         <size>0x3</size>
         <input_file_ref idref="fl-27"/>
      </object_component>
      <object_component id="oc-1ae">
         <name>.text:_ti_catalog_c2800_init_Boot_limpAbort</name>
         <load_address>0x3ea820</load_address>
         <run_address>0x3ea820</run_address>
         <size>0x3</size>
         <input_file_ref idref="fl-b"/>
      </object_component>
      <object_component id="oc-22a">
         <name>.text:_ti_sysbios_BIOS_RtsGateProxy_enter__E</name>
         <load_address>0x3ea823</load_address>
         <run_address>0x3ea823</run_address>
         <size>0x3</size>
         <input_file_ref idref="fl-b"/>
      </object_component>
      <object_component id="oc-22b">
         <name>.text:_ti_sysbios_BIOS_RtsGateProxy_leave__E</name>
         <load_address>0x3ea826</load_address>
         <run_address>0x3ea826</run_address>
         <size>0x3</size>
         <input_file_ref idref="fl-b"/>
      </object_component>
      <object_component id="oc-28f">
         <name>.text:_ti_sysbios_family_c28_Hwi_getIFR__I</name>
         <load_address>0x3ea829</load_address>
         <run_address>0x3ea829</run_address>
         <size>0x3</size>
         <input_file_ref idref="fl-14"/>
      </object_component>
      <object_component id="oc-179">
         <name>.text:_ti_sysbios_gates_GateHwi_leave__E</name>
         <load_address>0x3ea82c</load_address>
         <run_address>0x3ea82c</run_address>
         <size>0x3</size>
         <input_file_ref idref="fl-13"/>
      </object_component>
      <object_component id="oc-245">
         <name>.text:_ti_sysbios_hal_Hwi_HwiProxy_getStackInfo__E</name>
         <load_address>0x3ea82f</load_address>
         <run_address>0x3ea82f</run_address>
         <size>0x3</size>
         <input_file_ref idref="fl-b"/>
      </object_component>
      <object_component id="oc-231">
         <name>.text:_ti_sysbios_hal_Hwi_HwiProxy_switchFromBootStack__E</name>
         <load_address>0x3ea832</load_address>
         <run_address>0x3ea832</run_address>
         <size>0x3</size>
         <input_file_ref idref="fl-b"/>
      </object_component>
      <object_component id="oc-196">
         <name>.text:_ti_sysbios_hal_Hwi_startup__E</name>
         <load_address>0x3ea835</load_address>
         <run_address>0x3ea835</run_address>
         <size>0x3</size>
         <input_file_ref idref="fl-13"/>
      </object_component>
      <object_component id="oc-2a0">
         <name>.text:_ti_sysbios_knl_Clock_TimerProxy_getMaxTicks__E</name>
         <load_address>0x3ea838</load_address>
         <run_address>0x3ea838</run_address>
         <size>0x3</size>
         <input_file_ref idref="fl-b"/>
      </object_component>
      <object_component id="oc-16b">
         <name>.text:_ti_sysbios_knl_Idle_loop__E</name>
         <load_address>0x3ea83b</load_address>
         <run_address>0x3ea83b</run_address>
         <size>0x3</size>
         <input_file_ref idref="fl-13"/>
      </object_component>
      <object_component id="oc-28d">
         <name>.text:_ti_sysbios_knl_Queue_Instance_init__E</name>
         <load_address>0x3ea83e</load_address>
         <run_address>0x3ea83e</run_address>
         <size>0x3</size>
         <input_file_ref idref="fl-13"/>
      </object_component>
      <object_component id="oc-28e">
         <name>.text:_ti_sysbios_knl_Queue_destruct</name>
         <load_address>0x3ea841</load_address>
         <run_address>0x3ea841</run_address>
         <size>0x3</size>
         <input_file_ref idref="fl-b"/>
      </object_component>
      <object_component id="oc-225">
         <name>.text:_ti_sysbios_knl_Semaphore_destruct</name>
         <load_address>0x3ea844</load_address>
         <run_address>0x3ea844</run_address>
         <size>0x3</size>
         <input_file_ref idref="fl-b"/>
      </object_component>
      <object_component id="oc-261">
         <name>.text:_ti_sysbios_knl_Task_SupportProxy_checkStack__E</name>
         <load_address>0x3ea847</load_address>
         <run_address>0x3ea847</run_address>
         <size>0x3</size>
         <input_file_ref idref="fl-b"/>
      </object_component>
      <object_component id="oc-232">
         <name>.text:_ti_sysbios_knl_Task_SupportProxy_swap__E</name>
         <load_address>0x3ea84a</load_address>
         <run_address>0x3ea84a</run_address>
         <size>0x3</size>
         <input_file_ref idref="fl-b"/>
      </object_component>
      <object_component id="oc-198">
         <name>.text:_ti_sysbios_knl_Task_startup__E</name>
         <load_address>0x3ea84d</load_address>
         <run_address>0x3ea84d</run_address>
         <size>0x3</size>
         <input_file_ref idref="fl-13"/>
      </object_component>
      <object_component id="oc-1fa">
         <name>.text:_xdc_runtime_LoggerBuf_Module_GateProxy_enter__E</name>
         <load_address>0x3ea850</load_address>
         <run_address>0x3ea850</run_address>
         <size>0x3</size>
         <input_file_ref idref="fl-b"/>
      </object_component>
      <object_component id="oc-1fc">
         <name>.text:_xdc_runtime_LoggerBuf_Module_GateProxy_leave__E</name>
         <load_address>0x3ea853</load_address>
         <run_address>0x3ea853</run_address>
         <size>0x3</size>
         <input_file_ref idref="fl-b"/>
      </object_component>
      <object_component id="oc-1fb">
         <name>.text:_xdc_runtime_LoggerBuf_TimestampProxy_get64__E</name>
         <load_address>0x3ea856</load_address>
         <run_address>0x3ea856</run_address>
         <size>0x3</size>
         <input_file_ref idref="fl-b"/>
      </object_component>
[...]
         <name>_xdc_runtime_Core_deleteObject__I</name>
         <value>0x3e99d1</value>
         <object_component_ref idref="oc-1b9"/>
      </symbol>
      <symbol id="sm-8a6">
         <name>_xdc_runtime_Core_createObject__I</name>
         <value>0x3e8b7d</value>
         <object_component_ref idref="oc-1b7"/>
      </symbol>
      <symbol id="sm-8bd">
         <name>_xdc_runtime_Core_constructObject__I</name>
         <value>0x3e8ebc</value>
         <object_component_ref idref="oc-252"/>
      </symbol>
      <symbol id="sm-8cb">
         <name>_xdc_runtime_Core_assignLabel__I</name>
         <value>0x3ea200</value>
         <object_component_ref idref="oc-1ba"/>
      </symbol>
      <symbol id="sm-8d9">
         <name>_xdc_runtime_Core_assignParams__I</name>
         <value>0x3e9df6</value>
         <object_component_ref idref="oc-214"/>
      </symbol>
      <symbol id="sm-903">
         <name>_xdc_runtime_Error_getSite__E</name>
         <value>0x3ea883</value>
         <object_component_ref idref="oc-290"/>
      </symbol>
      <symbol id="sm-904">
         <name>_xdc_runtime_Error_print__E</name>
         <value>0x3e9c78</value>
         <object_component_ref idref="oc-27e"/>
      </symbol>
      <symbol id="sm-905">
         <name>_xdc_runtime_Error_policyDefault__E</name>
         <value>0x3e8f4d</value>
         <object_component_ref idref="oc-205"/>
      </symbol>
      <symbol id="sm-906">
         <name>_xdc_runtime_Error_init__E</name>
         <value>0x3ea7fe</value>
         <object_component_ref idref="oc-1fd"/>
      </symbol>
      <symbol id="sm-907">
         <name>_xdc_runtime_Error_raiseX__E</name>
         <value>0x3ea536</value>
         <object_component_ref idref="oc-16e"/>
      </symbol>
      <symbol id="sm-908">
         <name>_xdc_runtime_Error_check__E</name>
         <value>0x3ea658</value>
         <object_component_ref idref="oc-1c9"/>
      </symbol>
      <symbol id="sm-909">
         <name>_xdc_runtime_Error_setX__E</name>
         <value>0x3e9e7f</value>
         <object_component_ref idref="oc-23a"/>
      </symbol>
      <symbol id="sm-916">
         <name>_xdc_runtime_Gate_leaveSystem__E</name>
         <value>0x3ea7e8</value>
         <object_component_ref idref="oc-1c3"/>
      </symbol>
      <symbol id="sm-917">
         <name>_xdc_runtime_Gate_enterSystem__E</name>
         <value>0x3ea7e2</value>
         <object_component_ref idref="oc-1b2"/>
      </symbol>
      <symbol id="sm-956">
         <name>_xdc_runtime_HeapStd_isBlocking__E</name>
         <value>0x3ea885</value>
         <object_component_ref idref="oc-180"/>
      </symbol>
      <symbol id="sm-957">
         <name>_xdc_runtime_HeapStd_getStats__E</name>
         <value>0x3ea7a9</value>
         <object_component_ref idref="oc-181"/>
      </symbol>
      <symbol id="sm-958">
         <name>_xdc_runtime_HeapStd_free__E</name>
         <value>0x3e94cf</value>
         <object_component_ref idref="oc-17f"/>
      </symbol>
      <symbol id="sm-959">
         <name>_xdc_runtime_HeapStd_Instance_init__E</name>
         <value>0x3e8fd9</value>
         <object_component_ref idref="oc-1c8"/>
      </symbol>
      <symbol id="sm-95a">
         <name>_xdc_runtime_HeapStd_alloc__E</name>
         <value>0x3e8805</value>
         <object_component_ref idref="oc-17e"/>
      </symbol>
      <symbol id="sm-9a8">
         <name>_xdc_runtime_LoggerBuf_write0__E</name>
         <value>0x3ea6f6</value>
         <object_component_ref idref="oc-19e"/>
      </symbol>
      <symbol id="sm-9a9">
         <name>_xdc_runtime_LoggerBuf_Instance_init__E</name>
         <value>0x3e9cdb</value>
         <object_component_ref idref="oc-201"/>
      </symbol>
      <symbol id="sm-9aa">
         <name>_xdc_runtime_LoggerBuf_Module_startup__E</name>
         <value>0x3ea39d</value>
         <object_component_ref idref="oc-281"/>
      </symbol>
      <symbol id="sm-9ab">
         <name>_xdc_runtime_LoggerBuf_reset__E</name>
         <value>0x3ea40c</value>
         <object_component_ref idref="oc-236"/>
      </symbol>
      <symbol id="sm-9ac">
         <name>_xdc_runtime_LoggerBuf_Instance_finalize__E</name>
         <value>0x3ea664</value>
         <object_component_ref idref="oc-202"/>
      </symbol>
      <symbol id="sm-9ad">
         <name>_xdc_runtime_LoggerBuf_write4__E</name>
         <value>0x3e92f6</value>
         <object_component_ref idref="oc-1a1"/>
      </symbol>
      <symbol id="sm-9ae">
         <name>_xdc_runtime_LoggerBuf_getFilterLevel__E</name>
         <value>0x3e9a86</value>
         <object_component_ref idref="oc-1a4"/>
      </symbol>
      <symbol id="sm-9af">
         <name>_xdc_runtime_LoggerBuf_disable__E</name>
         <value>0x3ea803</value>
         <object_component_ref idref="oc-19d"/>
      </symbol>
      <symbol id="sm-9b0">
         <name>_xdc_runtime_LoggerBuf_setFilterLevel__E</name>
         <value>0x3e9917</value>
         <object_component_ref idref="oc-1a3"/>
      </symbol>
      <symbol id="sm-9b1">
         <name>_xdc_runtime_LoggerBuf_write8__E</name>
         <value>0x3e8abd</value>
         <object_component_ref idref="oc-1a2"/>
      </symbol>
      <symbol id="sm-9b2">
         <name>_xdc_runtime_LoggerBuf_write2__E</name>
         <value>0x3ea670</value>
         <object_component_ref idref="oc-1a0"/>
      </symbol>
      <symbol id="sm-9b3">
         <name>_LoggerBuf_instanceStartup</name>
         <value>0x3ea40c</value>
         <object_component_ref idref="oc-236"/>
      </symbol>
      <symbol id="sm-9b4">
         <name>_xdc_runtime_LoggerBuf_filterOutEvent__I</name>
         <value>0x3ea0e6</value>
         <object_component_ref idref="oc-1f7"/>
      </symbol>
      <symbol id="sm-9b5">
         <name>_xdc_runtime_LoggerBuf_write1__E</name>
         <value>0x3ea6ca</value>
         <object_component_ref idref="oc-19f"/>
      </symbol>
      <symbol id="sm-9b6">
         <name>_xdc_runtime_LoggerBuf_enable__E</name>
         <value>0x3ea7ee</value>
         <object_component_ref idref="oc-19c"/>
      </symbol>
      <symbol id="sm-9d0">
         <name>_xdc_runtime_Memory_calloc__E</name>
         <value>0x3ea783</value>
         <object_component_ref idref="oc-215"/>
      </symbol>
      <symbol id="sm-9d1">
         <name>_xdc_runtime_Memory_free__E</name>
         <value>0x3ea700</value>
         <object_component_ref idref="oc-217"/>
      </symbol>
      <symbol id="sm-9d2">
         <name>_xdc_runtime_Memory_valloc__E</name>
         <value>0x3ea2e2</value>
         <object_component_ref idref="oc-24c"/>
      </symbol>
      <symbol id="sm-9d3">
         <name>_xdc_runtime_Memory_alloc__E</name>
         <value>0x3e9956</value>
         <object_component_ref idref="oc-235"/>
      </symbol>
      <symbol id="sm-9d4">
         <name>_xdc_runtime_Memory_getMaxDefaultTypeAlign__E</name>
         <value>0x3ea819</value>
         <object_component_ref idref="oc-1c2"/>
      </symbol>
      <symbol id="sm-9f4">
         <name>_xdc_runtime_Startup_startMods__I</name>
         <value>0x3e93e8</value>
         <object_component_ref idref="oc-209"/>
      </symbol>
      <symbol id="sm-9f5">
         <name>_xdc_runtime_Startup_exec__E</name>
         <value>0x3e9caa</value>
         <object_component_ref idref="oc-15b"/>
      </symbol>
      <symbol id="sm-a7f">
         <name>_xdc_runtime_System_formatNum__I</name>
         <value>0x3e9ac2</value>
         <object_component_ref idref="oc-2cc"/>
      </symbol>
      <symbol id="sm-a80">
         <name>_xdc_runtime_System_exit__E</name>
         <value>0x3ea6e0</value>
         <object_component_ref idref="oc-15d"/>
      </symbol>
      <symbol id="sm-a81">
         <name>_xdc_runtime_System_exitStd__E</name>
         <value>0x3ea871</value>
         <object_component_ref idref="oc-1b4"/>
      </symbol>
      <symbol id="sm-a82">
         <name>_xdc_runtime_System_printf_va__F</name>
         <value>0x3ea2fa</value>
         <object_component_ref idref="oc-2b0"/>
      </symbol>
      <symbol id="sm-a83">
         <name>_xdc_runtime_System_atexit__E</name>
         <value>0x3ea08b</value>
         <object_component_ref idref="oc-193"/>
      </symbol>
      <symbol id="sm-a84">
         <name>_xdc_runtime_System_abortStd__E</name>
         <value>0x3ea86e</value>
         <object_component_ref idref="oc-280"/>
      </symbol>
      <symbol id="sm-a85">
         <name>_xdc_runtime_System_putchar__I</name>
         <value>0x3ea27f</value>
         <object_component_ref idref="oc-2cd"/>
      </symbol>
      <symbol id="sm-a86">
         <name>_xdc_runtime_System_snprintf_va__F</name>
         <value>0x3ea749</value>
         <object_component_ref idref="oc-2c2"/>
      </symbol>
      <symbol id="sm-a87">
         <name>_xdc_runtime_System_Module_startup__E</name>
         <value>0x3ea85f</value>
         <object_component_ref idref="oc-282"/>
      </symbol>
      <symbol id="sm-a88">
         <name>_xdc_runtime_System_avprintf__E</name>
         <value>0x3ea266</value>
         <object_component_ref idref="oc-2af"/>
      </symbol>
      <symbol id="sm-a89">
         <name>_xdc_runtime_System_vprintf__E</name>
         <value>0x3ea2fa</value>
         <object_component_ref idref="oc-2b0"/>
      </symbol>
      <symbol id="sm-a8a">
         <name>_xdc_runtime_System_aprintf_va__F</name>
         <value>0x3ea266</value>
         <object_component_ref idref="oc-2af"/>
      </symbol>
      <symbol id="sm-a8b">
         <name>_xdc_runtime_System_doPrint__I</name>
         <value>0x3e8000</value>
         <object_component_ref idref="oc-2c4"/>
      </symbol>
      <symbol id="sm-a8c">
         <name>_xdc_runtime_System_processAtExit__E</name>
         <value>0x3e9fc3</value>
         <object_component_ref idref="oc-174"/>
      </symbol>
      <symbol id="sm-a8d">
         <name>_xdc_runtime_System_vsnprintf__E</name>
         <value>0x3ea749</value>
         <object_component_ref idref="oc-2c2"/>
      </symbol>
      <symbol id="sm-a8e">
         <name>_xdc_runtime_System_abort__E</name>
         <value>0x3ea61b</value>
         <object_component_ref idref="oc-244"/>
      </symbol>
      <symbol id="sm-aac">
         <name>_xdc_runtime_SysMin_abort__E</name>
         <value>0x3ea422</value>
         <object_component_ref idref="oc-27f"/>
      </symbol>
      <symbol id="sm-aad">
         <name>_xdc_runtime_SysMin_ready__E</name>
         <value>0x3ea78b</value>
         <object_component_ref idref="oc-2ca"/>
      </symbol>
      <symbol id="sm-aae">
         <name>_xdc_runtime_SysMin_flush__E</name>
         <value>0x3e9f9d</value>
         <object_component_ref idref="oc-24b"/>
      </symbol>
      <symbol id="sm-aaf">
         <name>_xdc_runtime_SysMin_Module_startup__E</name>
         <value>0x3ea4ea</value>
         <object_component_ref idref="oc-283"/>
      </symbol>
      <symbol id="sm-ab0">
         <name>_xdc_runtime_SysMin_putch__E</name>
         <value>0x3ea178</value>
         <object_component_ref idref="oc-294"/>
      </symbol>
      <symbol id="sm-ab1">
         <name>_xdc_runtime_SysMin_exit__E</name>
         <value>0x3ea6d5</value>
         <object_component_ref idref="oc-20c"/>
      </symbol>
      <symbol id="sm-aef">
         <name>_xdc_runtime_Text_putLab__E</name>
         <value>0x3e9898</value>
         <object_component_ref idref="oc-2da"/>
      </symbol>
      <symbol id="sm-af0">
         <name>_xdc_runtime_Text_printVisFxn__I</name>
         <value>0x3ea312</value>
         <object_component_ref idref="oc-2c1"/>
      </symbol>
      <symbol id="sm-af1">
         <name>_xdc_runtime_Text_putMod__E</name>
         <value>0x3e9b35</value>
         <object_component_ref idref="oc-2ac"/>
      </symbol>
      <symbol id="sm-af2">
         <name>_xdc_runtime_Text_cordText__E</name>
         <value>0x3ea496</value>
         <object_component_ref idref="oc-218"/>
      </symbol>
      <symbol id="sm-af3">
         <name>_xdc_runtime_Text_xprintf__I</name>
         <value>0x3e9f50</value>
         <object_component_ref idref="oc-2ad"/>
      </symbol>
      <symbol id="sm-af4">
         <name>_xdc_runtime_Text_ropeText__E</name>
         <value>0x3ea6eb</value>
         <object_component_ref idref="oc-21d"/>
      </symbol>
      <symbol id="sm-af5">
         <name>_xdc_runtime_Text_putSite__E</name>
         <value>0x3e9611</value>
         <object_component_ref idref="oc-291"/>
      </symbol>
      <symbol id="sm-b00">
         <name>___xdc__init</name>
         <value>0x3ea81d</value>
         <object_component_ref idref="oc-15e"/>
      </symbol>
      <symbol id="sm-b1e">
         <name>_xdc_runtime_Registry_findById__E</name>
         <value>0x3ea545</value>
         <object_component_ref idref="oc-2bf"/>
      </symbol>
      <symbol id="sm-b34">
         <name>_c_int00</name>
         <value>0x3e9673</value>
         <object_component_ref idref="oc-47"/>
      </symbol>
      <symbol id="sm-b35">
         <name>__stack</name>
         <value>0x8020</value>
         <object_component_ref idref="oc-106"/>
      </symbol>
      <symbol id="sm-b4a">
         <name>__unlock</name>
         <value>0x6a6</value>
         <object_component_ref idref="oc-228"/>
      </symbol>
      <symbol id="sm-b4b">
         <name>__lock</name>
         <value>0x6a4</value>
         <object_component_ref idref="oc-229"/>
      </symbol>
      <symbol id="sm-b4c">
         <name>__register_lock</name>
         <value>0x3ea756</value>
         <object_component_ref idref="oc-1e9"/>
      </symbol>
      <symbol id="sm-b4d">
         <name>__nop</name>
         <value>0x3ea75a</value>
         <object_component_ref idref="oc-1e9"/>
      </symbol>
      <symbol id="sm-b4e">
         <name>__register_unlock</name>
         <value>0x3ea752</value>
         <object_component_ref idref="oc-1e9"/>
      </symbol>
      <symbol id="sm-b5e">
         <name>__args_main</name>
         <value>0x3ea298</value>
         <object_component_ref idref="oc-15c"/>
      </symbol>
      <symbol id="sm-b74">
         <name>_copy_in</name>
         <value>0x3e980e</value>
         <object_component_ref idref="oc-15a"/>
      </symbol>
      <symbol id="sm-b83">
         <name>_ppcopy</name>
         <value>0x3ea21a</value>
         <object_component_ref idref="oc-119"/>
      </symbol>
      <symbol id="sm-b84">
         <name>_dpcopy</name>
         <value>0x3ea21a</value>
         <object_component_ref idref="oc-119"/>
      </symbol>
      <symbol id="sm-b85">
         <name>_pdcopy</name>
         <value>0x3ea21a</value>
         <object_component_ref idref="oc-119"/>
      </symbol>
      <symbol id="sm-b86">
         <name>_ddcopy</name>
         <value>0x3ea21a</value>
         <object_component_ref idref="oc-119"/>
      </symbol>
      <symbol id="sm-b9a">
         <name>C$$EXIT</name>
         <value>0x3ea2b1</value>
         <object_component_ref idref="oc-20d"/>
      </symbol>
      <symbol id="sm-b9b">
         <name>_exit</name>
         <value>0x3ea2b3</value>
         <object_component_ref idref="oc-20d"/>
      </symbol>
      <symbol id="sm-b9c">
         <name>___TI_cleanup_ptr</name>
         <value>0x6a0</value>
         <object_component_ref idref="oc-120"/>
      </symbol>
      <symbol id="sm-b9d">
         <name>_abort</name>
         <value>0x3ea2b1</value>
         <object_component_ref idref="oc-20d"/>
      </symbol>
      <symbol id="sm-b9e">
         <name>___TI_dtors_ptr</name>
         <value>0x6a2</value>
         <object_component_ref idref="oc-120"/>
      </symbol>
      <symbol id="sm-baf">
         <name>FS$$MPY</name>
         <value>0x3e96d4</value>
         <object_component_ref idref="oc-125"/>
      </symbol>
      <symbol id="sm-bc2">
         <name>FS$$TOL</name>
         <value>0x3e9f27</value>
         <object_component_ref idref="oc-12a"/>
      </symbol>
      <symbol id="sm-bee">
         <name>ULL$$MOD</name>
         <value>0x3e87a3</value>
         <object_component_ref idref="oc-12f"/>
      </symbol>
      <symbol id="sm-bef">
         <name>ULL$$DIV</name>
         <value>0x3e8774</value>
         <object_component_ref idref="oc-12f"/>
      </symbol>
      <symbol id="sm-bf0">
         <name>LL$$MOD</name>
         <value>0x3e873a</value>
         <object_component_ref idref="oc-12f"/>
      </symbol>
      <symbol id="sm-bf1">
         <name>LL$$DIV</name>
         <value>0x3e86fe</value>
         <object_component_ref idref="oc-12f"/>
      </symbol>
      <symbol id="sm-c03">
         <name>_memcpy</name>
         <value>0x3ea15b</value>
         <object_component_ref idref="oc-18d"/>
      </symbol>
      <symbol id="sm-c12">
         <name>_memset</name>
         <value>0x3ea67c</value>
         <object_component_ref idref="oc-216"/>
      </symbol>
      <symbol id="sm-c2a">
         <name>_strlen</name>
         <value>0x3ea793</value>
         <object_component_ref idref="oc-2ae"/>
      </symbol>
      <symbol id="sm-c3e">
         <name>_HOSTopen</name>
         <value>0x3e831c</value>
         <object_component_ref idref="oc-2a9"/>
      </symbol>
      <symbol id="sm-c3f">
         <name>_HOSTread</name>
         <value>0x3e82e4</value>
         <object_component_ref idref="oc-2a9"/>
      </symbol>
      <symbol id="sm-c40">
         <name>_HOSTgetenv</name>
         <value>0x3e839b</value>
         <object_component_ref idref="oc-2a9"/>
      </symbol>
      <symbol id="sm-c41">
         <name>_HOSTtime</name>
         <value>0x3e827b</value>
         <object_component_ref idref="oc-2a9"/>
      </symbol>
      <symbol id="sm-c42">
         <name>_HOSTrename</name>
         <value>0x3e82a4</value>
         <object_component_ref idref="oc-2a9"/>
      </symbol>
      <symbol id="sm-c43">
         <name>_HOSTclock</name>
         <value>0x3e83eb</value>
         <object_component_ref idref="oc-2a9"/>
      </symbol>
      <symbol id="sm-c44">
         <name>_HOSTwrite</name>
         <value>0x3e821d</value>
         <object_component_ref idref="oc-2a9"/>
      </symbol>
      <symbol id="sm-c45">
         <name>_HOSTlseek</name>
         <value>0x3e8355</value>
         <object_component_ref idref="oc-2a9"/>
      </symbol>
      <symbol id="sm-c46">
         <name>_HOSTunlink</name>
         <value>0x3e8255</value>
         <object_component_ref idref="oc-2a9"/>
      </symbol>
      <symbol id="sm-c47">
         <name>_HOSTclose</name>
         <value>0x3e83c3</value>
         <object_component_ref idref="oc-2a9"/>
      </symbol>
      <symbol id="sm-c60">
         <name>___TI_readmsg</name>
         <value>0x3e8e80</value>
         <object_component_ref idref="oc-2bb"/>
      </symbol>
      <symbol id="sm-c61">
         <name>C$$IO$$</name>
         <value>0x3e8e7b</value>
         <object_component_ref idref="oc-2bb"/>
      </symbol>
      <symbol id="sm-c62">
         <name>__CIOBUF_</name>
         <value>0x8440</value>
         <object_component_ref idref="oc-14f"/>
      </symbol>
      <symbol id="sm-c63">
         <name>___TI_writemsg</name>
         <value>0x3e8e28</value>
         <object_component_ref idref="oc-2bb"/>
      </symbol>
      <symbol id="sm-c71">
         <name>_strcpy</name>
         <value>0x3ea808</value>
         <object_component_ref idref="oc-2bc"/>
      </symbol>
   </symbol_table>
   <title>Link successful</title>
</link_info>
